{"level":"info","message":"AI browser-compatibility-subai 开始浏览器兼容性适配","timestamp":"2026-02-02T07:29:18.053Z"}
{"level":"info","message":"AI browser-compatibility-subai 运行浏览器兼容性诊断","timestamp":"2026-02-02T07:29:18.054Z"}
{"level":"info","message":"AI browser-compatibility-subai 诊断HTML结构","timestamp":"2026-02-02T07:29:18.054Z"}
{"level":"info","message":"AI browser-compatibility-subai 诊断CSS兼容性","timestamp":"2026-02-02T07:29:18.092Z"}
{"level":"info","message":"AI browser-compatibility-subai 诊断JavaScript兼容性","timestamp":"2026-02-02T07:29:18.119Z"}
{"level":"info","message":"AI browser-compatibility-subai 诊断响应式设计","timestamp":"2026-02-02T07:29:18.143Z"}
{"level":"info","message":"AI browser-compatibility-subai 诊断资源加载","timestamp":"2026-02-02T07:29:18.156Z"}
{"level":"info","message":"AI browser-compatibility-subai 浏览器兼容性诊断完成","timestamp":"2026-02-02T07:29:18.166Z"}
{"level":"info","message":"AI browser-compatibility-subai 开始修复浏览器兼容性问题","timestamp":"2026-02-02T07:29:18.166Z"}
{"level":"info","message":"   修复问题: 缺少meta charset声明","timestamp":"2026-02-02T07:29:18.167Z"}
{"level":"info","message":"   结果: success - HTML问题已修复","timestamp":"2026-02-02T07:29:18.167Z"}
{"level":"info","message":"   修复问题: 缺少viewport meta标签","timestamp":"2026-02-02T07:29:18.167Z"}
{"level":"info","message":"   结果: success - HTML问题已修复","timestamp":"2026-02-02T07:29:18.167Z"}
{"level":"info","message":"   修复问题: 缺少meta charset声明","timestamp":"2026-02-02T07:29:18.167Z"}
{"level":"info","message":"   结果: success - HTML问题已修复","timestamp":"2026-02-02T07:29:18.168Z"}
{"level":"info","message":"   修复问题: 缺少viewport meta标签","timestamp":"2026-02-02T07:29:18.168Z"}
{"level":"info","message":"   结果: success - HTML问题已修复","timestamp":"2026-02-02T07:29:18.168Z"}
{"level":"info","message":"   修复问题: 使用了flex布局（需要检查兼容性）","timestamp":"2026-02-02T07:29:18.168Z"}
{"level":"info","message":"   结果: success - CSS问题已修复","timestamp":"2026-02-02T07:29:18.168Z"}
{"level":"info","message":"   修复问题: 使用了CSS变量（需要检查兼容性）","timestamp":"2026-02-02T07:29:18.168Z"}
{"level":"info","message":"   结果: success - CSS问题已修复","timestamp":"2026-02-02T07:29:18.169Z"}
{"level":"info","message":"   修复问题: 使用了grid布局（需要检查兼容性）","timestamp":"2026-02-02T07:29:18.169Z"}
{"level":"info","message":"   结果: success - CSS问题已修复","timestamp":"2026-02-02T07:29:18.170Z"}
{"level":"info","message":"   修复问题: 使用了CSS变量（需要检查兼容性）","timestamp":"2026-02-02T07:29:18.170Z"}
{"level":"info","message":"   结果: success - CSS问题已修复","timestamp":"2026-02-02T07:29:18.171Z"}
{"level":"info","message":"   修复问题: 使用了flex布局（需要检查兼容性）","timestamp":"2026-02-02T07:29:18.171Z"}
{"level":"info","message":"   结果: success - CSS问题已修复","timestamp":"2026-02-02T07:29:18.171Z"}
{"level":"info","message":"   修复问题: 使用了CSS变量（需要检查兼容性）","timestamp":"2026-02-02T07:29:18.171Z"}
{"level":"info","message":"   结果: success - CSS问题已修复","timestamp":"2026-02-02T07:29:18.171Z"}
{"level":"info","message":"   修复问题: 使用了flex布局（需要检查兼容性）","timestamp":"2026-02-02T07:29:18.171Z"}
{"level":"info","message":"   结果: success - CSS问题已修复","timestamp":"2026-02-02T07:29:18.172Z"}
{"level":"info","message":"   修复问题: 使用了grid布局（需要检查兼容性）","timestamp":"2026-02-02T07:29:18.172Z"}
{"level":"info","message":"   结果: success - CSS问题已修复","timestamp":"2026-02-02T07:29:18.172Z"}
{"level":"info","message":"   修复问题: 使用了CSS变量（需要检查兼容性）","timestamp":"2026-02-02T07:29:18.172Z"}
{"level":"info","message":"   结果: success - CSS问题已修复","timestamp":"2026-02-02T07:29:18.172Z"}
{"level":"info","message":"   修复问题: 使用了CSS变量（需要检查兼容性）","timestamp":"2026-02-02T07:29:18.172Z"}
{"level":"info","message":"   结果: success - CSS问题已修复","timestamp":"2026-02-02T07:29:18.173Z"}
{"level":"info","message":"   修复问题: 使用了浏览器前缀transition","timestamp":"2026-02-02T07:29:18.173Z"}
{"level":"info","message":"   结果: success - CSS问题已修复","timestamp":"2026-02-02T07:29:18.173Z"}
{"level":"info","message":"   修复问题: 使用了CSS变量（需要检查兼容性）","timestamp":"2026-02-02T07:29:18.173Z"}
{"level":"info","message":"   结果: success - CSS问题已修复","timestamp":"2026-02-02T07:29:18.173Z"}
{"level":"info","message":"   修复问题: 使用了flex布局（需要检查兼容性）","timestamp":"2026-02-02T07:29:18.173Z"}
{"level":"info","message":"   结果: success - CSS问题已修复","timestamp":"2026-02-02T07:29:18.173Z"}
{"level":"info","message":"   修复问题: 使用了grid布局（需要检查兼容性）","timestamp":"2026-02-02T07:29:18.173Z"}
{"level":"info","message":"   结果: success - CSS问题已修复","timestamp":"2026-02-02T07:29:18.173Z"}
{"level":"info","message":"   修复问题: 使用了CSS变量（需要检查兼容性）","timestamp":"2026-02-02T07:29:18.173Z"}
{"level":"info","message":"   结果: success - CSS问题已修复","timestamp":"2026-02-02T07:29:18.173Z"}
{"level":"info","message":"   修复问题: 使用了flex布局（需要检查兼容性）","timestamp":"2026-02-02T07:29:18.173Z"}
{"level":"info","message":"   结果: success - CSS问题已修复","timestamp":"2026-02-02T07:29:18.174Z"}
{"level":"info","message":"   修复问题: 使用了grid布局（需要检查兼容性）","timestamp":"2026-02-02T07:29:18.174Z"}
{"level":"info","message":"   结果: success - CSS问题已修复","timestamp":"2026-02-02T07:29:18.174Z"}
{"level":"info","message":"   修复问题: 使用了CSS变量（需要检查兼容性）","timestamp":"2026-02-02T07:29:18.174Z"}
{"level":"info","message":"   结果: success - CSS问题已修复","timestamp":"2026-02-02T07:29:18.174Z"}
{"level":"info","message":"   修复问题: 使用了CSS变量（需要检查兼容性）","timestamp":"2026-02-02T07:29:18.174Z"}
{"level":"info","message":"   结果: success - CSS问题已修复","timestamp":"2026-02-02T07:29:18.175Z"}
{"level":"info","message":"   修复问题: 使用了flex布局（需要检查兼容性）","timestamp":"2026-02-02T07:29:18.175Z"}
{"level":"info","message":"   结果: success - CSS问题已修复","timestamp":"2026-02-02T07:29:18.175Z"}
{"level":"info","message":"   修复问题: 使用了grid布局（需要检查兼容性）","timestamp":"2026-02-02T07:29:18.175Z"}
{"level":"info","message":"   结果: success - CSS问题已修复","timestamp":"2026-02-02T07:29:18.176Z"}
{"level":"info","message":"   修复问题: 使用了CSS变量（需要检查兼容性）","timestamp":"2026-02-02T07:29:18.176Z"}
{"level":"info","message":"   结果: success - CSS问题已修复","timestamp":"2026-02-02T07:29:18.176Z"}
{"level":"info","message":"   修复问题: 使用了CSS变量（需要检查兼容性）","timestamp":"2026-02-02T07:29:18.176Z"}
{"level":"info","message":"   结果: success - CSS问题已修复","timestamp":"2026-02-02T07:29:18.176Z"}
{"level":"info","message":"   修复问题: 使用了CSS变量（需要检查兼容性）","timestamp":"2026-02-02T07:29:18.176Z"}
{"level":"info","message":"   结果: success - CSS问题已修复","timestamp":"2026-02-02T07:29:18.176Z"}
{"level":"info","message":"   修复问题: 使用了CSS变量（需要检查兼容性）","timestamp":"2026-02-02T07:29:18.176Z"}
{"level":"info","message":"   结果: success - CSS问题已修复","timestamp":"2026-02-02T07:29:18.177Z"}
{"level":"info","message":"   修复问题: 使用了flex布局（需要检查兼容性）","timestamp":"2026-02-02T07:29:18.177Z"}
{"level":"info","message":"   结果: success - CSS问题已修复","timestamp":"2026-02-02T07:29:18.177Z"}
{"level":"info","message":"   修复问题: 使用了CSS变量（需要检查兼容性）","timestamp":"2026-02-02T07:29:18.177Z"}
{"level":"info","message":"   结果: success - CSS问题已修复","timestamp":"2026-02-02T07:29:18.178Z"}
{"level":"info","message":"   修复问题: 使用了flex布局（需要检查兼容性）","timestamp":"2026-02-02T07:29:18.178Z"}
{"level":"info","message":"   结果: success - CSS问题已修复","timestamp":"2026-02-02T07:29:18.178Z"}
{"level":"info","message":"   修复问题: 使用了grid布局（需要检查兼容性）","timestamp":"2026-02-02T07:29:18.178Z"}
{"level":"info","message":"   结果: success - CSS问题已修复","timestamp":"2026-02-02T07:29:18.178Z"}
{"level":"info","message":"   修复问题: 使用了CSS变量（需要检查兼容性）","timestamp":"2026-02-02T07:29:18.178Z"}
{"level":"info","message":"   结果: success - CSS问题已修复","timestamp":"2026-02-02T07:29:18.178Z"}
{"level":"info","message":"   修复问题: 使用了CSS变量（需要检查兼容性）","timestamp":"2026-02-02T07:29:18.178Z"}
{"level":"info","message":"   结果: success - CSS问题已修复","timestamp":"2026-02-02T07:29:18.178Z"}
{"level":"info","message":"   修复问题: 使用了CSS变量（需要检查兼容性）","timestamp":"2026-02-02T07:29:18.178Z"}
{"level":"info","message":"   结果: success - CSS问题已修复","timestamp":"2026-02-02T07:29:18.178Z"}
{"level":"info","message":"   修复问题: 使用了浏览器前缀transition","timestamp":"2026-02-02T07:29:18.178Z"}
{"level":"info","message":"   结果: success - CSS问题已修复","timestamp":"2026-02-02T07:29:18.178Z"}
{"level":"info","message":"   修复问题: 使用了浏览器前缀transform","timestamp":"2026-02-02T07:29:18.178Z"}
{"level":"info","message":"   结果: success - CSS问题已修复","timestamp":"2026-02-02T07:29:18.178Z"}
{"level":"info","message":"   修复问题: 使用了浏览器前缀animation","timestamp":"2026-02-02T07:29:18.179Z"}
{"level":"info","message":"   结果: success - CSS问题已修复","timestamp":"2026-02-02T07:29:18.179Z"}
{"level":"info","message":"   修复问题: 使用了flex布局（需要检查兼容性）","timestamp":"2026-02-02T07:29:18.179Z"}
{"level":"info","message":"   结果: success - CSS问题已修复","timestamp":"2026-02-02T07:29:18.179Z"}
{"level":"info","message":"   修复问题: 使用了CSS变量（需要检查兼容性）","timestamp":"2026-02-02T07:29:18.179Z"}
{"level":"info","message":"   结果: success - CSS问题已修复","timestamp":"2026-02-02T07:29:18.179Z"}
{"level":"info","message":"   修复问题: 使用了CSS变量（需要检查兼容性）","timestamp":"2026-02-02T07:29:18.179Z"}
{"level":"info","message":"   结果: success - CSS问题已修复","timestamp":"2026-02-02T07:29:18.179Z"}
{"level":"info","message":"   修复问题: 使用了flex布局（需要检查兼容性）","timestamp":"2026-02-02T07:29:18.179Z"}
{"level":"info","message":"   结果: success - CSS问题已修复","timestamp":"2026-02-02T07:29:18.179Z"}
{"level":"info","message":"   修复问题: 使用了CSS变量（需要检查兼容性）","timestamp":"2026-02-02T07:29:18.179Z"}
{"level":"info","message":"   结果: success - CSS问题已修复","timestamp":"2026-02-02T07:29:18.180Z"}
{"level":"info","message":"   修复问题: 使用了浏览器前缀transition","timestamp":"2026-02-02T07:29:18.180Z"}
{"level":"info","message":"   结果: success - CSS问题已修复","timestamp":"2026-02-02T07:29:18.180Z"}
{"level":"info","message":"   修复问题: 使用了CSS变量（需要检查兼容性）","timestamp":"2026-02-02T07:29:18.180Z"}
{"level":"info","message":"   结果: success - CSS问题已修复","timestamp":"2026-02-02T07:29:18.180Z"}
{"level":"info","message":"   修复问题: 使用了flex布局（需要检查兼容性）","timestamp":"2026-02-02T07:29:18.180Z"}
{"level":"info","message":"   结果: success - CSS问题已修复","timestamp":"2026-02-02T07:29:18.181Z"}
{"level":"info","message":"   修复问题: 使用了grid布局（需要检查兼容性）","timestamp":"2026-02-02T07:29:18.181Z"}
{"level":"info","message":"   结果: success - CSS问题已修复","timestamp":"2026-02-02T07:29:18.181Z"}
{"level":"info","message":"   修复问题: 使用了CSS变量（需要检查兼容性）","timestamp":"2026-02-02T07:29:18.181Z"}
{"level":"info","message":"   结果: success - CSS问题已修复","timestamp":"2026-02-02T07:29:18.181Z"}
{"level":"info","message":"   修复问题: 使用了CSS变量（需要检查兼容性）","timestamp":"2026-02-02T07:29:18.181Z"}
{"level":"info","message":"   结果: success - CSS问题已修复","timestamp":"2026-02-02T07:29:18.181Z"}
{"level":"info","message":"   修复问题: 使用了flex布局（需要检查兼容性）","timestamp":"2026-02-02T07:29:18.181Z"}
{"level":"info","message":"   结果: success - CSS问题已修复","timestamp":"2026-02-02T07:29:18.181Z"}
{"level":"info","message":"   修复问题: 使用了CSS变量（需要检查兼容性）","timestamp":"2026-02-02T07:29:18.182Z"}
{"level":"info","message":"   结果: success - CSS问题已修复","timestamp":"2026-02-02T07:29:18.182Z"}
{"level":"info","message":"   修复问题: 使用了flex布局（需要检查兼容性）","timestamp":"2026-02-02T07:29:18.182Z"}
{"level":"info","message":"   结果: success - CSS问题已修复","timestamp":"2026-02-02T07:29:18.182Z"}
{"level":"info","message":"   修复问题: 使用了CSS变量（需要检查兼容性）","timestamp":"2026-02-02T07:29:18.182Z"}
{"level":"info","message":"   结果: success - CSS问题已修复","timestamp":"2026-02-02T07:29:18.182Z"}
{"level":"info","message":"   修复问题: 使用了CSS变量（需要检查兼容性）","timestamp":"2026-02-02T07:29:18.182Z"}
{"level":"info","message":"   结果: success - CSS问题已修复","timestamp":"2026-02-02T07:29:18.182Z"}
{"level":"info","message":"   修复问题: 使用了flex布局（需要检查兼容性）","timestamp":"2026-02-02T07:29:18.182Z"}
{"level":"info","message":"   结果: success - CSS问题已修复","timestamp":"2026-02-02T07:29:18.183Z"}
{"level":"info","message":"   修复问题: 使用了CSS变量（需要检查兼容性）","timestamp":"2026-02-02T07:29:18.183Z"}
{"level":"info","message":"   结果: success - CSS问题已修复","timestamp":"2026-02-02T07:29:18.183Z"}
{"level":"info","message":"   修复问题: 使用了flex布局（需要检查兼容性）","timestamp":"2026-02-02T07:29:18.183Z"}
{"level":"info","message":"   结果: success - CSS问题已修复","timestamp":"2026-02-02T07:29:18.183Z"}
{"level":"info","message":"   修复问题: 使用了CSS变量（需要检查兼容性）","timestamp":"2026-02-02T07:29:18.183Z"}
{"level":"info","message":"   结果: success - CSS问题已修复","timestamp":"2026-02-02T07:29:18.183Z"}
{"level":"info","message":"   修复问题: 使用了CSS变量（需要检查兼容性）","timestamp":"2026-02-02T07:29:18.183Z"}
{"level":"info","message":"   结果: success - CSS问题已修复","timestamp":"2026-02-02T07:29:18.183Z"}
{"level":"info","message":"   修复问题: 使用了flex布局（需要检查兼容性）","timestamp":"2026-02-02T07:29:18.183Z"}
{"level":"info","message":"   结果: success - CSS问题已修复","timestamp":"2026-02-02T07:29:18.183Z"}
{"level":"info","message":"   修复问题: 使用了CSS变量（需要检查兼容性）","timestamp":"2026-02-02T07:29:18.183Z"}
{"level":"info","message":"   结果: success - CSS问题已修复","timestamp":"2026-02-02T07:29:18.183Z"}
{"level":"info","message":"   修复问题: 使用了flex布局（需要检查兼容性）","timestamp":"2026-02-02T07:29:18.183Z"}
{"level":"info","message":"   结果: success - CSS问题已修复","timestamp":"2026-02-02T07:29:18.183Z"}
{"level":"info","message":"   修复问题: 使用了CSS变量（需要检查兼容性）","timestamp":"2026-02-02T07:29:18.183Z"}
{"level":"info","message":"   结果: success - CSS问题已修复","timestamp":"2026-02-02T07:29:18.184Z"}
{"level":"info","message":"   修复问题: 使用了flex布局（需要检查兼容性）","timestamp":"2026-02-02T07:29:18.184Z"}
{"level":"info","message":"   结果: success - CSS问题已修复","timestamp":"2026-02-02T07:29:18.184Z"}
{"level":"info","message":"   修复问题: 使用了CSS变量（需要检查兼容性）","timestamp":"2026-02-02T07:29:18.184Z"}
{"level":"info","message":"   结果: success - CSS问题已修复","timestamp":"2026-02-02T07:29:18.184Z"}
{"level":"info","message":"   修复问题: 使用了flex布局（需要检查兼容性）","timestamp":"2026-02-02T07:29:18.184Z"}
{"level":"info","message":"   结果: success - CSS问题已修复","timestamp":"2026-02-02T07:29:18.184Z"}
{"level":"info","message":"   修复问题: 使用了CSS变量（需要检查兼容性）","timestamp":"2026-02-02T07:29:18.184Z"}
{"level":"info","message":"   结果: success - CSS问题已修复","timestamp":"2026-02-02T07:29:18.184Z"}
{"level":"info","message":"   修复问题: 使用了flex布局（需要检查兼容性）","timestamp":"2026-02-02T07:29:18.184Z"}
{"level":"info","message":"   结果: success - CSS问题已修复","timestamp":"2026-02-02T07:29:18.184Z"}
{"level":"info","message":"   修复问题: 使用了CSS变量（需要检查兼容性）","timestamp":"2026-02-02T07:29:18.184Z"}
{"level":"info","message":"   结果: success - CSS问题已修复","timestamp":"2026-02-02T07:29:18.184Z"}
{"level":"info","message":"   修复问题: 使用了浏览器前缀transition","timestamp":"2026-02-02T07:29:18.184Z"}
{"level":"info","message":"   结果: success - CSS问题已修复","timestamp":"2026-02-02T07:29:18.185Z"}
{"level":"info","message":"   修复问题: 使用了浏览器前缀transform","timestamp":"2026-02-02T07:29:18.185Z"}
{"level":"info","message":"   结果: success - CSS问题已修复","timestamp":"2026-02-02T07:29:18.186Z"}
{"level":"info","message":"   修复问题: 使用了浏览器前缀animation","timestamp":"2026-02-02T07:29:18.186Z"}
{"level":"info","message":"   结果: success - CSS问题已修复","timestamp":"2026-02-02T07:29:18.186Z"}
{"level":"info","message":"   修复问题: 使用了flex布局（需要检查兼容性）","timestamp":"2026-02-02T07:29:18.186Z"}
{"level":"info","message":"   结果: success - CSS问题已修复","timestamp":"2026-02-02T07:29:18.187Z"}
{"level":"info","message":"   修复问题: 使用了grid布局（需要检查兼容性）","timestamp":"2026-02-02T07:29:18.187Z"}
{"level":"info","message":"   结果: success - CSS问题已修复","timestamp":"2026-02-02T07:29:18.187Z"}
{"level":"info","message":"   修复问题: 使用了CSS变量（需要检查兼容性）","timestamp":"2026-02-02T07:29:18.187Z"}
{"level":"info","message":"   结果: success - CSS问题已修复","timestamp":"2026-02-02T07:29:18.188Z"}
{"level":"info","message":"   修复问题: 使用了flex布局（需要检查兼容性）","timestamp":"2026-02-02T07:29:18.188Z"}
{"level":"info","message":"   结果: success - CSS问题已修复","timestamp":"2026-02-02T07:29:18.188Z"}
{"level":"info","message":"   修复问题: 使用了CSS变量（需要检查兼容性）","timestamp":"2026-02-02T07:29:18.188Z"}
{"level":"info","message":"   结果: success - CSS问题已修复","timestamp":"2026-02-02T07:29:18.188Z"}
{"level":"info","message":"   修复问题: 使用了flex布局（需要检查兼容性）","timestamp":"2026-02-02T07:29:18.188Z"}
{"level":"info","message":"   结果: success - CSS问题已修复","timestamp":"2026-02-02T07:29:18.188Z"}
{"level":"info","message":"   修复问题: 使用了grid布局（需要检查兼容性）","timestamp":"2026-02-02T07:29:18.188Z"}
{"level":"info","message":"   结果: success - CSS问题已修复","timestamp":"2026-02-02T07:29:18.189Z"}
{"level":"info","message":"   修复问题: 使用了CSS变量（需要检查兼容性）","timestamp":"2026-02-02T07:29:18.189Z"}
{"level":"info","message":"   结果: success - CSS问题已修复","timestamp":"2026-02-02T07:29:18.189Z"}
{"level":"info","message":"   修复问题: 使用了flex布局（需要检查兼容性）","timestamp":"2026-02-02T07:29:18.189Z"}
{"level":"info","message":"   结果: success - CSS问题已修复","timestamp":"2026-02-02T07:29:18.189Z"}
{"level":"info","message":"   修复问题: 使用了grid布局（需要检查兼容性）","timestamp":"2026-02-02T07:29:18.189Z"}
{"level":"info","message":"   结果: success - CSS问题已修复","timestamp":"2026-02-02T07:29:18.190Z"}
{"level":"info","message":"   修复问题: 使用了CSS变量（需要检查兼容性）","timestamp":"2026-02-02T07:29:18.190Z"}
{"level":"info","message":"   结果: success - CSS问题已修复","timestamp":"2026-02-02T07:29:18.190Z"}
{"level":"info","message":"   修复问题: 使用了flex布局（需要检查兼容性）","timestamp":"2026-02-02T07:29:18.190Z"}
{"level":"info","message":"   结果: success - CSS问题已修复","timestamp":"2026-02-02T07:29:18.191Z"}
{"level":"info","message":"   修复问题: 使用了CSS变量（需要检查兼容性）","timestamp":"2026-02-02T07:29:18.191Z"}
{"level":"info","message":"   结果: success - CSS问题已修复","timestamp":"2026-02-02T07:29:18.191Z"}
{"level":"info","message":"   修复问题: 使用了flex布局（需要检查兼容性）","timestamp":"2026-02-02T07:29:18.191Z"}
{"level":"info","message":"   结果: success - CSS问题已修复","timestamp":"2026-02-02T07:29:18.191Z"}
{"level":"info","message":"   修复问题: 使用了CSS变量（需要检查兼容性）","timestamp":"2026-02-02T07:29:18.191Z"}
{"level":"info","message":"   结果: success - CSS问题已修复","timestamp":"2026-02-02T07:29:18.191Z"}
{"level":"info","message":"   修复问题: 使用了flex布局（需要检查兼容性）","timestamp":"2026-02-02T07:29:18.191Z"}
{"level":"info","message":"   结果: success - CSS问题已修复","timestamp":"2026-02-02T07:29:18.191Z"}
{"level":"info","message":"   修复问题: 使用了CSS变量（需要检查兼容性）","timestamp":"2026-02-02T07:29:18.191Z"}
{"level":"info","message":"   结果: success - CSS问题已修复","timestamp":"2026-02-02T07:29:18.191Z"}
{"level":"info","message":"   修复问题: 使用了flex布局（需要检查兼容性）","timestamp":"2026-02-02T07:29:18.191Z"}
{"level":"info","message":"   结果: success - CSS问题已修复","timestamp":"2026-02-02T07:29:18.192Z"}
{"level":"info","message":"   修复问题: 使用了CSS变量（需要检查兼容性）","timestamp":"2026-02-02T07:29:18.192Z"}
{"level":"info","message":"   结果: success - CSS问题已修复","timestamp":"2026-02-02T07:29:18.192Z"}
{"level":"info","message":"   修复问题: 使用了flex布局（需要检查兼容性）","timestamp":"2026-02-02T07:29:18.192Z"}
{"level":"info","message":"   结果: success - CSS问题已修复","timestamp":"2026-02-02T07:29:18.192Z"}
{"level":"info","message":"   修复问题: 使用了grid布局（需要检查兼容性）","timestamp":"2026-02-02T07:29:18.192Z"}
{"level":"info","message":"   结果: success - CSS问题已修复","timestamp":"2026-02-02T07:29:18.192Z"}
{"level":"info","message":"   修复问题: 使用了CSS变量（需要检查兼容性）","timestamp":"2026-02-02T07:29:18.192Z"}
{"level":"info","message":"   结果: success - CSS问题已修复","timestamp":"2026-02-02T07:29:18.192Z"}
{"level":"info","message":"   修复问题: 使用了flex布局（需要检查兼容性）","timestamp":"2026-02-02T07:29:18.192Z"}
{"level":"info","message":"   结果: success - CSS问题已修复","timestamp":"2026-02-02T07:29:18.193Z"}
{"level":"info","message":"   修复问题: 使用了CSS变量（需要检查兼容性）","timestamp":"2026-02-02T07:29:18.193Z"}
{"level":"info","message":"   结果: success - CSS问题已修复","timestamp":"2026-02-02T07:29:18.193Z"}
{"level":"info","message":"   修复问题: 使用了flex布局（需要检查兼容性）","timestamp":"2026-02-02T07:29:18.193Z"}
{"level":"info","message":"   结果: success - CSS问题已修复","timestamp":"2026-02-02T07:29:18.194Z"}
{"level":"info","message":"   修复问题: 使用了CSS变量（需要检查兼容性）","timestamp":"2026-02-02T07:29:18.194Z"}
{"level":"info","message":"   结果: success - CSS问题已修复","timestamp":"2026-02-02T07:29:18.194Z"}
{"level":"info","message":"   修复问题: 使用了flex布局（需要检查兼容性）","timestamp":"2026-02-02T07:29:18.194Z"}
{"level":"info","message":"   结果: success - CSS问题已修复","timestamp":"2026-02-02T07:29:18.195Z"}
{"level":"info","message":"   修复问题: 使用了grid布局（需要检查兼容性）","timestamp":"2026-02-02T07:29:18.195Z"}
{"level":"info","message":"   结果: success - CSS问题已修复","timestamp":"2026-02-02T07:29:18.195Z"}
{"level":"info","message":"   修复问题: 使用了CSS变量（需要检查兼容性）","timestamp":"2026-02-02T07:29:18.195Z"}
{"level":"info","message":"   结果: success - CSS问题已修复","timestamp":"2026-02-02T07:29:18.195Z"}
{"level":"info","message":"   修复问题: 使用了flex布局（需要检查兼容性）","timestamp":"2026-02-02T07:29:18.195Z"}
{"level":"info","message":"   结果: success - CSS问题已修复","timestamp":"2026-02-02T07:29:18.196Z"}
{"level":"info","message":"   修复问题: 使用了CSS变量（需要检查兼容性）","timestamp":"2026-02-02T07:29:18.196Z"}
{"level":"info","message":"   结果: success - CSS问题已修复","timestamp":"2026-02-02T07:29:18.196Z"}
{"level":"info","message":"   修复问题: 使用了flex布局（需要检查兼容性）","timestamp":"2026-02-02T07:29:18.196Z"}
{"level":"info","message":"   结果: success - CSS问题已修复","timestamp":"2026-02-02T07:29:18.196Z"}
{"level":"info","message":"   修复问题: 使用了CSS变量（需要检查兼容性）","timestamp":"2026-02-02T07:29:18.196Z"}
{"level":"info","message":"   结果: success - CSS问题已修复","timestamp":"2026-02-02T07:29:18.196Z"}
{"level":"info","message":"   修复问题: 使用了flex布局（需要检查兼容性）","timestamp":"2026-02-02T07:29:18.196Z"}
{"level":"info","message":"   结果: success - CSS问题已修复","timestamp":"2026-02-02T07:29:18.197Z"}
{"level":"info","message":"   修复问题: 使用了grid布局（需要检查兼容性）","timestamp":"2026-02-02T07:29:18.197Z"}
{"level":"info","message":"   结果: success - CSS问题已修复","timestamp":"2026-02-02T07:29:18.197Z"}
{"level":"info","message":"   修复问题: 使用了CSS变量（需要检查兼容性）","timestamp":"2026-02-02T07:29:18.197Z"}
{"level":"info","message":"   结果: success - CSS问题已修复","timestamp":"2026-02-02T07:29:18.197Z"}
{"level":"info","message":"   修复问题: 使用了flex布局（需要检查兼容性）","timestamp":"2026-02-02T07:29:18.197Z"}
{"level":"info","message":"   结果: success - CSS问题已修复","timestamp":"2026-02-02T07:29:18.197Z"}
{"level":"info","message":"   修复问题: 使用了CSS变量（需要检查兼容性）","timestamp":"2026-02-02T07:29:18.197Z"}
{"level":"info","message":"   结果: success - CSS问题已修复","timestamp":"2026-02-02T07:29:18.198Z"}
{"level":"info","message":"   修复问题: 使用了flex布局（需要检查兼容性）","timestamp":"2026-02-02T07:29:18.198Z"}
{"level":"info","message":"   结果: success - CSS问题已修复","timestamp":"2026-02-02T07:29:18.198Z"}
{"level":"info","message":"   修复问题: 使用了grid布局（需要检查兼容性）","timestamp":"2026-02-02T07:29:18.198Z"}
{"level":"info","message":"   结果: success - CSS问题已修复","timestamp":"2026-02-02T07:29:18.198Z"}
{"level":"info","message":"   修复问题: 使用了CSS变量（需要检查兼容性）","timestamp":"2026-02-02T07:29:18.198Z"}
{"level":"info","message":"   结果: success - CSS问题已修复","timestamp":"2026-02-02T07:29:18.199Z"}
{"level":"info","message":"   修复问题: 使用了flex布局（需要检查兼容性）","timestamp":"2026-02-02T07:29:18.199Z"}
{"level":"info","message":"   结果: success - CSS问题已修复","timestamp":"2026-02-02T07:29:18.200Z"}
{"level":"info","message":"   修复问题: 使用了grid布局（需要检查兼容性）","timestamp":"2026-02-02T07:29:18.200Z"}
{"level":"info","message":"   结果: success - CSS问题已修复","timestamp":"2026-02-02T07:29:18.200Z"}
{"level":"info","message":"   修复问题: 使用了CSS变量（需要检查兼容性）","timestamp":"2026-02-02T07:29:18.200Z"}
{"level":"info","message":"   结果: success - CSS问题已修复","timestamp":"2026-02-02T07:29:18.200Z"}
{"level":"info","message":"   修复问题: 使用了flex布局（需要检查兼容性）","timestamp":"2026-02-02T07:29:18.200Z"}
{"level":"info","message":"   结果: success - CSS问题已修复","timestamp":"2026-02-02T07:29:18.200Z"}
{"level":"info","message":"   修复问题: 使用了CSS变量（需要检查兼容性）","timestamp":"2026-02-02T07:29:18.200Z"}
{"level":"info","message":"   结果: success - CSS问题已修复","timestamp":"2026-02-02T07:29:18.200Z"}
{"level":"info","message":"   修复问题: 使用了grid布局（需要检查兼容性）","timestamp":"2026-02-02T07:29:18.200Z"}
{"level":"info","message":"   结果: success - CSS问题已修复","timestamp":"2026-02-02T07:29:18.201Z"}
{"level":"info","message":"   修复问题: 使用了CSS变量（需要检查兼容性）","timestamp":"2026-02-02T07:29:18.201Z"}
{"level":"info","message":"   结果: success - CSS问题已修复","timestamp":"2026-02-02T07:29:18.201Z"}
{"level":"info","message":"   修复问题: 使用了CSS变量（需要检查兼容性）","timestamp":"2026-02-02T07:29:18.201Z"}
{"level":"info","message":"   结果: success - CSS问题已修复","timestamp":"2026-02-02T07:29:18.201Z"}
{"level":"info","message":"   修复问题: 使用了CSS变量（需要检查兼容性）","timestamp":"2026-02-02T07:29:18.201Z"}
{"level":"info","message":"   结果: success - CSS问题已修复","timestamp":"2026-02-02T07:29:18.201Z"}
{"level":"info","message":"   修复问题: 使用了flex布局（需要检查兼容性）","timestamp":"2026-02-02T07:29:18.201Z"}
{"level":"info","message":"   结果: success - CSS问题已修复","timestamp":"2026-02-02T07:29:18.201Z"}
{"level":"info","message":"   修复问题: 使用了CSS变量（需要检查兼容性）","timestamp":"2026-02-02T07:29:18.201Z"}
{"level":"info","message":"   结果: success - CSS问题已修复","timestamp":"2026-02-02T07:29:18.201Z"}
{"level":"info","message":"   修复问题: 使用了CSS变量（需要检查兼容性）","timestamp":"2026-02-02T07:29:18.201Z"}
{"level":"info","message":"   结果: success - CSS问题已修复","timestamp":"2026-02-02T07:29:18.202Z"}
{"level":"info","message":"   修复问题: 使用了CSS变量（需要检查兼容性）","timestamp":"2026-02-02T07:29:18.202Z"}
{"level":"info","message":"   结果: success - CSS问题已修复","timestamp":"2026-02-02T07:29:18.202Z"}
{"level":"info","message":"   修复问题: 使用了flex布局（需要检查兼容性）","timestamp":"2026-02-02T07:29:18.202Z"}
{"level":"info","message":"   结果: success - CSS问题已修复","timestamp":"2026-02-02T07:29:18.202Z"}
{"level":"info","message":"   修复问题: 使用了grid布局（需要检查兼容性）","timestamp":"2026-02-02T07:29:18.202Z"}
{"level":"info","message":"   结果: success - CSS问题已修复","timestamp":"2026-02-02T07:29:18.203Z"}
{"level":"info","message":"   修复问题: 使用了CSS变量（需要检查兼容性）","timestamp":"2026-02-02T07:29:18.203Z"}
{"level":"info","message":"   结果: success - CSS问题已修复","timestamp":"2026-02-02T07:29:18.203Z"}
{"level":"info","message":"   修复问题: 使用了flex布局（需要检查兼容性）","timestamp":"2026-02-02T07:29:18.203Z"}
{"level":"info","message":"   结果: success - CSS问题已修复","timestamp":"2026-02-02T07:29:18.203Z"}
{"level":"info","message":"   修复问题: 使用了CSS变量（需要检查兼容性）","timestamp":"2026-02-02T07:29:18.203Z"}
{"level":"info","message":"   结果: success - CSS问题已修复","timestamp":"2026-02-02T07:29:18.203Z"}
{"level":"info","message":"   修复问题: 使用了flex布局（需要检查兼容性）","timestamp":"2026-02-02T07:29:18.203Z"}
{"level":"info","message":"   结果: success - CSS问题已修复","timestamp":"2026-02-02T07:29:18.204Z"}
{"level":"info","message":"   修复问题: 使用了CSS变量（需要检查兼容性）","timestamp":"2026-02-02T07:29:18.204Z"}
{"level":"info","message":"   结果: success - CSS问题已修复","timestamp":"2026-02-02T07:29:18.205Z"}
{"level":"info","message":"   修复问题: 使用了flex布局（需要检查兼容性）","timestamp":"2026-02-02T07:29:18.205Z"}
{"level":"info","message":"   结果: success - CSS问题已修复","timestamp":"2026-02-02T07:29:18.205Z"}
{"level":"info","message":"   修复问题: 使用了CSS变量（需要检查兼容性）","timestamp":"2026-02-02T07:29:18.205Z"}
{"level":"info","message":"   结果: success - CSS问题已修复","timestamp":"2026-02-02T07:29:18.205Z"}
{"level":"info","message":"   修复问题: 使用了flex布局（需要检查兼容性）","timestamp":"2026-02-02T07:29:18.205Z"}
{"level":"info","message":"   结果: success - CSS问题已修复","timestamp":"2026-02-02T07:29:18.206Z"}
{"level":"info","message":"   修复问题: 使用了grid布局（需要检查兼容性）","timestamp":"2026-02-02T07:29:18.206Z"}
{"level":"info","message":"   结果: success - CSS问题已修复","timestamp":"2026-02-02T07:29:18.206Z"}
{"level":"info","message":"   修复问题: 使用了CSS变量（需要检查兼容性）","timestamp":"2026-02-02T07:29:18.206Z"}
{"level":"info","message":"   结果: success - CSS问题已修复","timestamp":"2026-02-02T07:29:18.206Z"}
{"level":"info","message":"   修复问题: 使用了flex布局（需要检查兼容性）","timestamp":"2026-02-02T07:29:18.206Z"}
{"level":"info","message":"   结果: success - CSS问题已修复","timestamp":"2026-02-02T07:29:18.206Z"}
{"level":"info","message":"   修复问题: 使用了CSS变量（需要检查兼容性）","timestamp":"2026-02-02T07:29:18.206Z"}
{"level":"info","message":"   结果: success - CSS问题已修复","timestamp":"2026-02-02T07:29:18.206Z"}
{"level":"info","message":"   修复问题: 使用了flex布局（需要检查兼容性）","timestamp":"2026-02-02T07:29:18.206Z"}
{"level":"info","message":"   结果: success - CSS问题已修复","timestamp":"2026-02-02T07:29:18.207Z"}
{"level":"info","message":"   修复问题: 使用了CSS变量（需要检查兼容性）","timestamp":"2026-02-02T07:29:18.207Z"}
{"level":"info","message":"   结果: success - CSS问题已修复","timestamp":"2026-02-02T07:29:18.207Z"}
{"level":"info","message":"   修复问题: 使用了CSS变量（需要检查兼容性）","timestamp":"2026-02-02T07:29:18.207Z"}
{"level":"info","message":"   结果: success - CSS问题已修复","timestamp":"2026-02-02T07:29:18.207Z"}
{"level":"info","message":"   修复问题: 使用了flex布局（需要检查兼容性）","timestamp":"2026-02-02T07:29:18.207Z"}
{"level":"info","message":"   结果: success - CSS问题已修复","timestamp":"2026-02-02T07:29:18.207Z"}
{"level":"info","message":"   修复问题: 使用了CSS变量（需要检查兼容性）","timestamp":"2026-02-02T07:29:18.207Z"}
{"level":"info","message":"   结果: success - CSS问题已修复","timestamp":"2026-02-02T07:29:18.207Z"}
{"level":"info","message":"   修复问题: 使用了CSS变量（需要检查兼容性）","timestamp":"2026-02-02T07:29:18.207Z"}
{"level":"info","message":"   结果: success - CSS问题已修复","timestamp":"2026-02-02T07:29:18.207Z"}
{"level":"info","message":"   修复问题: 使用了CSS变量（需要检查兼容性）","timestamp":"2026-02-02T07:29:18.207Z"}
{"level":"info","message":"   结果: success - CSS问题已修复","timestamp":"2026-02-02T07:29:18.207Z"}
{"level":"info","message":"   修复问题: 使用了CSS变量（需要检查兼容性）","timestamp":"2026-02-02T07:29:18.207Z"}
{"level":"info","message":"   结果: success - CSS问题已修复","timestamp":"2026-02-02T07:29:18.208Z"}
{"level":"info","message":"   修复问题: 使用了flex布局（需要检查兼容性）","timestamp":"2026-02-02T07:29:18.272Z"}
{"level":"info","message":"   结果: success - CSS问题已修复","timestamp":"2026-02-02T07:29:18.272Z"}
{"level":"info","message":"   修复问题: 使用了CSS变量（需要检查兼容性）","timestamp":"2026-02-02T07:29:18.272Z"}
{"level":"info","message":"   结果: success - CSS问题已修复","timestamp":"2026-02-02T07:29:18.272Z"}
{"level":"info","message":"   修复问题: 使用了flex布局（需要检查兼容性）","timestamp":"2026-02-02T07:29:18.272Z"}
{"level":"info","message":"   结果: success - CSS问题已修复","timestamp":"2026-02-02T07:29:18.272Z"}
{"level":"info","message":"   修复问题: 使用了CSS变量（需要检查兼容性）","timestamp":"2026-02-02T07:29:18.272Z"}
{"level":"info","message":"   结果: success - CSS问题已修复","timestamp":"2026-02-02T07:29:18.272Z"}
{"level":"info","message":"   修复问题: 使用了flex布局（需要检查兼容性）","timestamp":"2026-02-02T07:29:18.272Z"}
{"level":"info","message":"   结果: success - CSS问题已修复","timestamp":"2026-02-02T07:29:18.272Z"}
{"level":"info","message":"   修复问题: 使用了CSS变量（需要检查兼容性）","timestamp":"2026-02-02T07:29:18.272Z"}
{"level":"info","message":"   结果: success - CSS问题已修复","timestamp":"2026-02-02T07:29:18.272Z"}
{"level":"info","message":"   修复问题: 使用了CSS变量（需要检查兼容性）","timestamp":"2026-02-02T07:29:18.272Z"}
{"level":"info","message":"   结果: success - CSS问题已修复","timestamp":"2026-02-02T07:29:18.272Z"}
{"level":"info","message":"   修复问题: 使用了CSS变量（需要检查兼容性）","timestamp":"2026-02-02T07:29:18.272Z"}
{"level":"info","message":"   结果: success - CSS问题已修复","timestamp":"2026-02-02T07:29:18.272Z"}
{"level":"info","message":"   修复问题: 使用了CSS变量（需要检查兼容性）","timestamp":"2026-02-02T07:29:18.272Z"}
{"level":"info","message":"   结果: success - CSS问题已修复","timestamp":"2026-02-02T07:29:18.272Z"}
{"level":"info","message":"   修复问题: 使用了flex布局（需要检查兼容性）","timestamp":"2026-02-02T07:29:18.272Z"}
{"level":"info","message":"   结果: success - CSS问题已修复","timestamp":"2026-02-02T07:29:18.272Z"}
{"level":"info","message":"   修复问题: 使用了CSS变量（需要检查兼容性）","timestamp":"2026-02-02T07:29:18.272Z"}
{"level":"info","message":"   结果: success - CSS问题已修复","timestamp":"2026-02-02T07:29:18.272Z"}
{"level":"info","message":"   修复问题: 使用了flex布局（需要检查兼容性）","timestamp":"2026-02-02T07:29:18.272Z"}
{"level":"info","message":"   结果: success - CSS问题已修复","timestamp":"2026-02-02T07:29:18.272Z"}
{"level":"info","message":"   修复问题: 使用了grid布局（需要检查兼容性）","timestamp":"2026-02-02T07:29:18.272Z"}
{"level":"info","message":"   结果: success - CSS问题已修复","timestamp":"2026-02-02T07:29:18.272Z"}
{"level":"info","message":"   修复问题: 使用了CSS变量（需要检查兼容性）","timestamp":"2026-02-02T07:29:18.272Z"}
{"level":"info","message":"   结果: success - CSS问题已修复","timestamp":"2026-02-02T07:29:18.272Z"}
{"level":"info","message":"   修复问题: 使用了flex布局（需要检查兼容性）","timestamp":"2026-02-02T07:29:18.272Z"}
{"level":"info","message":"   结果: success - CSS问题已修复","timestamp":"2026-02-02T07:29:18.272Z"}
{"level":"info","message":"   修复问题: 使用了grid布局（需要检查兼容性）","timestamp":"2026-02-02T07:29:18.272Z"}
{"level":"info","message":"   结果: success - CSS问题已修复","timestamp":"2026-02-02T07:29:18.272Z"}
{"level":"info","message":"   修复问题: 使用了CSS变量（需要检查兼容性）","timestamp":"2026-02-02T07:29:18.272Z"}
{"level":"info","message":"   结果: success - CSS问题已修复","timestamp":"2026-02-02T07:29:18.272Z"}
{"level":"info","message":"   修复问题: 使用了flex布局（需要检查兼容性）","timestamp":"2026-02-02T07:29:18.272Z"}
{"level":"info","message":"   结果: success - CSS问题已修复","timestamp":"2026-02-02T07:29:18.272Z"}
{"level":"info","message":"   修复问题: 使用了grid布局（需要检查兼容性）","timestamp":"2026-02-02T07:29:18.272Z"}
{"level":"info","message":"   结果: success - CSS问题已修复","timestamp":"2026-02-02T07:29:18.272Z"}
{"level":"info","message":"   修复问题: 使用了CSS变量（需要检查兼容性）","timestamp":"2026-02-02T07:29:18.272Z"}
{"level":"info","message":"   结果: success - CSS问题已修复","timestamp":"2026-02-02T07:29:18.272Z"}
{"level":"info","message":"   修复问题: 使用了flex布局（需要检查兼容性）","timestamp":"2026-02-02T07:29:18.273Z"}
{"level":"info","message":"   结果: success - CSS问题已修复","timestamp":"2026-02-02T07:29:18.273Z"}
{"level":"info","message":"   修复问题: 使用了CSS变量（需要检查兼容性）","timestamp":"2026-02-02T07:29:18.273Z"}
{"level":"info","message":"   结果: success - CSS问题已修复","timestamp":"2026-02-02T07:29:18.273Z"}
{"level":"info","message":"   修复问题: 使用了flex布局（需要检查兼容性）","timestamp":"2026-02-02T07:29:18.273Z"}
{"level":"info","message":"   结果: success - CSS问题已修复","timestamp":"2026-02-02T07:29:18.273Z"}
{"level":"info","message":"   修复问题: 使用了grid布局（需要检查兼容性）","timestamp":"2026-02-02T07:29:18.273Z"}
{"level":"info","message":"   结果: success - CSS问题已修复","timestamp":"2026-02-02T07:29:18.273Z"}
{"level":"info","message":"   修复问题: 使用了CSS变量（需要检查兼容性）","timestamp":"2026-02-02T07:29:18.273Z"}
{"level":"info","message":"   结果: success - CSS问题已修复","timestamp":"2026-02-02T07:29:18.273Z"}
{"level":"info","message":"   修复问题: 使用了flex布局（需要检查兼容性）","timestamp":"2026-02-02T07:29:18.273Z"}
{"level":"info","message":"   结果: success - CSS问题已修复","timestamp":"2026-02-02T07:29:18.273Z"}
{"level":"info","message":"   修复问题: 使用了grid布局（需要检查兼容性）","timestamp":"2026-02-02T07:29:18.273Z"}
{"level":"info","message":"   结果: success - CSS问题已修复","timestamp":"2026-02-02T07:29:18.273Z"}
{"level":"info","message":"   修复问题: 使用了CSS变量（需要检查兼容性）","timestamp":"2026-02-02T07:29:18.273Z"}
{"level":"info","message":"   结果: success - CSS问题已修复","timestamp":"2026-02-02T07:29:18.273Z"}
{"level":"info","message":"   修复问题: 使用了flex布局（需要检查兼容性）","timestamp":"2026-02-02T07:29:18.273Z"}
{"level":"info","message":"   结果: success - CSS问题已修复","timestamp":"2026-02-02T07:29:18.273Z"}
{"level":"info","message":"   修复问题: 使用了grid布局（需要检查兼容性）","timestamp":"2026-02-02T07:29:18.273Z"}
{"level":"info","message":"   结果: success - CSS问题已修复","timestamp":"2026-02-02T07:29:18.273Z"}
{"level":"info","message":"   修复问题: 使用了CSS变量（需要检查兼容性）","timestamp":"2026-02-02T07:29:18.273Z"}
{"level":"info","message":"   结果: success - CSS问题已修复","timestamp":"2026-02-02T07:29:18.273Z"}
{"level":"info","message":"   修复问题: 使用了CSS变量（需要检查兼容性）","timestamp":"2026-02-02T07:29:18.273Z"}
{"level":"info","message":"   结果: success - CSS问题已修复","timestamp":"2026-02-02T07:29:18.273Z"}
{"level":"info","message":"   修复问题: 使用了flex布局（需要检查兼容性）","timestamp":"2026-02-02T07:29:18.273Z"}
{"level":"info","message":"   结果: success - CSS问题已修复","timestamp":"2026-02-02T07:29:18.273Z"}
{"level":"info","message":"   修复问题: 使用了CSS变量（需要检查兼容性）","timestamp":"2026-02-02T07:29:18.273Z"}
{"level":"info","message":"   结果: success - CSS问题已修复","timestamp":"2026-02-02T07:29:18.273Z"}
{"level":"info","message":"   修复问题: 使用了flex布局（需要检查兼容性）","timestamp":"2026-02-02T07:29:18.273Z"}
{"level":"info","message":"   结果: success - CSS问题已修复","timestamp":"2026-02-02T07:29:18.273Z"}
{"level":"info","message":"   修复问题: 使用了CSS变量（需要检查兼容性）","timestamp":"2026-02-02T07:29:18.273Z"}
{"level":"info","message":"   结果: success - CSS问题已修复","timestamp":"2026-02-02T07:29:18.273Z"}
{"level":"info","message":"   修复问题: 使用了flex布局（需要检查兼容性）","timestamp":"2026-02-02T07:29:18.273Z"}
{"level":"info","message":"   结果: success - CSS问题已修复","timestamp":"2026-02-02T07:29:18.273Z"}
{"level":"info","message":"   修复问题: 使用了CSS变量（需要检查兼容性）","timestamp":"2026-02-02T07:29:18.273Z"}
{"level":"info","message":"   结果: success - CSS问题已修复","timestamp":"2026-02-02T07:29:18.273Z"}
{"level":"info","message":"   修复问题: 使用了flex布局（需要检查兼容性）","timestamp":"2026-02-02T07:29:18.273Z"}
{"level":"info","message":"   结果: success - CSS问题已修复","timestamp":"2026-02-02T07:29:18.273Z"}
{"level":"info","message":"   修复问题: 使用了CSS变量（需要检查兼容性）","timestamp":"2026-02-02T07:29:18.273Z"}
{"level":"info","message":"   结果: success - CSS问题已修复","timestamp":"2026-02-02T07:29:18.273Z"}
{"level":"info","message":"   修复问题: 使用了flex布局（需要检查兼容性）","timestamp":"2026-02-02T07:29:18.273Z"}
{"level":"info","message":"   结果: success - CSS问题已修复","timestamp":"2026-02-02T07:29:18.273Z"}
{"level":"info","message":"   修复问题: 使用了CSS变量（需要检查兼容性）","timestamp":"2026-02-02T07:29:18.273Z"}
{"level":"info","message":"   结果: success - CSS问题已修复","timestamp":"2026-02-02T07:29:18.273Z"}
{"level":"info","message":"   修复问题: 使用了flex布局（需要检查兼容性）","timestamp":"2026-02-02T07:29:18.273Z"}
{"level":"info","message":"   结果: success - CSS问题已修复","timestamp":"2026-02-02T07:29:18.273Z"}
{"level":"info","message":"   修复问题: 使用了grid布局（需要检查兼容性）","timestamp":"2026-02-02T07:29:18.273Z"}
{"level":"info","message":"   结果: success - CSS问题已修复","timestamp":"2026-02-02T07:29:18.273Z"}
{"level":"info","message":"   修复问题: 使用了CSS变量（需要检查兼容性）","timestamp":"2026-02-02T07:29:18.273Z"}
{"level":"info","message":"   结果: success - CSS问题已修复","timestamp":"2026-02-02T07:29:18.273Z"}
{"level":"info","message":"   修复问题: 使用了flex布局（需要检查兼容性）","timestamp":"2026-02-02T07:29:18.273Z"}
{"level":"info","message":"   结果: success - CSS问题已修复","timestamp":"2026-02-02T07:29:18.273Z"}
{"level":"info","message":"   修复问题: 使用了CSS变量（需要检查兼容性）","timestamp":"2026-02-02T07:29:18.273Z"}
{"level":"info","message":"   结果: success - CSS问题已修复","timestamp":"2026-02-02T07:29:18.273Z"}
{"level":"info","message":"   修复问题: 使用了flex布局（需要检查兼容性）","timestamp":"2026-02-02T07:29:18.273Z"}
{"level":"info","message":"   结果: success - CSS问题已修复","timestamp":"2026-02-02T07:29:18.273Z"}
{"level":"info","message":"   修复问题: 使用了CSS变量（需要检查兼容性）","timestamp":"2026-02-02T07:29:18.273Z"}
{"level":"info","message":"   结果: success - CSS问题已修复","timestamp":"2026-02-02T07:29:18.273Z"}
{"level":"info","message":"   修复问题: 使用了const关键字（需要检查兼容性）","timestamp":"2026-02-02T07:29:18.273Z"}
{"level":"info","message":"   结果: success - JavaScript兼容性问题已修复","timestamp":"2026-02-02T07:29:18.273Z"}
{"level":"info","message":"   修复问题: 使用了const关键字（需要检查兼容性）","timestamp":"2026-02-02T07:29:18.273Z"}
{"level":"info","message":"   结果: success - JavaScript兼容性问题已修复","timestamp":"2026-02-02T07:29:18.273Z"}
{"level":"info","message":"   修复问题: 使用了Array.includes方法（需要检查兼容性）","timestamp":"2026-02-02T07:29:18.273Z"}
{"level":"info","message":"   结果: success - JavaScript兼容性问题已修复","timestamp":"2026-02-02T07:29:18.273Z"}
{"level":"info","message":"   修复问题: 使用了Array.forEach方法（需要检查兼容性）","timestamp":"2026-02-02T07:29:18.273Z"}
{"level":"info","message":"   结果: success - JavaScript兼容性问题已修复","timestamp":"2026-02-02T07:29:18.273Z"}
{"level":"info","message":"   修复问题: 使用了Array.map方法（需要检查兼容性）","timestamp":"2026-02-02T07:29:18.273Z"}
{"level":"info","message":"   结果: success - JavaScript兼容性问题已修复","timestamp":"2026-02-02T07:29:18.273Z"}
{"level":"info","message":"   修复问题: 使用了async/await（需要检查兼容性）","timestamp":"2026-02-02T07:29:18.273Z"}
{"level":"info","message":"   结果: success - JavaScript兼容性问题已修复","timestamp":"2026-02-02T07:29:18.273Z"}
{"level":"info","message":"   修复问题: 使用了const关键字（需要检查兼容性）","timestamp":"2026-02-02T07:29:18.273Z"}
{"level":"info","message":"   结果: success - JavaScript兼容性问题已修复","timestamp":"2026-02-02T07:29:18.273Z"}
{"level":"info","message":"   修复问题: 使用了let关键字（需要检查兼容性）","timestamp":"2026-02-02T07:29:18.273Z"}
{"level":"info","message":"   结果: success - JavaScript兼容性问题已修复","timestamp":"2026-02-02T07:29:18.273Z"}
{"level":"info","message":"   修复问题: 使用了模板字符串（需要检查兼容性）","timestamp":"2026-02-02T07:29:18.273Z"}
{"level":"info","message":"   结果: success - JavaScript兼容性问题已修复","timestamp":"2026-02-02T07:29:18.273Z"}
{"level":"info","message":"   修复问题: 使用了async/await（需要检查兼容性）","timestamp":"2026-02-02T07:29:18.273Z"}
{"level":"info","message":"   结果: success - JavaScript兼容性问题已修复","timestamp":"2026-02-02T07:29:18.273Z"}
{"level":"info","message":"   修复问题: 使用了const关键字（需要检查兼容性）","timestamp":"2026-02-02T07:29:18.273Z"}
{"level":"info","message":"   结果: success - JavaScript兼容性问题已修复","timestamp":"2026-02-02T07:29:18.273Z"}
{"level":"info","message":"   修复问题: 使用了let关键字（需要检查兼容性）","timestamp":"2026-02-02T07:29:18.273Z"}
{"level":"info","message":"   结果: success - JavaScript兼容性问题已修复","timestamp":"2026-02-02T07:29:18.273Z"}
{"level":"info","message":"   修复问题: 使用了箭头函数（需要检查兼容性）","timestamp":"2026-02-02T07:29:18.273Z"}
{"level":"info","message":"   结果: success - JavaScript兼容性问题已修复","timestamp":"2026-02-02T07:29:18.273Z"}
{"level":"info","message":"   修复问题: 使用了模板字符串（需要检查兼容性）","timestamp":"2026-02-02T07:29:18.273Z"}
{"level":"info","message":"   结果: success - JavaScript兼容性问题已修复","timestamp":"2026-02-02T07:29:18.273Z"}
{"level":"info","message":"   修复问题: 使用了Array.forEach方法（需要检查兼容性）","timestamp":"2026-02-02T07:29:18.273Z"}
{"level":"info","message":"   结果: success - JavaScript兼容性问题已修复","timestamp":"2026-02-02T07:29:18.273Z"}
{"level":"info","message":"   修复问题: 使用了Array.map方法（需要检查兼容性）","timestamp":"2026-02-02T07:29:18.273Z"}
{"level":"info","message":"   结果: success - JavaScript兼容性问题已修复","timestamp":"2026-02-02T07:29:18.273Z"}
{"level":"info","message":"   修复问题: 使用了const关键字（需要检查兼容性）","timestamp":"2026-02-02T07:29:18.273Z"}
{"level":"info","message":"   结果: success - JavaScript兼容性问题已修复","timestamp":"2026-02-02T07:29:18.273Z"}
{"level":"info","message":"   修复问题: 使用了const关键字（需要检查兼容性）","timestamp":"2026-02-02T07:29:18.273Z"}
{"level":"info","message":"   结果: success - JavaScript兼容性问题已修复","timestamp":"2026-02-02T07:29:18.273Z"}
{"level":"info","message":"   修复问题: 使用了箭头函数（需要检查兼容性）","timestamp":"2026-02-02T07:29:18.273Z"}
{"level":"info","message":"   结果: success - JavaScript兼容性问题已修复","timestamp":"2026-02-02T07:29:18.273Z"}
{"level":"info","message":"   修复问题: 使用了Array.map方法（需要检查兼容性）","timestamp":"2026-02-02T07:29:18.273Z"}
{"level":"info","message":"   结果: success - JavaScript兼容性问题已修复","timestamp":"2026-02-02T07:29:18.273Z"}
{"level":"info","message":"   修复问题: 使用了const关键字（需要检查兼容性）","timestamp":"2026-02-02T07:29:18.273Z"}
{"level":"info","message":"   结果: success - JavaScript兼容性问题已修复","timestamp":"2026-02-02T07:29:18.273Z"}
{"level":"info","message":"   修复问题: 使用了const关键字（需要检查兼容性）","timestamp":"2026-02-02T07:29:18.274Z"}
{"level":"info","message":"   结果: success - JavaScript兼容性问题已修复","timestamp":"2026-02-02T07:29:18.274Z"}
{"level":"info","message":"   修复问题: 使用了箭头函数（需要检查兼容性）","timestamp":"2026-02-02T07:29:18.274Z"}
{"level":"info","message":"   结果: success - JavaScript兼容性问题已修复","timestamp":"2026-02-02T07:29:18.274Z"}
{"level":"info","message":"   修复问题: 使用了模板字符串（需要检查兼容性）","timestamp":"2026-02-02T07:29:18.274Z"}
{"level":"info","message":"   结果: success - JavaScript兼容性问题已修复","timestamp":"2026-02-02T07:29:18.274Z"}
{"level":"info","message":"   修复问题: 使用了const关键字（需要检查兼容性）","timestamp":"2026-02-02T07:29:18.274Z"}
{"level":"info","message":"   结果: success - JavaScript兼容性问题已修复","timestamp":"2026-02-02T07:29:18.274Z"}
{"level":"info","message":"   修复问题: 使用了箭头函数（需要检查兼容性）","timestamp":"2026-02-02T07:29:18.274Z"}
{"level":"info","message":"   结果: success - JavaScript兼容性问题已修复","timestamp":"2026-02-02T07:29:18.274Z"}
{"level":"info","message":"   修复问题: 使用了Array.map方法（需要检查兼容性）","timestamp":"2026-02-02T07:29:18.274Z"}
{"level":"info","message":"   结果: success - JavaScript兼容性问题已修复","timestamp":"2026-02-02T07:29:18.274Z"}
{"level":"info","message":"   修复问题: 使用了const关键字（需要检查兼容性）","timestamp":"2026-02-02T07:29:18.274Z"}
{"level":"info","message":"   结果: success - JavaScript兼容性问题已修复","timestamp":"2026-02-02T07:29:18.274Z"}
{"level":"info","message":"   修复问题: 使用了箭头函数（需要检查兼容性）","timestamp":"2026-02-02T07:29:18.274Z"}
{"level":"info","message":"   结果: success - JavaScript兼容性问题已修复","timestamp":"2026-02-02T07:29:18.274Z"}
{"level":"info","message":"   修复问题: 使用了Array.map方法（需要检查兼容性）","timestamp":"2026-02-02T07:29:18.274Z"}
{"level":"info","message":"   结果: success - JavaScript兼容性问题已修复","timestamp":"2026-02-02T07:29:18.274Z"}
{"level":"info","message":"   修复问题: 使用了const关键字（需要检查兼容性）","timestamp":"2026-02-02T07:29:18.274Z"}
{"level":"info","message":"   结果: success - JavaScript兼容性问题已修复","timestamp":"2026-02-02T07:29:18.274Z"}
{"level":"info","message":"   修复问题: 使用了箭头函数（需要检查兼容性）","timestamp":"2026-02-02T07:29:18.274Z"}
{"level":"info","message":"   结果: success - JavaScript兼容性问题已修复","timestamp":"2026-02-02T07:29:18.274Z"}
{"level":"info","message":"   修复问题: 使用了Array.forEach方法（需要检查兼容性）","timestamp":"2026-02-02T07:29:18.274Z"}
{"level":"info","message":"   结果: success - JavaScript兼容性问题已修复","timestamp":"2026-02-02T07:29:18.274Z"}
{"level":"info","message":"   修复问题: 使用了const关键字（需要检查兼容性）","timestamp":"2026-02-02T07:29:18.274Z"}
{"level":"info","message":"   结果: success - JavaScript兼容性问题已修复","timestamp":"2026-02-02T07:29:18.274Z"}
{"level":"info","message":"   修复问题: 使用了箭头函数（需要检查兼容性）","timestamp":"2026-02-02T07:29:18.274Z"}
{"level":"info","message":"   结果: success - JavaScript兼容性问题已修复","timestamp":"2026-02-02T07:29:18.274Z"}
{"level":"info","message":"   修复问题: 使用了模板字符串（需要检查兼容性）","timestamp":"2026-02-02T07:29:18.274Z"}
{"level":"info","message":"   结果: success - JavaScript兼容性问题已修复","timestamp":"2026-02-02T07:29:18.274Z"}
{"level":"info","message":"   修复问题: 使用了const关键字（需要检查兼容性）","timestamp":"2026-02-02T07:29:18.274Z"}
{"level":"info","message":"   结果: success - JavaScript兼容性问题已修复","timestamp":"2026-02-02T07:29:18.274Z"}
{"level":"info","message":"   修复问题: 使用了箭头函数（需要检查兼容性）","timestamp":"2026-02-02T07:29:18.274Z"}
{"level":"info","message":"   结果: success - JavaScript兼容性问题已修复","timestamp":"2026-02-02T07:29:18.274Z"}
{"level":"info","message":"   修复问题: 使用了模板字符串（需要检查兼容性）","timestamp":"2026-02-02T07:29:18.274Z"}
{"level":"info","message":"   结果: success - JavaScript兼容性问题已修复","timestamp":"2026-02-02T07:29:18.274Z"}
{"level":"info","message":"   修复问题: 使用了Array.forEach方法（需要检查兼容性）","timestamp":"2026-02-02T07:29:18.274Z"}
{"level":"info","message":"   结果: success - JavaScript兼容性问题已修复","timestamp":"2026-02-02T07:29:18.274Z"}
{"level":"info","message":"   修复问题: 使用了const关键字（需要检查兼容性）","timestamp":"2026-02-02T07:29:18.274Z"}
{"level":"info","message":"   结果: success - JavaScript兼容性问题已修复","timestamp":"2026-02-02T07:29:18.274Z"}
{"level":"info","message":"   修复问题: 使用了let关键字（需要检查兼容性）","timestamp":"2026-02-02T07:29:18.274Z"}
{"level":"info","message":"   结果: success - JavaScript兼容性问题已修复","timestamp":"2026-02-02T07:29:18.274Z"}
{"level":"info","message":"   修复问题: 使用了模板字符串（需要检查兼容性）","timestamp":"2026-02-02T07:29:18.274Z"}
{"level":"info","message":"   结果: success - JavaScript兼容性问题已修复","timestamp":"2026-02-02T07:29:18.274Z"}
{"level":"info","message":"   修复问题: 使用了async/await（需要检查兼容性）","timestamp":"2026-02-02T07:29:18.274Z"}
{"level":"info","message":"   结果: success - JavaScript兼容性问题已修复","timestamp":"2026-02-02T07:29:18.274Z"}
{"level":"info","message":"   修复问题: 使用了const关键字（需要检查兼容性）","timestamp":"2026-02-02T07:29:18.274Z"}
{"level":"info","message":"   结果: success - JavaScript兼容性问题已修复","timestamp":"2026-02-02T07:29:18.274Z"}
{"level":"info","message":"   修复问题: 使用了let关键字（需要检查兼容性）","timestamp":"2026-02-02T07:29:18.274Z"}
{"level":"info","message":"   结果: success - JavaScript兼容性问题已修复","timestamp":"2026-02-02T07:29:18.274Z"}
{"level":"info","message":"   修复问题: 使用了箭头函数（需要检查兼容性）","timestamp":"2026-02-02T07:29:18.274Z"}
{"level":"info","message":"   结果: success - JavaScript兼容性问题已修复","timestamp":"2026-02-02T07:29:18.274Z"}
{"level":"info","message":"   修复问题: 使用了模板字符串（需要检查兼容性）","timestamp":"2026-02-02T07:29:18.274Z"}
{"level":"info","message":"   结果: success - JavaScript兼容性问题已修复","timestamp":"2026-02-02T07:29:18.274Z"}
{"level":"info","message":"   修复问题: 使用了Array.forEach方法（需要检查兼容性）","timestamp":"2026-02-02T07:29:18.274Z"}
{"level":"info","message":"   结果: success - JavaScript兼容性问题已修复","timestamp":"2026-02-02T07:29:18.274Z"}
{"level":"info","message":"   修复问题: 使用了Array.map方法（需要检查兼容性）","timestamp":"2026-02-02T07:29:18.274Z"}
{"level":"info","message":"   结果: success - JavaScript兼容性问题已修复","timestamp":"2026-02-02T07:29:18.274Z"}
{"level":"info","message":"   修复问题: 使用了const关键字（需要检查兼容性）","timestamp":"2026-02-02T07:29:18.274Z"}
{"level":"info","message":"   结果: success - JavaScript兼容性问题已修复","timestamp":"2026-02-02T07:29:18.274Z"}
{"level":"info","message":"   修复问题: 使用了let关键字（需要检查兼容性）","timestamp":"2026-02-02T07:29:18.274Z"}
{"level":"info","message":"   结果: success - JavaScript兼容性问题已修复","timestamp":"2026-02-02T07:29:18.274Z"}
{"level":"info","message":"   修复问题: 使用了箭头函数（需要检查兼容性）","timestamp":"2026-02-02T07:29:18.274Z"}
{"level":"info","message":"   结果: success - JavaScript兼容性问题已修复","timestamp":"2026-02-02T07:29:18.274Z"}
{"level":"info","message":"   修复问题: 使用了模板字符串（需要检查兼容性）","timestamp":"2026-02-02T07:29:18.274Z"}
{"level":"info","message":"   结果: success - JavaScript兼容性问题已修复","timestamp":"2026-02-02T07:29:18.274Z"}
{"level":"info","message":"   修复问题: 使用了Array.includes方法（需要检查兼容性）","timestamp":"2026-02-02T07:29:18.274Z"}
{"level":"info","message":"   结果: success - JavaScript兼容性问题已修复","timestamp":"2026-02-02T07:29:18.274Z"}
{"level":"info","message":"   修复问题: 使用了Array.forEach方法（需要检查兼容性）","timestamp":"2026-02-02T07:29:18.274Z"}
{"level":"info","message":"   结果: success - JavaScript兼容性问题已修复","timestamp":"2026-02-02T07:29:18.274Z"}
{"level":"info","message":"   修复问题: 使用了Array.map方法（需要检查兼容性）","timestamp":"2026-02-02T07:29:18.274Z"}
{"level":"info","message":"   结果: success - JavaScript兼容性问题已修复","timestamp":"2026-02-02T07:29:18.274Z"}
{"level":"info","message":"   修复问题: 使用了const关键字（需要检查兼容性）","timestamp":"2026-02-02T07:29:18.274Z"}
{"level":"info","message":"   结果: success - JavaScript兼容性问题已修复","timestamp":"2026-02-02T07:29:18.274Z"}
{"level":"info","message":"   修复问题: 使用了箭头函数（需要检查兼容性）","timestamp":"2026-02-02T07:29:18.274Z"}
{"level":"info","message":"   结果: success - JavaScript兼容性问题已修复","timestamp":"2026-02-02T07:29:18.274Z"}
{"level":"info","message":"   修复问题: 使用了Array.map方法（需要检查兼容性）","timestamp":"2026-02-02T07:29:18.274Z"}
{"level":"info","message":"   结果: success - JavaScript兼容性问题已修复","timestamp":"2026-02-02T07:29:18.274Z"}
{"level":"info","message":"   修复问题: 使用了const关键字（需要检查兼容性）","timestamp":"2026-02-02T07:29:18.275Z"}
{"level":"info","message":"   结果: success - JavaScript兼容性问题已修复","timestamp":"2026-02-02T07:29:18.275Z"}
{"level":"info","message":"   修复问题: 使用了const关键字（需要检查兼容性）","timestamp":"2026-02-02T07:29:18.275Z"}
{"level":"info","message":"   结果: success - JavaScript兼容性问题已修复","timestamp":"2026-02-02T07:29:18.275Z"}
{"level":"info","message":"   修复问题: 使用了const关键字（需要检查兼容性）","timestamp":"2026-02-02T07:29:18.275Z"}
{"level":"info","message":"   结果: success - JavaScript兼容性问题已修复","timestamp":"2026-02-02T07:29:18.275Z"}
{"level":"info","message":"   修复问题: 使用了箭头函数（需要检查兼容性）","timestamp":"2026-02-02T07:29:18.275Z"}
{"level":"info","message":"   结果: success - JavaScript兼容性问题已修复","timestamp":"2026-02-02T07:29:18.275Z"}
{"level":"info","message":"   修复问题: 使用了async/await（需要检查兼容性）","timestamp":"2026-02-02T07:29:18.275Z"}
{"level":"info","message":"   结果: success - JavaScript兼容性问题已修复","timestamp":"2026-02-02T07:29:18.275Z"}
{"level":"info","message":"   修复问题: 使用了const关键字（需要检查兼容性）","timestamp":"2026-02-02T07:29:18.275Z"}
{"level":"info","message":"   结果: success - JavaScript兼容性问题已修复","timestamp":"2026-02-02T07:29:18.275Z"}
{"level":"info","message":"   修复问题: 使用了let关键字（需要检查兼容性）","timestamp":"2026-02-02T07:29:18.275Z"}
{"level":"info","message":"   结果: success - JavaScript兼容性问题已修复","timestamp":"2026-02-02T07:29:18.275Z"}
{"level":"info","message":"   修复问题: 使用了模板字符串（需要检查兼容性）","timestamp":"2026-02-02T07:29:18.275Z"}
{"level":"info","message":"   结果: success - JavaScript兼容性问题已修复","timestamp":"2026-02-02T07:29:18.275Z"}
{"level":"info","message":"   修复问题: 使用了async/await（需要检查兼容性）","timestamp":"2026-02-02T07:29:18.275Z"}
{"level":"info","message":"   结果: success - JavaScript兼容性问题已修复","timestamp":"2026-02-02T07:29:18.275Z"}
{"level":"info","message":"   修复问题: 使用了const关键字（需要检查兼容性）","timestamp":"2026-02-02T07:29:18.275Z"}
{"level":"info","message":"   结果: success - JavaScript兼容性问题已修复","timestamp":"2026-02-02T07:29:18.275Z"}
{"level":"info","message":"   修复问题: 使用了let关键字（需要检查兼容性）","timestamp":"2026-02-02T07:29:18.275Z"}
{"level":"info","message":"   结果: success - JavaScript兼容性问题已修复","timestamp":"2026-02-02T07:29:18.275Z"}
{"level":"info","message":"   修复问题: 使用了箭头函数（需要检查兼容性）","timestamp":"2026-02-02T07:29:18.275Z"}
{"level":"info","message":"   结果: success - JavaScript兼容性问题已修复","timestamp":"2026-02-02T07:29:18.275Z"}
{"level":"info","message":"   修复问题: 使用了模板字符串（需要检查兼容性）","timestamp":"2026-02-02T07:29:18.275Z"}
{"level":"info","message":"   结果: success - JavaScript兼容性问题已修复","timestamp":"2026-02-02T07:29:18.275Z"}
{"level":"info","message":"   修复问题: 使用了Array.forEach方法（需要检查兼容性）","timestamp":"2026-02-02T07:29:18.275Z"}
{"level":"info","message":"   结果: success - JavaScript兼容性问题已修复","timestamp":"2026-02-02T07:29:18.275Z"}
{"level":"info","message":"   修复问题: 使用了Array.map方法（需要检查兼容性）","timestamp":"2026-02-02T07:29:18.275Z"}
{"level":"info","message":"   结果: success - JavaScript兼容性问题已修复","timestamp":"2026-02-02T07:29:18.275Z"}
{"level":"info","message":"   修复问题: 使用了async/await（需要检查兼容性）","timestamp":"2026-02-02T07:29:18.275Z"}
{"level":"info","message":"   结果: success - JavaScript兼容性问题已修复","timestamp":"2026-02-02T07:29:18.275Z"}
{"level":"info","message":"   修复问题: 使用了const关键字（需要检查兼容性）","timestamp":"2026-02-02T07:29:18.275Z"}
{"level":"info","message":"   结果: success - JavaScript兼容性问题已修复","timestamp":"2026-02-02T07:29:18.275Z"}
{"level":"info","message":"   修复问题: 使用了箭头函数（需要检查兼容性）","timestamp":"2026-02-02T07:29:18.275Z"}
{"level":"info","message":"   结果: success - JavaScript兼容性问题已修复","timestamp":"2026-02-02T07:29:18.275Z"}
{"level":"info","message":"   修复问题: 使用了Array.map方法（需要检查兼容性）","timestamp":"2026-02-02T07:29:18.275Z"}
{"level":"info","message":"   结果: success - JavaScript兼容性问题已修复","timestamp":"2026-02-02T07:29:18.275Z"}
{"level":"info","message":"   修复问题: 使用了const关键字（需要检查兼容性）","timestamp":"2026-02-02T07:29:18.275Z"}
{"level":"info","message":"   结果: success - JavaScript兼容性问题已修复","timestamp":"2026-02-02T07:29:18.275Z"}
{"level":"info","message":"   修复问题: 使用了let关键字（需要检查兼容性）","timestamp":"2026-02-02T07:29:18.275Z"}
{"level":"info","message":"   结果: success - JavaScript兼容性问题已修复","timestamp":"2026-02-02T07:29:18.275Z"}
{"level":"info","message":"   修复问题: 使用了模板字符串（需要检查兼容性）","timestamp":"2026-02-02T07:29:18.275Z"}
{"level":"info","message":"   结果: success - JavaScript兼容性问题已修复","timestamp":"2026-02-02T07:29:18.276Z"}
{"level":"info","message":"   修复问题: 使用了Array.includes方法（需要检查兼容性）","timestamp":"2026-02-02T07:29:18.276Z"}
{"level":"info","message":"   结果: success - JavaScript兼容性问题已修复","timestamp":"2026-02-02T07:29:18.276Z"}
{"level":"info","message":"   修复问题: 使用了const关键字（需要检查兼容性）","timestamp":"2026-02-02T07:29:18.276Z"}
{"level":"info","message":"   结果: success - JavaScript兼容性问题已修复","timestamp":"2026-02-02T07:29:18.276Z"}
{"level":"info","message":"   修复问题: 使用了箭头函数（需要检查兼容性）","timestamp":"2026-02-02T07:29:18.276Z"}
{"level":"info","message":"   结果: success - JavaScript兼容性问题已修复","timestamp":"2026-02-02T07:29:18.276Z"}
{"level":"info","message":"   修复问题: 使用了Array.map方法（需要检查兼容性）","timestamp":"2026-02-02T07:29:18.276Z"}
{"level":"info","message":"   结果: success - JavaScript兼容性问题已修复","timestamp":"2026-02-02T07:29:18.276Z"}
{"level":"info","message":"   修复问题: 使用了const关键字（需要检查兼容性）","timestamp":"2026-02-02T07:29:18.276Z"}
{"level":"info","message":"   结果: success - JavaScript兼容性问题已修复","timestamp":"2026-02-02T07:29:18.276Z"}
{"level":"info","message":"   修复问题: 使用了箭头函数（需要检查兼容性）","timestamp":"2026-02-02T07:29:18.276Z"}
{"level":"info","message":"   结果: success - JavaScript兼容性问题已修复","timestamp":"2026-02-02T07:29:18.276Z"}
{"level":"info","message":"   修复问题: 使用了Array.map方法（需要检查兼容性）","timestamp":"2026-02-02T07:29:18.276Z"}
{"level":"info","message":"   结果: success - JavaScript兼容性问题已修复","timestamp":"2026-02-02T07:29:18.276Z"}
{"level":"info","message":"   修复问题: 使用了const关键字（需要检查兼容性）","timestamp":"2026-02-02T07:29:18.276Z"}
{"level":"info","message":"   结果: success - JavaScript兼容性问题已修复","timestamp":"2026-02-02T07:29:18.276Z"}
{"level":"info","message":"   修复问题: 使用了箭头函数（需要检查兼容性）","timestamp":"2026-02-02T07:29:18.276Z"}
{"level":"info","message":"   结果: success - JavaScript兼容性问题已修复","timestamp":"2026-02-02T07:29:18.276Z"}
{"level":"info","message":"   修复问题: 使用了Array.forEach方法（需要检查兼容性）","timestamp":"2026-02-02T07:29:18.276Z"}
{"level":"info","message":"   结果: success - JavaScript兼容性问题已修复","timestamp":"2026-02-02T07:29:18.276Z"}
{"level":"info","message":"   修复问题: 使用了const关键字（需要检查兼容性）","timestamp":"2026-02-02T07:29:18.276Z"}
{"level":"info","message":"   结果: success - JavaScript兼容性问题已修复","timestamp":"2026-02-02T07:29:18.276Z"}
{"level":"info","message":"   修复问题: 使用了let关键字（需要检查兼容性）","timestamp":"2026-02-02T07:29:18.276Z"}
{"level":"info","message":"   结果: success - JavaScript兼容性问题已修复","timestamp":"2026-02-02T07:29:18.276Z"}
{"level":"info","message":"   修复问题: 使用了箭头函数（需要检查兼容性）","timestamp":"2026-02-02T07:29:18.276Z"}
{"level":"info","message":"   结果: success - JavaScript兼容性问题已修复","timestamp":"2026-02-02T07:29:18.276Z"}
{"level":"info","message":"   修复问题: 使用了模板字符串（需要检查兼容性）","timestamp":"2026-02-02T07:29:18.276Z"}
{"level":"info","message":"   结果: success - JavaScript兼容性问题已修复","timestamp":"2026-02-02T07:29:18.276Z"}
{"level":"info","message":"   修复问题: 使用了Array.forEach方法（需要检查兼容性）","timestamp":"2026-02-02T07:29:18.276Z"}
{"level":"info","message":"   结果: success - JavaScript兼容性问题已修复","timestamp":"2026-02-02T07:29:18.276Z"}
{"level":"info","message":"   修复问题: 使用了Array.map方法（需要检查兼容性）","timestamp":"2026-02-02T07:29:18.276Z"}
{"level":"info","message":"   结果: success - JavaScript兼容性问题已修复","timestamp":"2026-02-02T07:29:18.276Z"}
{"level":"info","message":"   修复问题: 使用了async/await（需要检查兼容性）","timestamp":"2026-02-02T07:29:18.276Z"}
{"level":"info","message":"   结果: success - JavaScript兼容性问题已修复","timestamp":"2026-02-02T07:29:18.276Z"}
{"level":"info","message":"   修复问题: 使用了const关键字（需要检查兼容性）","timestamp":"2026-02-02T07:29:18.276Z"}
{"level":"info","message":"   结果: success - JavaScript兼容性问题已修复","timestamp":"2026-02-02T07:29:18.276Z"}
{"level":"info","message":"   修复问题: 使用了let关键字（需要检查兼容性）","timestamp":"2026-02-02T07:29:18.276Z"}
{"level":"info","message":"   结果: success - JavaScript兼容性问题已修复","timestamp":"2026-02-02T07:29:18.276Z"}
{"level":"info","message":"   修复问题: 使用了箭头函数（需要检查兼容性）","timestamp":"2026-02-02T07:29:18.276Z"}
{"level":"info","message":"   结果: success - JavaScript兼容性问题已修复","timestamp":"2026-02-02T07:29:18.277Z"}
{"level":"info","message":"   修复问题: 使用了模板字符串（需要检查兼容性）","timestamp":"2026-02-02T07:29:18.277Z"}
{"level":"info","message":"   结果: success - JavaScript兼容性问题已修复","timestamp":"2026-02-02T07:29:18.277Z"}
{"level":"info","message":"   修复问题: 使用了Array.forEach方法（需要检查兼容性）","timestamp":"2026-02-02T07:29:18.277Z"}
{"level":"info","message":"   结果: success - JavaScript兼容性问题已修复","timestamp":"2026-02-02T07:29:18.277Z"}
{"level":"info","message":"   修复问题: 使用了Promise（需要检查兼容性）","timestamp":"2026-02-02T07:29:18.277Z"}
{"level":"info","message":"   结果: success - JavaScript兼容性问题已修复","timestamp":"2026-02-02T07:29:18.277Z"}
{"level":"info","message":"   修复问题: 使用了async/await（需要检查兼容性）","timestamp":"2026-02-02T07:29:18.277Z"}
{"level":"info","message":"   结果: success - JavaScript兼容性问题已修复","timestamp":"2026-02-02T07:29:18.277Z"}
{"level":"info","message":"   修复问题: 使用了const关键字（需要检查兼容性）","timestamp":"2026-02-02T07:29:18.277Z"}
{"level":"info","message":"   结果: success - JavaScript兼容性问题已修复","timestamp":"2026-02-02T07:29:18.277Z"}
{"level":"info","message":"   修复问题: 使用了let关键字（需要检查兼容性）","timestamp":"2026-02-02T07:29:18.277Z"}
{"level":"info","message":"   结果: success - JavaScript兼容性问题已修复","timestamp":"2026-02-02T07:29:18.277Z"}
{"level":"info","message":"   修复问题: 使用了箭头函数（需要检查兼容性）","timestamp":"2026-02-02T07:29:18.277Z"}
{"level":"info","message":"   结果: success - JavaScript兼容性问题已修复","timestamp":"2026-02-02T07:29:18.277Z"}
{"level":"info","message":"   修复问题: 使用了Array.forEach方法（需要检查兼容性）","timestamp":"2026-02-02T07:29:18.277Z"}
{"level":"info","message":"   结果: success - JavaScript兼容性问题已修复","timestamp":"2026-02-02T07:29:18.277Z"}
{"level":"info","message":"   修复问题: 使用了const关键字（需要检查兼容性）","timestamp":"2026-02-02T07:29:18.277Z"}
{"level":"info","message":"   结果: success - JavaScript兼容性问题已修复","timestamp":"2026-02-02T07:29:18.277Z"}
{"level":"info","message":"   修复问题: 使用了const关键字（需要检查兼容性）","timestamp":"2026-02-02T07:29:18.277Z"}
{"level":"info","message":"   结果: success - JavaScript兼容性问题已修复","timestamp":"2026-02-02T07:29:18.277Z"}
{"level":"info","message":"   修复问题: 使用了let关键字（需要检查兼容性）","timestamp":"2026-02-02T07:29:18.277Z"}
{"level":"info","message":"   结果: success - JavaScript兼容性问题已修复","timestamp":"2026-02-02T07:29:18.277Z"}
{"level":"info","message":"   修复问题: 使用了箭头函数（需要检查兼容性）","timestamp":"2026-02-02T07:29:18.277Z"}
{"level":"info","message":"   结果: success - JavaScript兼容性问题已修复","timestamp":"2026-02-02T07:29:18.277Z"}
{"level":"info","message":"   修复问题: 使用了模板字符串（需要检查兼容性）","timestamp":"2026-02-02T07:29:18.277Z"}
{"level":"info","message":"   结果: success - JavaScript兼容性问题已修复","timestamp":"2026-02-02T07:29:18.277Z"}
{"level":"info","message":"   修复问题: 使用了Array.forEach方法（需要检查兼容性）","timestamp":"2026-02-02T07:29:18.277Z"}
{"level":"info","message":"   结果: success - JavaScript兼容性问题已修复","timestamp":"2026-02-02T07:29:18.277Z"}
{"level":"info","message":"   修复问题: 使用了async/await（需要检查兼容性）","timestamp":"2026-02-02T07:29:18.277Z"}
{"level":"info","message":"   结果: success - JavaScript兼容性问题已修复","timestamp":"2026-02-02T07:29:18.277Z"}
{"level":"info","message":"   修复问题: 使用了const关键字（需要检查兼容性）","timestamp":"2026-02-02T07:29:18.277Z"}
{"level":"info","message":"   结果: success - JavaScript兼容性问题已修复","timestamp":"2026-02-02T07:29:18.277Z"}
{"level":"info","message":"   修复问题: 使用了let关键字（需要检查兼容性）","timestamp":"2026-02-02T07:29:18.277Z"}
{"level":"info","message":"   结果: success - JavaScript兼容性问题已修复","timestamp":"2026-02-02T07:29:18.277Z"}
{"level":"info","message":"   修复问题: 使用了箭头函数（需要检查兼容性）","timestamp":"2026-02-02T07:29:18.277Z"}
{"level":"info","message":"   结果: success - JavaScript兼容性问题已修复","timestamp":"2026-02-02T07:29:18.277Z"}
{"level":"info","message":"   修复问题: 使用了模板字符串（需要检查兼容性）","timestamp":"2026-02-02T07:29:18.277Z"}
{"level":"info","message":"   结果: success - JavaScript兼容性问题已修复","timestamp":"2026-02-02T07:29:18.277Z"}
{"level":"info","message":"   修复问题: 使用了Array.includes方法（需要检查兼容性）","timestamp":"2026-02-02T07:29:18.277Z"}
{"level":"info","message":"   结果: success - JavaScript兼容性问题已修复","timestamp":"2026-02-02T07:29:18.277Z"}
{"level":"info","message":"   修复问题: 使用了Array.forEach方法（需要检查兼容性）","timestamp":"2026-02-02T07:29:18.277Z"}
{"level":"info","message":"   结果: success - JavaScript兼容性问题已修复","timestamp":"2026-02-02T07:29:18.277Z"}
{"level":"info","message":"   修复问题: 使用了Array.map方法（需要检查兼容性）","timestamp":"2026-02-02T07:29:18.277Z"}
{"level":"info","message":"   结果: success - JavaScript兼容性问题已修复","timestamp":"2026-02-02T07:29:18.277Z"}
{"level":"info","message":"   修复问题: 使用了async/await（需要检查兼容性）","timestamp":"2026-02-02T07:29:18.277Z"}
{"level":"info","message":"   结果: success - JavaScript兼容性问题已修复","timestamp":"2026-02-02T07:29:18.277Z"}
{"level":"info","message":"   修复问题: 使用了const关键字（需要检查兼容性）","timestamp":"2026-02-02T07:29:18.277Z"}
{"level":"info","message":"   结果: success - JavaScript兼容性问题已修复","timestamp":"2026-02-02T07:29:18.277Z"}
{"level":"info","message":"   修复问题: 使用了模板字符串（需要检查兼容性）","timestamp":"2026-02-02T07:29:18.277Z"}
{"level":"info","message":"   结果: success - JavaScript兼容性问题已修复","timestamp":"2026-02-02T07:29:18.277Z"}
{"level":"info","message":"   修复问题: 使用了const关键字（需要检查兼容性）","timestamp":"2026-02-02T07:29:18.277Z"}
{"level":"info","message":"   结果: success - JavaScript兼容性问题已修复","timestamp":"2026-02-02T07:29:18.277Z"}
{"level":"info","message":"   修复问题: 使用了箭头函数（需要检查兼容性）","timestamp":"2026-02-02T07:29:18.277Z"}
{"level":"info","message":"   结果: success - JavaScript兼容性问题已修复","timestamp":"2026-02-02T07:29:18.277Z"}
{"level":"info","message":"   修复问题: 使用了Array.map方法（需要检查兼容性）","timestamp":"2026-02-02T07:29:18.277Z"}
{"level":"info","message":"   结果: success - JavaScript兼容性问题已修复","timestamp":"2026-02-02T07:29:18.277Z"}
{"level":"info","message":"   修复问题: 使用了const关键字（需要检查兼容性）","timestamp":"2026-02-02T07:29:18.277Z"}
{"level":"info","message":"   结果: success - JavaScript兼容性问题已修复","timestamp":"2026-02-02T07:29:18.277Z"}
{"level":"info","message":"   修复问题: 使用了箭头函数（需要检查兼容性）","timestamp":"2026-02-02T07:29:18.277Z"}
{"level":"info","message":"   结果: success - JavaScript兼容性问题已修复","timestamp":"2026-02-02T07:29:18.277Z"}
{"level":"info","message":"   修复问题: 使用了Array.map方法（需要检查兼容性）","timestamp":"2026-02-02T07:29:18.277Z"}
{"level":"info","message":"   结果: success - JavaScript兼容性问题已修复","timestamp":"2026-02-02T07:29:18.277Z"}
{"level":"info","message":"   修复问题: 使用了const关键字（需要检查兼容性）","timestamp":"2026-02-02T07:29:18.277Z"}
{"level":"info","message":"   结果: success - JavaScript兼容性问题已修复","timestamp":"2026-02-02T07:29:18.277Z"}
{"level":"info","message":"   修复问题: 使用了let关键字（需要检查兼容性）","timestamp":"2026-02-02T07:29:18.277Z"}
{"level":"info","message":"   结果: success - JavaScript兼容性问题已修复","timestamp":"2026-02-02T07:29:18.277Z"}
{"level":"info","message":"   修复问题: 使用了箭头函数（需要检查兼容性）","timestamp":"2026-02-02T07:29:18.277Z"}
{"level":"info","message":"   结果: success - JavaScript兼容性问题已修复","timestamp":"2026-02-02T07:29:18.277Z"}
{"level":"info","message":"   修复问题: 使用了模板字符串（需要检查兼容性）","timestamp":"2026-02-02T07:29:18.277Z"}
{"level":"info","message":"   结果: success - JavaScript兼容性问题已修复","timestamp":"2026-02-02T07:29:18.277Z"}
{"level":"info","message":"   修复问题: 使用了Array.forEach方法（需要检查兼容性）","timestamp":"2026-02-02T07:29:18.277Z"}
{"level":"info","message":"   结果: success - JavaScript兼容性问题已修复","timestamp":"2026-02-02T07:29:18.277Z"}
{"level":"info","message":"   修复问题: 使用了Array.map方法（需要检查兼容性）","timestamp":"2026-02-02T07:29:18.277Z"}
{"level":"info","message":"   结果: success - JavaScript兼容性问题已修复","timestamp":"2026-02-02T07:29:18.277Z"}
{"level":"info","message":"   修复问题: 使用了async/await（需要检查兼容性）","timestamp":"2026-02-02T07:29:18.277Z"}
{"level":"info","message":"   结果: success - JavaScript兼容性问题已修复","timestamp":"2026-02-02T07:29:18.277Z"}
{"level":"info","message":"   修复问题: 使用了const关键字（需要检查兼容性）","timestamp":"2026-02-02T07:29:18.277Z"}
{"level":"info","message":"   结果: success - JavaScript兼容性问题已修复","timestamp":"2026-02-02T07:29:18.277Z"}
{"level":"info","message":"   修复问题: 使用了let关键字（需要检查兼容性）","timestamp":"2026-02-02T07:29:18.277Z"}
{"level":"info","message":"   结果: success - JavaScript兼容性问题已修复","timestamp":"2026-02-02T07:29:18.277Z"}
{"level":"info","message":"   修复问题: 使用了箭头函数（需要检查兼容性）","timestamp":"2026-02-02T07:29:18.277Z"}
{"level":"info","message":"   结果: success - JavaScript兼容性问题已修复","timestamp":"2026-02-02T07:29:18.277Z"}
{"level":"info","message":"   修复问题: 使用了Array.includes方法（需要检查兼容性）","timestamp":"2026-02-02T07:29:18.277Z"}
{"level":"info","message":"   结果: success - JavaScript兼容性问题已修复","timestamp":"2026-02-02T07:29:18.277Z"}
{"level":"info","message":"   修复问题: 使用了Array.forEach方法（需要检查兼容性）","timestamp":"2026-02-02T07:29:18.277Z"}
{"level":"info","message":"   结果: success - JavaScript兼容性问题已修复","timestamp":"2026-02-02T07:29:18.278Z"}
{"level":"info","message":"   修复问题: 使用了const关键字（需要检查兼容性）","timestamp":"2026-02-02T07:29:18.278Z"}
{"level":"info","message":"   结果: success - JavaScript兼容性问题已修复","timestamp":"2026-02-02T07:29:18.278Z"}
{"level":"info","message":"   修复问题: 使用了const关键字（需要检查兼容性）","timestamp":"2026-02-02T07:29:18.278Z"}
{"level":"info","message":"   结果: success - JavaScript兼容性问题已修复","timestamp":"2026-02-02T07:29:18.279Z"}
{"level":"info","message":"   修复问题: 使用了箭头函数（需要检查兼容性）","timestamp":"2026-02-02T07:29:18.279Z"}
{"level":"info","message":"   结果: success - JavaScript兼容性问题已修复","timestamp":"2026-02-02T07:29:18.279Z"}
{"level":"info","message":"   修复问题: 使用了Array.map方法（需要检查兼容性）","timestamp":"2026-02-02T07:29:18.279Z"}
{"level":"info","message":"   结果: success - JavaScript兼容性问题已修复","timestamp":"2026-02-02T07:29:18.279Z"}
{"level":"info","message":"   修复问题: 使用了const关键字（需要检查兼容性）","timestamp":"2026-02-02T07:29:18.279Z"}
{"level":"info","message":"   结果: success - JavaScript兼容性问题已修复","timestamp":"2026-02-02T07:29:18.279Z"}
{"level":"info","message":"   修复问题: 使用了箭头函数（需要检查兼容性）","timestamp":"2026-02-02T07:29:18.279Z"}
{"level":"info","message":"   结果: success - JavaScript兼容性问题已修复","timestamp":"2026-02-02T07:29:18.279Z"}
{"level":"info","message":"   修复问题: 使用了Array.map方法（需要检查兼容性）","timestamp":"2026-02-02T07:29:18.279Z"}
{"level":"info","message":"   结果: success - JavaScript兼容性问题已修复","timestamp":"2026-02-02T07:29:18.279Z"}
{"level":"info","message":"   修复问题: 使用了const关键字（需要检查兼容性）","timestamp":"2026-02-02T07:29:18.279Z"}
{"level":"info","message":"   结果: success - JavaScript兼容性问题已修复","timestamp":"2026-02-02T07:29:18.279Z"}
{"level":"info","message":"   修复问题: 使用了let关键字（需要检查兼容性）","timestamp":"2026-02-02T07:29:18.279Z"}
{"level":"info","message":"   结果: success - JavaScript兼容性问题已修复","timestamp":"2026-02-02T07:29:18.279Z"}
{"level":"info","message":"   修复问题: 使用了箭头函数（需要检查兼容性）","timestamp":"2026-02-02T07:29:18.279Z"}
{"level":"info","message":"   结果: success - JavaScript兼容性问题已修复","timestamp":"2026-02-02T07:29:18.279Z"}
{"level":"info","message":"   修复问题: 使用了模板字符串（需要检查兼容性）","timestamp":"2026-02-02T07:29:18.279Z"}
{"level":"info","message":"   结果: success - JavaScript兼容性问题已修复","timestamp":"2026-02-02T07:29:18.279Z"}
{"level":"info","message":"   修复问题: 使用了Array.forEach方法（需要检查兼容性）","timestamp":"2026-02-02T07:29:18.279Z"}
{"level":"info","message":"   结果: success - JavaScript兼容性问题已修复","timestamp":"2026-02-02T07:29:18.279Z"}
{"level":"info","message":"   修复问题: 使用了const关键字（需要检查兼容性）","timestamp":"2026-02-02T07:29:18.279Z"}
{"level":"info","message":"   结果: success - JavaScript兼容性问题已修复","timestamp":"2026-02-02T07:29:18.279Z"}
{"level":"info","message":"   修复问题: 使用了箭头函数（需要检查兼容性）","timestamp":"2026-02-02T07:29:18.279Z"}
{"level":"info","message":"   结果: success - JavaScript兼容性问题已修复","timestamp":"2026-02-02T07:29:18.279Z"}
{"level":"info","message":"   修复问题: 使用了Array.includes方法（需要检查兼容性）","timestamp":"2026-02-02T07:29:18.279Z"}
{"level":"info","message":"   结果: success - JavaScript兼容性问题已修复","timestamp":"2026-02-02T07:29:18.279Z"}
{"level":"info","message":"   修复问题: 使用了Array.forEach方法（需要检查兼容性）","timestamp":"2026-02-02T07:29:18.279Z"}
{"level":"info","message":"   结果: success - JavaScript兼容性问题已修复","timestamp":"2026-02-02T07:29:18.279Z"}
{"level":"info","message":"   修复问题: 使用了Array.map方法（需要检查兼容性）","timestamp":"2026-02-02T07:29:18.279Z"}
{"level":"info","message":"   结果: success - JavaScript兼容性问题已修复","timestamp":"2026-02-02T07:29:18.279Z"}
{"level":"info","message":"   修复问题: 使用了const关键字（需要检查兼容性）","timestamp":"2026-02-02T07:29:18.279Z"}
{"level":"info","message":"   结果: success - JavaScript兼容性问题已修复","timestamp":"2026-02-02T07:29:18.279Z"}
{"level":"info","message":"   修复问题: 使用了箭头函数（需要检查兼容性）","timestamp":"2026-02-02T07:29:18.279Z"}
{"level":"info","message":"   结果: success - JavaScript兼容性问题已修复","timestamp":"2026-02-02T07:29:18.279Z"}
{"level":"info","message":"   修复问题: 使用了Array.forEach方法（需要检查兼容性）","timestamp":"2026-02-02T07:29:18.279Z"}
{"level":"info","message":"   结果: success - JavaScript兼容性问题已修复","timestamp":"2026-02-02T07:29:18.279Z"}
{"level":"info","message":"   修复问题: 使用了const关键字（需要检查兼容性）","timestamp":"2026-02-02T07:29:18.279Z"}
{"level":"info","message":"   结果: success - JavaScript兼容性问题已修复","timestamp":"2026-02-02T07:29:18.279Z"}
{"level":"info","message":"   修复问题: 使用了const关键字（需要检查兼容性）","timestamp":"2026-02-02T07:29:18.279Z"}
{"level":"info","message":"   结果: success - JavaScript兼容性问题已修复","timestamp":"2026-02-02T07:29:18.279Z"}
{"level":"info","message":"   修复问题: 使用了const关键字（需要检查兼容性）","timestamp":"2026-02-02T07:29:18.279Z"}
{"level":"info","message":"   结果: success - JavaScript兼容性问题已修复","timestamp":"2026-02-02T07:29:18.279Z"}
{"level":"info","message":"   修复问题: 发现6个固定宽度设置，可能影响响应式设计","timestamp":"2026-02-02T07:29:18.279Z"}
{"level":"info","message":"   结果: success - CSS问题已修复","timestamp":"2026-02-02T07:29:18.279Z"}
{"level":"info","message":"   修复问题: 发现3个固定宽度设置，可能影响响应式设计","timestamp":"2026-02-02T07:29:18.279Z"}
{"level":"info","message":"   结果: success - CSS问题已修复","timestamp":"2026-02-02T07:29:18.279Z"}
{"level":"info","message":"   修复问题: 发现4个固定宽度设置，可能影响响应式设计","timestamp":"2026-02-02T07:29:18.279Z"}
{"level":"info","message":"   结果: success - CSS问题已修复","timestamp":"2026-02-02T07:29:18.279Z"}
{"level":"info","message":"   修复问题: 发现2个固定宽度设置，可能影响响应式设计","timestamp":"2026-02-02T07:29:18.279Z"}
{"level":"info","message":"   结果: success - CSS问题已修复","timestamp":"2026-02-02T07:29:18.279Z"}
{"level":"info","message":"   修复问题: 发现2个固定宽度设置，可能影响响应式设计","timestamp":"2026-02-02T07:29:18.279Z"}
{"level":"info","message":"   结果: success - CSS问题已修复","timestamp":"2026-02-02T07:29:18.280Z"}
{"level":"info","message":"   修复问题: 发现4个固定宽度设置，可能影响响应式设计","timestamp":"2026-02-02T07:29:18.280Z"}
{"level":"info","message":"   结果: success - CSS问题已修复","timestamp":"2026-02-02T07:29:18.280Z"}
{"level":"info","message":"   修复问题: 发现2个固定宽度设置，可能影响响应式设计","timestamp":"2026-02-02T07:29:18.280Z"}
{"level":"info","message":"   结果: success - CSS问题已修复","timestamp":"2026-02-02T07:29:18.280Z"}
{"level":"info","message":"   修复问题: 发现2个固定宽度设置，可能影响响应式设计","timestamp":"2026-02-02T07:29:18.280Z"}
{"level":"info","message":"   结果: success - CSS问题已修复","timestamp":"2026-02-02T07:29:18.280Z"}
{"level":"info","message":"   修复问题: 发现2个固定宽度设置，可能影响响应式设计","timestamp":"2026-02-02T07:29:18.280Z"}
{"level":"info","message":"   结果: success - CSS问题已修复","timestamp":"2026-02-02T07:29:18.280Z"}
{"level":"info","message":"   修复问题: 发现2个固定宽度设置，可能影响响应式设计","timestamp":"2026-02-02T07:29:18.280Z"}
{"level":"info","message":"   结果: success - CSS问题已修复","timestamp":"2026-02-02T07:29:18.280Z"}
{"level":"info","message":"   修复问题: 发现2个固定宽度设置，可能影响响应式设计","timestamp":"2026-02-02T07:29:18.280Z"}
{"level":"info","message":"   结果: success - CSS问题已修复","timestamp":"2026-02-02T07:29:18.280Z"}
{"level":"info","message":"   修复问题: 发现2个固定宽度设置，可能影响响应式设计","timestamp":"2026-02-02T07:29:18.280Z"}
{"level":"info","message":"   结果: success - CSS问题已修复","timestamp":"2026-02-02T07:29:18.280Z"}
{"level":"info","message":"   修复问题: 发现8个固定宽度设置，可能影响响应式设计","timestamp":"2026-02-02T07:29:18.280Z"}
{"level":"info","message":"   结果: success - CSS问题已修复","timestamp":"2026-02-02T07:29:18.280Z"}
{"level":"info","message":"   修复问题: 发现4个固定宽度设置，可能影响响应式设计","timestamp":"2026-02-02T07:29:18.280Z"}
{"level":"info","message":"   结果: success - CSS问题已修复","timestamp":"2026-02-02T07:29:18.280Z"}
{"level":"info","message":"   修复问题: 发现3个固定宽度设置，可能影响响应式设计","timestamp":"2026-02-02T07:29:18.280Z"}
{"level":"info","message":"   结果: success - CSS问题已修复","timestamp":"2026-02-02T07:29:18.280Z"}
{"level":"info","message":"   修复问题: 发现1个固定宽度设置，可能影响响应式设计","timestamp":"2026-02-02T07:29:18.280Z"}
{"level":"info","message":"   结果: success - CSS问题已修复","timestamp":"2026-02-02T07:29:18.280Z"}
{"level":"info","message":"   修复问题: 发现2个固定宽度设置，可能影响响应式设计","timestamp":"2026-02-02T07:29:18.280Z"}
{"level":"info","message":"   结果: success - CSS问题已修复","timestamp":"2026-02-02T07:29:18.280Z"}
{"level":"info","message":"   修复问题: 发现2个固定宽度设置，可能影响响应式设计","timestamp":"2026-02-02T07:29:18.281Z"}
{"level":"info","message":"   结果: success - CSS问题已修复","timestamp":"2026-02-02T07:29:18.281Z"}
{"level":"info","message":"   修复问题: 发现2个固定宽度设置，可能影响响应式设计","timestamp":"2026-02-02T07:29:18.281Z"}
{"level":"info","message":"   结果: success - CSS问题已修复","timestamp":"2026-02-02T07:29:18.281Z"}
{"level":"info","message":"   修复问题: 发现2个固定宽度设置，可能影响响应式设计","timestamp":"2026-02-02T07:29:18.281Z"}
{"level":"info","message":"   结果: success - CSS问题已修复","timestamp":"2026-02-02T07:29:18.281Z"}
{"level":"info","message":"   修复问题: 发现2个固定宽度设置，可能影响响应式设计","timestamp":"2026-02-02T07:29:18.281Z"}
{"level":"info","message":"   结果: success - CSS问题已修复","timestamp":"2026-02-02T07:29:18.281Z"}
{"level":"info","message":"   修复问题: 发现2个固定宽度设置，可能影响响应式设计","timestamp":"2026-02-02T07:29:18.281Z"}
{"level":"info","message":"   结果: success - CSS问题已修复","timestamp":"2026-02-02T07:29:18.281Z"}
{"level":"info","message":"   修复问题: 发现3个固定宽度设置，可能影响响应式设计","timestamp":"2026-02-02T07:29:18.281Z"}
{"level":"info","message":"   结果: success - CSS问题已修复","timestamp":"2026-02-02T07:29:18.281Z"}
{"level":"info","message":"   修复问题: 发现2个固定宽度设置，可能影响响应式设计","timestamp":"2026-02-02T07:29:18.282Z"}
{"level":"info","message":"   结果: success - CSS问题已修复","timestamp":"2026-02-02T07:29:18.282Z"}
{"level":"info","message":"   修复问题: 发现2个固定宽度设置，可能影响响应式设计","timestamp":"2026-02-02T07:29:18.282Z"}
{"level":"info","message":"   结果: success - CSS问题已修复","timestamp":"2026-02-02T07:29:18.282Z"}
{"level":"info","message":"   修复问题: 发现4个固定宽度设置，可能影响响应式设计","timestamp":"2026-02-02T07:29:18.282Z"}
{"level":"info","message":"   结果: success - CSS问题已修复","timestamp":"2026-02-02T07:29:18.282Z"}
{"level":"info","message":"   修复问题: 发现2个固定宽度设置，可能影响响应式设计","timestamp":"2026-02-02T07:29:18.282Z"}
{"level":"info","message":"   结果: success - CSS问题已修复","timestamp":"2026-02-02T07:29:18.282Z"}
{"level":"info","message":"   修复问题: 发现2个固定宽度设置，可能影响响应式设计","timestamp":"2026-02-02T07:29:18.282Z"}
{"level":"info","message":"   结果: success - CSS问题已修复","timestamp":"2026-02-02T07:29:18.282Z"}
{"level":"info","message":"   修复问题: 发现2个固定宽度设置，可能影响响应式设计","timestamp":"2026-02-02T07:29:18.282Z"}
{"level":"info","message":"   结果: success - CSS问题已修复","timestamp":"2026-02-02T07:29:18.282Z"}
{"level":"info","message":"   修复问题: 发现7个固定宽度设置，可能影响响应式设计","timestamp":"2026-02-02T07:29:18.282Z"}
{"level":"info","message":"   结果: success - CSS问题已修复","timestamp":"2026-02-02T07:29:18.282Z"}
{"level":"info","message":"   修复问题: 发现2个固定宽度设置，可能影响响应式设计","timestamp":"2026-02-02T07:29:18.282Z"}
{"level":"info","message":"   结果: success - CSS问题已修复","timestamp":"2026-02-02T07:29:18.282Z"}
{"level":"info","message":"   修复问题: 发现2个固定宽度设置，可能影响响应式设计","timestamp":"2026-02-02T07:29:18.282Z"}
{"level":"info","message":"   结果: success - CSS问题已修复","timestamp":"2026-02-02T07:29:18.282Z"}
{"level":"info","message":"   修复问题: 发现2个固定宽度设置，可能影响响应式设计","timestamp":"2026-02-02T07:29:18.282Z"}
{"level":"info","message":"   结果: success - CSS问题已修复","timestamp":"2026-02-02T07:29:18.282Z"}
{"level":"info","message":"   修复问题: 发现2个固定宽度设置，可能影响响应式设计","timestamp":"2026-02-02T07:29:18.282Z"}
{"level":"info","message":"   结果: success - CSS问题已修复","timestamp":"2026-02-02T07:29:18.282Z"}
{"level":"info","message":"   修复问题: 发现4个固定宽度设置，可能影响响应式设计","timestamp":"2026-02-02T07:29:18.282Z"}
{"level":"info","message":"   结果: success - CSS问题已修复","timestamp":"2026-02-02T07:29:18.282Z"}
{"level":"info","message":"   修复问题: 发现3个固定宽度设置，可能影响响应式设计","timestamp":"2026-02-02T07:29:18.282Z"}
{"level":"info","message":"   结果: success - CSS问题已修复","timestamp":"2026-02-02T07:29:18.282Z"}
{"level":"info","message":"   修复问题: 发现4个固定宽度设置，可能影响响应式设计","timestamp":"2026-02-02T07:29:18.282Z"}
{"level":"info","message":"   结果: success - CSS问题已修复","timestamp":"2026-02-02T07:29:18.282Z"}
{"level":"info","message":"   修复问题: 发现2个固定宽度设置，可能影响响应式设计","timestamp":"2026-02-02T07:29:18.282Z"}
{"level":"info","message":"   结果: success - CSS问题已修复","timestamp":"2026-02-02T07:29:18.282Z"}
{"level":"info","message":"   修复问题: 发现2个固定宽度设置，可能影响响应式设计","timestamp":"2026-02-02T07:29:18.282Z"}
{"level":"info","message":"   结果: success - CSS问题已修复","timestamp":"2026-02-02T07:29:18.282Z"}
{"level":"info","message":"   修复问题: 发现5个固定宽度设置，可能影响响应式设计","timestamp":"2026-02-02T07:29:18.282Z"}
{"level":"info","message":"   结果: success - CSS问题已修复","timestamp":"2026-02-02T07:29:18.282Z"}
{"level":"info","message":"   修复问题: 发现2个固定宽度设置，可能影响响应式设计","timestamp":"2026-02-02T07:29:18.282Z"}
{"level":"info","message":"   结果: success - CSS问题已修复","timestamp":"2026-02-02T07:29:18.282Z"}
{"level":"info","message":"   修复问题: 发现2个固定宽度设置，可能影响响应式设计","timestamp":"2026-02-02T07:29:18.282Z"}
{"level":"info","message":"   结果: success - CSS问题已修复","timestamp":"2026-02-02T07:29:18.282Z"}
{"level":"info","message":"   修复问题: 发现2个固定宽度设置，可能影响响应式设计","timestamp":"2026-02-02T07:29:18.282Z"}
{"level":"info","message":"   结果: success - CSS问题已修复","timestamp":"2026-02-02T07:29:18.282Z"}
{"level":"info","message":"   修复问题: 发现2个固定宽度设置，可能影响响应式设计","timestamp":"2026-02-02T07:29:18.282Z"}
{"level":"info","message":"   结果: success - CSS问题已修复","timestamp":"2026-02-02T07:29:18.282Z"}
{"level":"info","message":"   修复问题: 发现2个固定宽度设置，可能影响响应式设计","timestamp":"2026-02-02T07:29:18.282Z"}
{"level":"info","message":"   结果: success - CSS问题已修复","timestamp":"2026-02-02T07:29:18.282Z"}
{"level":"info","message":"   修复问题: 发现2个固定宽度设置，可能影响响应式设计","timestamp":"2026-02-02T07:29:18.282Z"}
{"level":"info","message":"   结果: success - CSS问题已修复","timestamp":"2026-02-02T07:29:18.282Z"}
{"level":"info","message":"   修复问题: 发现2个固定宽度设置，可能影响响应式设计","timestamp":"2026-02-02T07:29:18.282Z"}
{"level":"info","message":"   结果: success - CSS问题已修复","timestamp":"2026-02-02T07:29:18.282Z"}
{"level":"info","message":"   修复问题: 发现2个固定宽度设置，可能影响响应式设计","timestamp":"2026-02-02T07:29:18.282Z"}
{"level":"info","message":"   结果: success - CSS问题已修复","timestamp":"2026-02-02T07:29:18.282Z"}
{"level":"info","message":"   修复问题: 发现2个固定宽度设置，可能影响响应式设计","timestamp":"2026-02-02T07:29:18.282Z"}
{"level":"info","message":"   结果: success - CSS问题已修复","timestamp":"2026-02-02T07:29:18.282Z"}
{"level":"info","message":"   修复问题: 发现2个固定宽度设置，可能影响响应式设计","timestamp":"2026-02-02T07:29:18.282Z"}
{"level":"info","message":"   结果: success - CSS问题已修复","timestamp":"2026-02-02T07:29:18.282Z"}
{"level":"info","message":"   修复问题: 发现2个固定宽度设置，可能影响响应式设计","timestamp":"2026-02-02T07:29:18.282Z"}
{"level":"info","message":"   结果: success - CSS问题已修复","timestamp":"2026-02-02T07:29:18.282Z"}
{"level":"info","message":"   修复问题: 发现2个固定宽度设置，可能影响响应式设计","timestamp":"2026-02-02T07:29:18.282Z"}
{"level":"info","message":"   结果: success - CSS问题已修复","timestamp":"2026-02-02T07:29:18.282Z"}
{"level":"info","message":"   修复问题: 发现2个固定宽度设置，可能影响响应式设计","timestamp":"2026-02-02T07:29:18.282Z"}
{"level":"info","message":"   结果: success - CSS问题已修复","timestamp":"2026-02-02T07:29:18.282Z"}
{"level":"info","message":"   修复问题: 发现2个固定宽度设置，可能影响响应式设计","timestamp":"2026-02-02T07:29:18.282Z"}
{"level":"info","message":"   结果: success - CSS问题已修复","timestamp":"2026-02-02T07:29:18.282Z"}
{"level":"info","message":"   修复问题: 发现2个固定宽度设置，可能影响响应式设计","timestamp":"2026-02-02T07:29:18.282Z"}
{"level":"info","message":"   结果: success - CSS问题已修复","timestamp":"2026-02-02T07:29:18.282Z"}
{"level":"info","message":"   修复问题: 发现2个固定宽度设置，可能影响响应式设计","timestamp":"2026-02-02T07:29:18.282Z"}
{"level":"info","message":"   结果: success - CSS问题已修复","timestamp":"2026-02-02T07:29:18.282Z"}
{"level":"info","message":"   修复问题: 发现2个固定宽度设置，可能影响响应式设计","timestamp":"2026-02-02T07:29:18.282Z"}
{"level":"info","message":"   结果: success - CSS问题已修复","timestamp":"2026-02-02T07:29:18.282Z"}
{"level":"info","message":"   修复问题: 发现2个固定宽度设置，可能影响响应式设计","timestamp":"2026-02-02T07:29:18.282Z"}
{"level":"info","message":"   结果: success - CSS问题已修复","timestamp":"2026-02-02T07:29:18.282Z"}
{"level":"info","message":"   修复问题: 发现2个固定宽度设置，可能影响响应式设计","timestamp":"2026-02-02T07:29:18.282Z"}
{"level":"info","message":"   结果: success - CSS问题已修复","timestamp":"2026-02-02T07:29:18.282Z"}
{"level":"info","message":"   修复问题: 发现2个固定宽度设置，可能影响响应式设计","timestamp":"2026-02-02T07:29:18.282Z"}
{"level":"info","message":"   结果: success - CSS问题已修复","timestamp":"2026-02-02T07:29:18.282Z"}
{"level":"info","message":"   修复问题: 发现2个固定宽度设置，可能影响响应式设计","timestamp":"2026-02-02T07:29:18.282Z"}
{"level":"info","message":"   结果: success - CSS问题已修复","timestamp":"2026-02-02T07:29:18.282Z"}
{"level":"info","message":"   修复问题: 发现2个固定宽度设置，可能影响响应式设计","timestamp":"2026-02-02T07:29:18.282Z"}
{"level":"info","message":"   结果: success - CSS问题已修复","timestamp":"2026-02-02T07:29:18.282Z"}
{"level":"info","message":"   修复问题: 发现2个固定宽度设置，可能影响响应式设计","timestamp":"2026-02-02T07:29:18.282Z"}
{"level":"info","message":"   结果: success - CSS问题已修复","timestamp":"2026-02-02T07:29:18.282Z"}
{"level":"info","message":"   修复问题: 发现2个固定宽度设置，可能影响响应式设计","timestamp":"2026-02-02T07:29:18.282Z"}
{"level":"info","message":"   结果: success - CSS问题已修复","timestamp":"2026-02-02T07:29:18.282Z"}
{"level":"info","message":"   修复问题: 发现2个固定宽度设置，可能影响响应式设计","timestamp":"2026-02-02T07:29:18.282Z"}
{"level":"info","message":"   结果: success - CSS问题已修复","timestamp":"2026-02-02T07:29:18.282Z"}
{"level":"info","message":"   修复问题: 发现4个固定宽度设置，可能影响响应式设计","timestamp":"2026-02-02T07:29:18.282Z"}
{"level":"info","message":"   结果: success - CSS问题已修复","timestamp":"2026-02-02T07:29:18.282Z"}
{"level":"info","message":"   修复问题: 发现2个固定宽度设置，可能影响响应式设计","timestamp":"2026-02-02T07:29:18.282Z"}
{"level":"info","message":"   结果: success - CSS问题已修复","timestamp":"2026-02-02T07:29:18.282Z"}
{"level":"info","message":"   修复问题: 发现2个固定宽度设置，可能影响响应式设计","timestamp":"2026-02-02T07:29:18.282Z"}
{"level":"info","message":"   结果: success - CSS问题已修复","timestamp":"2026-02-02T07:29:18.282Z"}
{"level":"info","message":"   修复问题: 发现2个固定宽度设置，可能影响响应式设计","timestamp":"2026-02-02T07:29:18.282Z"}
{"level":"info","message":"   结果: success - CSS问题已修复","timestamp":"2026-02-02T07:29:18.282Z"}
{"level":"info","message":"   修复问题: 发现2个固定宽度设置，可能影响响应式设计","timestamp":"2026-02-02T07:29:18.282Z"}
{"level":"info","message":"   结果: success - CSS问题已修复","timestamp":"2026-02-02T07:29:18.282Z"}
{"level":"info","message":"   修复问题: 发现2个固定宽度设置，可能影响响应式设计","timestamp":"2026-02-02T07:29:18.282Z"}
{"level":"info","message":"   结果: success - CSS问题已修复","timestamp":"2026-02-02T07:29:18.282Z"}
{"level":"info","message":"   修复问题: 发现2个固定宽度设置，可能影响响应式设计","timestamp":"2026-02-02T07:29:18.282Z"}
{"level":"info","message":"   结果: success - CSS问题已修复","timestamp":"2026-02-02T07:29:18.283Z"}
{"level":"info","message":"   修复问题: 发现2个固定宽度设置，可能影响响应式设计","timestamp":"2026-02-02T07:29:18.283Z"}
{"level":"info","message":"   结果: success - CSS问题已修复","timestamp":"2026-02-02T07:29:18.283Z"}
{"level":"info","message":"   修复问题: 发现2个固定宽度设置，可能影响响应式设计","timestamp":"2026-02-02T07:29:18.283Z"}
{"level":"info","message":"   结果: success - CSS问题已修复","timestamp":"2026-02-02T07:29:18.283Z"}
{"level":"info","message":"   修复问题: 发现2个固定宽度设置，可能影响响应式设计","timestamp":"2026-02-02T07:29:18.283Z"}
{"level":"info","message":"   结果: success - CSS问题已修复","timestamp":"2026-02-02T07:29:18.283Z"}
{"level":"info","message":"   修复问题: 发现2个固定宽度设置，可能影响响应式设计","timestamp":"2026-02-02T07:29:18.283Z"}
{"level":"info","message":"   结果: success - CSS问题已修复","timestamp":"2026-02-02T07:29:18.283Z"}
{"level":"info","message":"   修复问题: 发现3个固定宽度设置，可能影响响应式设计","timestamp":"2026-02-02T07:29:18.283Z"}
{"level":"info","message":"   结果: success - CSS问题已修复","timestamp":"2026-02-02T07:29:18.283Z"}
{"level":"info","message":"   修复问题: 发现2个固定宽度设置，可能影响响应式设计","timestamp":"2026-02-02T07:29:18.283Z"}
{"level":"info","message":"   结果: success - CSS问题已修复","timestamp":"2026-02-02T07:29:18.283Z"}
{"level":"info","message":"   修复问题: 发现2个固定宽度设置，可能影响响应式设计","timestamp":"2026-02-02T07:29:18.283Z"}
{"level":"info","message":"   结果: success - CSS问题已修复","timestamp":"2026-02-02T07:29:18.283Z"}
{"level":"info","message":"   修复问题: 发现2个固定宽度设置，可能影响响应式设计","timestamp":"2026-02-02T07:29:18.283Z"}
{"level":"info","message":"   结果: success - CSS问题已修复","timestamp":"2026-02-02T07:29:18.283Z"}
{"level":"info","message":"   修复问题: 发现2个固定宽度设置，可能影响响应式设计","timestamp":"2026-02-02T07:29:18.283Z"}
{"level":"info","message":"   结果: success - CSS问题已修复","timestamp":"2026-02-02T07:29:18.283Z"}
{"level":"info","message":"   修复问题: 发现4个固定宽度设置，可能影响响应式设计","timestamp":"2026-02-02T07:29:18.283Z"}
{"level":"info","message":"   结果: success - CSS问题已修复","timestamp":"2026-02-02T07:29:18.283Z"}
{"level":"info","message":"   修复问题: 发现3个固定宽度设置，可能影响响应式设计","timestamp":"2026-02-02T07:29:18.283Z"}
{"level":"info","message":"   结果: success - CSS问题已修复","timestamp":"2026-02-02T07:29:18.283Z"}
{"level":"info","message":"   修复问题: 发现2个固定宽度设置，可能影响响应式设计","timestamp":"2026-02-02T07:29:18.283Z"}
{"level":"info","message":"   结果: success - CSS问题已修复","timestamp":"2026-02-02T07:29:18.283Z"}
{"level":"info","message":"   修复问题: 发现3个固定宽度设置，可能影响响应式设计","timestamp":"2026-02-02T07:29:18.283Z"}
{"level":"info","message":"   结果: success - CSS问题已修复","timestamp":"2026-02-02T07:29:18.283Z"}
{"level":"info","message":"   修复问题: 发现1个未异步加载的脚本，可能影响页面加载速度","timestamp":"2026-02-02T07:29:18.283Z"}
{"level":"info","message":"   结果: success - HTML问题已修复","timestamp":"2026-02-02T07:29:18.283Z"}
{"level":"info","message":"   修复问题: 发现2个未异步加载的脚本，可能影响页面加载速度","timestamp":"2026-02-02T07:29:18.283Z"}
{"level":"info","message":"   结果: success - HTML问题已修复","timestamp":"2026-02-02T07:29:18.283Z"}
{"level":"info","message":"   修复问题: 发现9个未异步加载的脚本，可能影响页面加载速度","timestamp":"2026-02-02T07:29:18.283Z"}
{"level":"info","message":"   结果: success - HTML问题已修复","timestamp":"2026-02-02T07:29:18.283Z"}
{"level":"info","message":"   修复问题: 发现7个未异步加载的脚本，可能影响页面加载速度","timestamp":"2026-02-02T07:29:18.283Z"}
{"level":"info","message":"   结果: success - HTML问题已修复","timestamp":"2026-02-02T07:29:18.283Z"}
{"level":"info","message":"   修复问题: 发现3个未异步加载的脚本，可能影响页面加载速度","timestamp":"2026-02-02T07:29:18.283Z"}
{"level":"info","message":"   结果: success - HTML问题已修复","timestamp":"2026-02-02T07:29:18.283Z"}
{"level":"info","message":"   修复问题: 发现4个未异步加载的脚本，可能影响页面加载速度","timestamp":"2026-02-02T07:29:18.283Z"}
{"level":"info","message":"   结果: success - HTML问题已修复","timestamp":"2026-02-02T07:29:18.283Z"}
{"level":"info","message":"   修复问题: 发现7个未异步加载的脚本，可能影响页面加载速度","timestamp":"2026-02-02T07:29:18.283Z"}
{"level":"info","message":"   结果: success - HTML问题已修复","timestamp":"2026-02-02T07:29:18.283Z"}
{"level":"info","message":"   修复问题: 发现11个未异步加载的脚本，可能影响页面加载速度","timestamp":"2026-02-02T07:29:18.283Z"}
{"level":"info","message":"   结果: success - HTML问题已修复","timestamp":"2026-02-02T07:29:18.283Z"}
{"level":"info","message":"   修复问题: 发现9个未异步加载的脚本，可能影响页面加载速度","timestamp":"2026-02-02T07:29:18.283Z"}
{"level":"info","message":"   结果: success - HTML问题已修复","timestamp":"2026-02-02T07:29:18.283Z"}
{"level":"info","message":"   修复问题: 发现6个未异步加载的脚本，可能影响页面加载速度","timestamp":"2026-02-02T07:29:18.283Z"}
{"level":"info","message":"   结果: success - HTML问题已修复","timestamp":"2026-02-02T07:29:18.283Z"}
{"level":"info","message":"   修复问题: 发现4个未异步加载的脚本，可能影响页面加载速度","timestamp":"2026-02-02T07:29:18.283Z"}
{"level":"info","message":"   结果: success - HTML问题已修复","timestamp":"2026-02-02T07:29:18.283Z"}
{"level":"info","message":"   修复问题: 发现1个未异步加载的脚本，可能影响页面加载速度","timestamp":"2026-02-02T07:29:18.283Z"}
{"level":"info","message":"   结果: success - HTML问题已修复","timestamp":"2026-02-02T07:29:18.283Z"}
{"level":"info","message":"   修复问题: 发现3个未异步加载的脚本，可能影响页面加载速度","timestamp":"2026-02-02T07:29:18.283Z"}
{"level":"info","message":"   结果: success - HTML问题已修复","timestamp":"2026-02-02T07:29:18.283Z"}
{"level":"info","message":"   修复问题: 发现1个未异步加载的脚本，可能影响页面加载速度","timestamp":"2026-02-02T07:29:18.283Z"}
{"level":"info","message":"   结果: success - HTML问题已修复","timestamp":"2026-02-02T07:29:18.283Z"}
{"level":"info","message":"   修复问题: 发现2个未异步加载的脚本，可能影响页面加载速度","timestamp":"2026-02-02T07:29:18.283Z"}
{"level":"info","message":"   结果: success - HTML问题已修复","timestamp":"2026-02-02T07:29:18.283Z"}
{"level":"info","message":"   修复问题: 发现1个未异步加载的脚本，可能影响页面加载速度","timestamp":"2026-02-02T07:29:18.283Z"}
{"level":"info","message":"   结果: success - HTML问题已修复","timestamp":"2026-02-02T07:29:18.283Z"}
{"level":"info","message":"   修复问题: 发现5个未异步加载的脚本，可能影响页面加载速度","timestamp":"2026-02-02T07:29:18.283Z"}
{"level":"info","message":"   结果: success - HTML问题已修复","timestamp":"2026-02-02T07:29:18.283Z"}
{"level":"info","message":"   修复问题: 发现2个未异步加载的脚本，可能影响页面加载速度","timestamp":"2026-02-02T07:29:18.283Z"}
{"level":"info","message":"   结果: success - HTML问题已修复","timestamp":"2026-02-02T07:29:18.283Z"}
{"level":"info","message":"AI browser-compatibility-subai 浏览器兼容性修复完成","timestamp":"2026-02-02T07:29:18.283Z"}
{"level":"info","message":"AI browser-compatibility-subai 开始功能拓展","timestamp":"2026-02-02T07:29:18.283Z"}
{"level":"info","message":"AI browser-compatibility-subai 添加浏览器兼容性库","timestamp":"2026-02-02T07:29:18.283Z"}
{"level":"info","message":"AI browser-compatibility-subai 添加浏览器检测功能","timestamp":"2026-02-02T07:29:18.283Z"}
{"level":"info","message":"AI browser-compatibility-subai 添加性能优化","timestamp":"2026-02-02T07:29:18.283Z"}
{"level":"info","message":"AI browser-compatibility-subai 添加错误监控","timestamp":"2026-02-02T07:29:18.283Z"}
{"level":"info","message":"AI browser-compatibility-subai 功能拓展完成","timestamp":"2026-02-02T07:29:18.283Z"}
{"level":"info","message":"AI browser-compatibility-subai 开始上报特征库","timestamp":"2026-02-02T07:29:18.283Z"}
{"level":"info","message":"AI browser-compatibility-subai 项目特征库上报成功","timestamp":"2026-02-02T07:29:18.283Z"}
{"level":"info","message":"AI browser-compatibility-subai 中央特征库上报成功","timestamp":"2026-02-02T07:29:18.283Z"}
{"level":"info","message":"AI browser-compatibility-subai 特征库上报完成","timestamp":"2026-02-02T07:29:18.283Z"}
{"level":"info","message":"AI browser-compatibility-subai 生成兼容性报告","timestamp":"2026-02-02T07:29:18.283Z"}
{"level":"info","message":"AI browser-compatibility-subai 浏览器兼容性适配完成","timestamp":"2026-02-02T07:29:18.283Z"}
