2026-07-21 14:07:48,373 - __main__ - INFO - 手动触发学习循环
2026-07-21 14:07:48,373 - __main__ - INFO - 执行维护学习...
2026-07-21 14:07:48,373 - __main__ - ERROR - 分析错误修复历史失败: no such table: project_errors
2026-07-21 14:07:48,373 - __main__ - INFO - 执行网络学习...
2026-07-21 14:07:48,373 - __main__ - INFO - 学习领域: AI
2026-07-21 14:07:51,576 - __main__ - INFO - 从网络获取了 8 条 AI 领域知识
2026-07-21 14:07:51,581 - __main__ - INFO - 学习领域: Architecture
2026-07-21 14:07:54,052 - __main__ - INFO - 学习领域: Database
2026-07-21 14:07:56,484 - __main__ - INFO - 从网络获取了 3 条 Database 领域知识
2026-07-21 14:07:56,486 - __main__ - INFO - 学习领域: Security
2026-07-21 14:07:58,552 - __main__ - INFO - 学习领域: Performance
2026-07-21 14:08:00,165 - __main__ - INFO - 从网络获取了 2 条 Performance 领域知识
2026-07-21 14:08:00,166 - __main__ - INFO - 学习领域: DevOps
2026-07-21 14:08:01,652 - __main__ - INFO - 从网络获取了 2 条 DevOps 领域知识
2026-07-21 14:08:01,653 - __main__ - INFO - 学习领域: Flask
2026-07-21 14:08:03,252 - __main__ - INFO - 从网络获取了 3 条 Flask 领域知识
2026-07-21 14:08:03,253 - __main__ - INFO - 发现学习方向和规则...
2026-07-21 14:08:03,253 - __main__ - ERROR - 发现学习缺口失败: no such table: ai_brain_features
2026-07-21 14:08:03,254 - __main__ - INFO - 新增规则: SELF_LEARNING_AI_AI_AGENT
2026-07-21 14:08:03,254 - __main__ - INFO - 新增规则: SELF_LEARNING_AI_RAG
2026-07-21 14:08:03,255 - __main__ - INFO - 新增规则: SELF_LEARNING_DATABASE______
2026-07-21 14:08:03,256 - __main__ - INFO - 新增规则: SELF_LEARNING_ARCHITECTURE____
2026-07-21 14:08:03,257 - __main__ - INFO - 新增规则: SELF_LEARNING_SECURITY____
2026-07-21 14:08:03,257 - __main__ - INFO - 新增规则: SELF_LEARNING_AI______
2026-07-21 14:08:03,258 - __main__ - INFO - 规则更新完成
2026-07-21 14:08:03,258 - __main__ - INFO - 手动学习循环完成
