2026-04-17 13:40:10,385 - AI_Optimization - INFO - 日志系统初始化成功
2026-04-17 13:40:10,396 - AI_Optimization - INFO - 成功连接到 sqlite 数据库
2026-04-17 13:40:10,398 - AI_Optimization - INFO - 数据库表结构初始化成功
2026-04-17 13:40:10,398 - AI_Optimization - INFO - 数据库管理器初始化成功
2026-04-17 13:40:10,398 - AI_Optimization - INFO - 系统监控线程启动成功
2026-04-17 13:40:10,398 - AI_Optimization - INFO - 模型优化线程启动成功
2026-04-17 13:40:10,398 - AI_Optimization - INFO - AI优化器初始化成功
2026-04-17 13:40:10,399 - AI_Optimization - INFO - 检测到内存使用率过高，开始自动优化
2026-04-17 13:40:10,399 - AI_Optimization - INFO - 开始优化内存
2026-04-17 13:40:10,399 - AI_Optimization - INFO - 系统自动优化线程启动成功
2026-04-17 13:40:10,403 - AI_Optimization - INFO - 内存优化完成
2026-04-17 13:40:10,404 - AI_Optimization - INFO - 服务器监控线程启动成功
2026-04-17 13:40:10,404 - AI_Optimization - INFO - 系统自动优化器初始化成功
2026-04-17 13:40:10,404 - AI_Optimization - INFO - 开始清理临时文件
2026-04-17 13:40:10,404 - AI_Optimization - INFO - 开始执行自动备份
2026-04-17 13:40:10,404 - AI_Optimization - INFO - 开始执行健康检查
2026-04-17 13:40:10,404 - AI_Optimization - INFO - 开始执行备份
2026-04-17 13:40:10,405 - AI_Optimization - INFO - 维护线程启动成功
2026-04-17 13:40:10,405 - AI_Optimization - INFO - 系统维护服务初始化成功
2026-04-17 13:40:10,404 - AI_Optimization - INFO - 开始执行日志轮转
2026-04-17 13:40:10,405 - AI_Optimization - INFO - 开始执行依赖检查
2026-04-17 13:40:10,408 - AI_Optimization - INFO - 依赖检查完成: 7 个依赖
2026-04-17 13:40:10,408 - AI_Optimization - INFO - 从 /tmp 清理了 0 个临时文件
2026-04-17 13:40:10,409 - AI_Optimization - INFO - HTML模板创建成功
2026-04-17 13:40:10,409 - AI_Optimization - INFO - Web服务器启动在 http://0.0.0.0:8888
2026-04-17 13:40:10,409 - AI_Optimization - INFO - 访问地址: http://localhost:8888
配置保存到文件 backups/config_20260417_134010.json 成功
 * Serving Flask app 'app'
 * Debug mode: on
2026-04-17 13:40:10,420 - AI_Optimization - INFO - 从 /var/tmp 清理了 0 个临时文件
2026-04-17 13:40:10,423 - AI_Optimization - INFO - 备份完成: 3 个项目备份成功
2026-04-17 13:40:10,445 - werkzeug - INFO - [31m[1mWARNING: This is a development server. Do not use it in a production deployment. Use a production WSGI server instead.[0m
 * Running on all addresses (0.0.0.0)
 * Running on http://127.0.0.1:8888
 * Running on http://192.168.11.148:8888
2026-04-17 13:40:10,445 - werkzeug - INFO - [33mPress CTRL+C to quit[0m
2026-04-17 13:40:10,445 - werkzeug - INFO -  * Restarting with stat
2026-04-17 13:40:10,617 - AI_Optimization - INFO - 日志系统初始化成功
2026-04-17 13:40:10,628 - AI_Optimization - INFO - 成功连接到 sqlite 数据库
2026-04-17 13:40:10,630 - AI_Optimization - INFO - 数据库表结构初始化成功
2026-04-17 13:40:10,630 - AI_Optimization - INFO - 数据库管理器初始化成功
2026-04-17 13:40:10,630 - AI_Optimization - INFO - 系统监控线程启动成功
2026-04-17 13:40:10,630 - AI_Optimization - INFO - 模型优化线程启动成功
2026-04-17 13:40:10,630 - AI_Optimization - INFO - AI优化器初始化成功
2026-04-17 13:40:10,631 - AI_Optimization - INFO - 检测到内存使用率过高，开始自动优化
2026-04-17 13:40:10,631 - AI_Optimization - INFO - 系统自动优化线程启动成功
2026-04-17 13:40:10,631 - AI_Optimization - INFO - 开始优化内存
2026-04-17 13:40:10,636 - AI_Optimization - INFO - 内存优化完成
2026-04-17 13:40:10,636 - AI_Optimization - INFO - 服务器监控线程启动成功
2026-04-17 13:40:10,636 - AI_Optimization - INFO - 开始清理临时文件
2026-04-17 13:40:10,636 - AI_Optimization - INFO - 系统自动优化器初始化成功
2026-04-17 13:40:10,636 - AI_Optimization - INFO - 开始执行自动备份
2026-04-17 13:40:10,636 - AI_Optimization - INFO - 开始执行日志轮转
2026-04-17 13:40:10,636 - AI_Optimization - INFO - 开始执行依赖检查
2026-04-17 13:40:10,636 - AI_Optimization - INFO - 开始执行健康检查
2026-04-17 13:40:10,636 - AI_Optimization - INFO - 开始执行备份
2026-04-17 13:40:10,636 - AI_Optimization - INFO - 维护线程启动成功
2026-04-17 13:40:10,637 - AI_Optimization - INFO - 依赖检查完成: 7 个依赖
2026-04-17 13:40:10,637 - AI_Optimization - INFO - 系统维护服务初始化成功
2026-04-17 13:40:10,640 - AI_Optimization - INFO - 从 /tmp 清理了 0 个临时文件
2026-04-17 13:40:10,640 - AI_Optimization - INFO - HTML模板创建成功
2026-04-17 13:40:10,640 - AI_Optimization - INFO - Web服务器启动在 http://0.0.0.0:8888
2026-04-17 13:40:10,640 - AI_Optimization - INFO - 访问地址: http://localhost:8888
2026-04-17 13:40:10,648 - AI_Optimization - INFO - 从 /var/tmp 清理了 0 个临时文件
2026-04-17 13:40:10,656 - AI_Optimization - INFO - 备份完成: 3 个项目备份成功
2026-04-17 13:40:10,674 - werkzeug - WARNING -  * Debugger is active!
2026-04-17 13:40:10,706 - werkzeug - INFO -  * Debugger PIN: 159-683-998
2026-04-17 13:40:10,989 - werkzeug - INFO - 127.0.0.1 - - [17/Apr/2026 13:40:10] "[33mPOST /auth/login HTTP/1.1[0m" 404 -
2026-04-17 13:40:11,405 - AI_Optimization - WARNING - 网络使用量过高: 10275860480 bytes
2026-04-17 13:40:11,407 - AI_Optimization - WARNING - 服务器资源使用率过高: CPU=73.2%, Memory=87.9%
2026-04-17 13:40:11,407 - AI_Optimization - WARNING - 触发紧急优化程序
2026-04-17 13:40:11,407 - AI_Optimization - INFO - 开始优化内存
2026-04-17 13:40:11,417 - AI_Optimization - INFO - 内存优化完成
2026-04-17 13:40:11,417 - AI_Optimization - INFO - 开始清理临时文件
2026-04-17 13:40:11,417 - AI_Optimization - INFO - 从 /tmp 清理了 0 个临时文件
2026-04-17 13:40:11,418 - AI_Optimization - INFO - 从 /var/tmp 清理了 0 个临时文件
2026-04-17 13:40:11,634 - AI_Optimization - WARNING - 服务器资源使用率过高: CPU=46.8%, Memory=87.7%
2026-04-17 13:40:11,634 - AI_Optimization - WARNING - 触发紧急优化程序
2026-04-17 13:40:11,634 - AI_Optimization - INFO - 开始优化内存
2026-04-17 13:40:11,641 - AI_Optimization - INFO - 内存优化完成
2026-04-17 13:40:11,641 - AI_Optimization - INFO - 开始清理临时文件
2026-04-17 13:40:11,642 - AI_Optimization - INFO - 从 /tmp 清理了 0 个临时文件
2026-04-17 13:40:11,642 - AI_Optimization - INFO - 从 /var/tmp 清理了 0 个临时文件
2026-04-17 13:40:11,642 - AI_Optimization - WARNING - 网络使用量过高: 10275860480 bytes
2026-04-17 13:40:19,750 - werkzeug - INFO - 127.0.0.1 - - [17/Apr/2026 13:40:19] "GET / HTTP/1.1" 200 -
2026-04-17 13:40:29,796 - werkzeug - INFO - 127.0.0.1 - - [17/Apr/2026 13:40:29] "GET / HTTP/1.1" 200 -
2026-04-17 13:40:39,821 - werkzeug - INFO - 127.0.0.1 - - [17/Apr/2026 13:40:39] "GET / HTTP/1.1" 200 -
2026-04-17 13:40:42,416 - AI_Optimization - WARNING - 网络使用量过高: 10277110784 bytes
2026-04-17 13:40:42,429 - AI_Optimization - WARNING - 服务器资源使用率过高: CPU=26.3%, Memory=87.7%
2026-04-17 13:40:42,429 - AI_Optimization - WARNING - 触发紧急优化程序
2026-04-17 13:40:42,430 - AI_Optimization - INFO - 开始优化内存
2026-04-17 13:40:42,451 - AI_Optimization - INFO - 内存优化完成
2026-04-17 13:40:42,451 - AI_Optimization - INFO - 开始清理临时文件
2026-04-17 13:40:42,452 - AI_Optimization - INFO - 从 /tmp 清理了 0 个临时文件
2026-04-17 13:40:42,454 - AI_Optimization - INFO - 从 /var/tmp 清理了 0 个临时文件
2026-04-17 13:40:42,653 - AI_Optimization - WARNING - 服务器资源使用率过高: CPU=27.9%, Memory=87.7%
2026-04-17 13:40:42,653 - AI_Optimization - WARNING - 触发紧急优化程序
2026-04-17 13:40:42,653 - AI_Optimization - INFO - 开始优化内存
2026-04-17 13:40:42,664 - AI_Optimization - INFO - 内存优化完成
2026-04-17 13:40:42,664 - AI_Optimization - INFO - 开始清理临时文件
2026-04-17 13:40:42,665 - AI_Optimization - WARNING - 网络使用量过高: 10277110784 bytes
2026-04-17 13:40:42,665 - AI_Optimization - INFO - 从 /tmp 清理了 0 个临时文件
2026-04-17 13:40:42,666 - AI_Optimization - INFO - 从 /var/tmp 清理了 0 个临时文件
2026-04-17 13:40:47,100 - werkzeug - INFO - 127.0.0.1 - - [17/Apr/2026 13:40:47] "GET / HTTP/1.1" 200 -
2026-04-17 13:40:49,864 - werkzeug - INFO - 127.0.0.1 - - [17/Apr/2026 13:40:49] "GET / HTTP/1.1" 200 -
2026-04-17 13:40:59,909 - werkzeug - INFO - 127.0.0.1 - - [17/Apr/2026 13:40:59] "GET / HTTP/1.1" 200 -
2026-04-17 13:41:09,952 - werkzeug - INFO - 127.0.0.1 - - [17/Apr/2026 13:41:09] "GET / HTTP/1.1" 200 -
2026-04-17 13:41:13,427 - AI_Optimization - WARNING - 网络使用量过高: 10277994496 bytes
2026-04-17 13:41:13,462 - AI_Optimization - WARNING - 服务器资源使用率过高: CPU=22.8%, Memory=87.6%
2026-04-17 13:41:13,462 - AI_Optimization - WARNING - 触发紧急优化程序
2026-04-17 13:41:13,462 - AI_Optimization - INFO - 开始优化内存
2026-04-17 13:41:13,484 - AI_Optimization - INFO - 内存优化完成
2026-04-17 13:41:13,484 - AI_Optimization - INFO - 开始清理临时文件
2026-04-17 13:41:13,485 - AI_Optimization - INFO - 从 /tmp 清理了 0 个临时文件
2026-04-17 13:41:13,486 - AI_Optimization - INFO - 从 /var/tmp 清理了 0 个临时文件
2026-04-17 13:41:13,676 - AI_Optimization - WARNING - 服务器资源使用率过高: CPU=23.2%, Memory=87.6%
2026-04-17 13:41:13,676 - AI_Optimization - WARNING - 触发紧急优化程序
2026-04-17 13:41:13,676 - AI_Optimization - INFO - 开始优化内存
2026-04-17 13:41:13,686 - AI_Optimization - INFO - 内存优化完成
2026-04-17 13:41:13,686 - AI_Optimization - INFO - 开始清理临时文件
2026-04-17 13:41:13,687 - AI_Optimization - WARNING - 网络使用量过高: 10277994496 bytes
2026-04-17 13:41:13,687 - AI_Optimization - INFO - 从 /tmp 清理了 0 个临时文件
2026-04-17 13:41:13,687 - AI_Optimization - INFO - 从 /var/tmp 清理了 0 个临时文件
2026-04-17 13:41:19,977 - werkzeug - INFO - 127.0.0.1 - - [17/Apr/2026 13:41:19] "GET / HTTP/1.1" 200 -
2026-04-17 13:41:24,512 - werkzeug - INFO - 127.0.0.1 - - [17/Apr/2026 13:41:24] "GET / HTTP/1.1" 200 -
2026-04-17 13:41:30,018 - werkzeug - INFO - 127.0.0.1 - - [17/Apr/2026 13:41:30] "GET / HTTP/1.1" 200 -
2026-04-17 13:41:31,920 - werkzeug - INFO - 127.0.0.1 - - [17/Apr/2026 13:41:31] "GET / HTTP/1.1" 200 -
2026-04-17 13:41:39,408 - werkzeug - INFO - 127.0.0.1 - - [17/Apr/2026 13:41:39] "GET / HTTP/1.1" 200 -
2026-04-17 13:41:40,061 - werkzeug - INFO - 127.0.0.1 - - [17/Apr/2026 13:41:40] "GET / HTTP/1.1" 200 -
2026-04-17 13:41:44,437 - AI_Optimization - WARNING - 网络使用量过高: 10278642688 bytes
2026-04-17 13:41:44,497 - AI_Optimization - WARNING - 服务器资源使用率过高: CPU=23.3%, Memory=87.6%
2026-04-17 13:41:44,497 - AI_Optimization - WARNING - 触发紧急优化程序
2026-04-17 13:41:44,498 - AI_Optimization - INFO - 开始优化内存
2026-04-17 13:41:44,509 - AI_Optimization - INFO - 内存优化完成
2026-04-17 13:41:44,510 - AI_Optimization - INFO - 开始清理临时文件
2026-04-17 13:41:44,510 - AI_Optimization - INFO - 从 /tmp 清理了 0 个临时文件
2026-04-17 13:41:44,512 - AI_Optimization - INFO - 从 /var/tmp 清理了 0 个临时文件
2026-04-17 13:41:44,696 - AI_Optimization - WARNING - 网络使用量过高: 10278643712 bytes
2026-04-17 13:41:44,697 - AI_Optimization - WARNING - 服务器资源使用率过高: CPU=23.0%, Memory=87.6%
2026-04-17 13:41:44,697 - AI_Optimization - WARNING - 触发紧急优化程序
2026-04-17 13:41:44,697 - AI_Optimization - INFO - 开始优化内存
2026-04-17 13:41:44,712 - AI_Optimization - INFO - 内存优化完成
2026-04-17 13:41:44,712 - AI_Optimization - INFO - 开始清理临时文件
2026-04-17 13:41:44,713 - AI_Optimization - INFO - 从 /tmp 清理了 0 个临时文件
2026-04-17 13:41:44,713 - AI_Optimization - INFO - 从 /var/tmp 清理了 0 个临时文件
2026-04-17 13:41:50,106 - werkzeug - INFO - 127.0.0.1 - - [17/Apr/2026 13:41:50] "GET / HTTP/1.1" 200 -
2026-04-17 13:42:00,149 - werkzeug - INFO - 127.0.0.1 - - [17/Apr/2026 13:42:00] "GET / HTTP/1.1" 200 -
2026-04-17 13:42:10,187 - werkzeug - INFO - 127.0.0.1 - - [17/Apr/2026 13:42:10] "GET / HTTP/1.1" 200 -
2026-04-17 13:42:15,445 - AI_Optimization - WARNING - 网络使用量过高: 10278925312 bytes
2026-04-17 13:42:15,523 - AI_Optimization - WARNING - 服务器资源使用率过高: CPU=23.1%, Memory=87.6%
2026-04-17 13:42:15,523 - AI_Optimization - WARNING - 触发紧急优化程序
2026-04-17 13:42:15,523 - AI_Optimization - INFO - 开始优化内存
2026-04-17 13:42:15,533 - AI_Optimization - INFO - 内存优化完成
2026-04-17 13:42:15,533 - AI_Optimization - INFO - 开始清理临时文件
2026-04-17 13:42:15,534 - AI_Optimization - INFO - 从 /tmp 清理了 0 个临时文件
2026-04-17 13:42:15,535 - AI_Optimization - INFO - 从 /var/tmp 清理了 0 个临时文件
2026-04-17 13:42:15,702 - AI_Optimization - WARNING - 网络使用量过高: 10278925312 bytes
2026-04-17 13:42:15,722 - AI_Optimization - WARNING - 服务器资源使用率过高: CPU=29.6%, Memory=87.6%
2026-04-17 13:42:15,723 - AI_Optimization - WARNING - 触发紧急优化程序
2026-04-17 13:42:15,723 - AI_Optimization - INFO - 开始优化内存
2026-04-17 13:42:15,732 - AI_Optimization - INFO - 内存优化完成
2026-04-17 13:42:15,732 - AI_Optimization - INFO - 开始清理临时文件
2026-04-17 13:42:15,733 - AI_Optimization - INFO - 从 /tmp 清理了 0 个临时文件
2026-04-17 13:42:15,733 - AI_Optimization - INFO - 从 /var/tmp 清理了 0 个临时文件
2026-04-17 13:42:16,890 - werkzeug - INFO - 127.0.0.1 - - [17/Apr/2026 13:42:16] "GET / HTTP/1.1" 200 -
2026-04-17 13:42:20,243 - werkzeug - INFO - 127.0.0.1 - - [17/Apr/2026 13:42:20] "GET / HTTP/1.1" 200 -
2026-04-17 13:42:24,313 - werkzeug - INFO - 127.0.0.1 - - [17/Apr/2026 13:42:24] "GET / HTTP/1.1" 200 -
2026-04-17 13:42:30,298 - werkzeug - INFO - 127.0.0.1 - - [17/Apr/2026 13:42:30] "GET / HTTP/1.1" 200 -
2026-04-17 13:42:31,971 - werkzeug - INFO - 127.0.0.1 - - [17/Apr/2026 13:42:31] "GET / HTTP/1.1" 200 -
2026-04-17 13:42:40,336 - werkzeug - INFO - 127.0.0.1 - - [17/Apr/2026 13:42:40] "GET / HTTP/1.1" 200 -
2026-04-17 13:42:46,458 - AI_Optimization - WARNING - 网络使用量过高: 10282393600 bytes
2026-04-17 13:42:46,537 - AI_Optimization - WARNING - 服务器资源使用率过高: CPU=66.2%, Memory=88.2%
2026-04-17 13:42:46,537 - AI_Optimization - WARNING - 触发紧急优化程序
2026-04-17 13:42:46,538 - AI_Optimization - INFO - 开始优化内存
2026-04-17 13:42:46,547 - AI_Optimization - INFO - 内存优化完成
2026-04-17 13:42:46,547 - AI_Optimization - INFO - 开始清理临时文件
2026-04-17 13:42:46,548 - AI_Optimization - INFO - 从 /tmp 清理了 0 个临时文件
2026-04-17 13:42:46,550 - AI_Optimization - INFO - 从 /var/tmp 清理了 0 个临时文件
2026-04-17 13:42:46,718 - AI_Optimization - WARNING - 网络使用量过高: 10282628096 bytes
2026-04-17 13:42:46,740 - AI_Optimization - WARNING - 服务器资源使用率过高: CPU=65.3%, Memory=88.5%
2026-04-17 13:42:46,740 - AI_Optimization - WARNING - 触发紧急优化程序
2026-04-17 13:42:46,740 - AI_Optimization - INFO - 开始优化内存
2026-04-17 13:42:46,763 - AI_Optimization - INFO - 内存优化完成
2026-04-17 13:42:46,763 - AI_Optimization - INFO - 开始清理临时文件
2026-04-17 13:42:46,764 - AI_Optimization - INFO - 从 /tmp 清理了 0 个临时文件
2026-04-17 13:42:46,765 - AI_Optimization - INFO - 从 /var/tmp 清理了 0 个临时文件
2026-04-17 13:42:50,388 - werkzeug - INFO - 127.0.0.1 - - [17/Apr/2026 13:42:50] "GET / HTTP/1.1" 200 -
2026-04-17 13:43:00,443 - werkzeug - INFO - 127.0.0.1 - - [17/Apr/2026 13:43:00] "GET / HTTP/1.1" 200 -
2026-04-17 13:43:09,453 - werkzeug - INFO - 127.0.0.1 - - [17/Apr/2026 13:43:09] "GET / HTTP/1.1" 200 -
2026-04-17 13:43:10,494 - werkzeug - INFO - 127.0.0.1 - - [17/Apr/2026 13:43:10] "GET / HTTP/1.1" 200 -
2026-04-17 13:43:16,902 - werkzeug - INFO - 127.0.0.1 - - [17/Apr/2026 13:43:16] "GET / HTTP/1.1" 200 -
2026-04-17 13:43:17,485 - AI_Optimization - WARNING - 网络使用量过高: 10284770304 bytes
2026-04-17 13:43:17,571 - AI_Optimization - WARNING - 服务器资源使用率过高: CPU=50.2%, Memory=88.3%
2026-04-17 13:43:17,571 - AI_Optimization - WARNING - 触发紧急优化程序
2026-04-17 13:43:17,571 - AI_Optimization - INFO - 开始优化内存
2026-04-17 13:43:17,583 - AI_Optimization - INFO - 内存优化完成
2026-04-17 13:43:17,583 - AI_Optimization - INFO - 开始清理临时文件
2026-04-17 13:43:17,584 - AI_Optimization - INFO - 从 /tmp 清理了 0 个临时文件
2026-04-17 13:43:17,585 - AI_Optimization - INFO - 从 /var/tmp 清理了 0 个临时文件
2026-04-17 13:43:17,747 - AI_Optimization - WARNING - 网络使用量过高: 10284770304 bytes
2026-04-17 13:43:17,783 - AI_Optimization - WARNING - 服务器资源使用率过高: CPU=51.2%, Memory=88.3%
2026-04-17 13:43:17,783 - AI_Optimization - WARNING - 触发紧急优化程序
2026-04-17 13:43:17,783 - AI_Optimization - INFO - 开始优化内存
2026-04-17 13:43:17,789 - AI_Optimization - INFO - 内存优化完成
2026-04-17 13:43:17,789 - AI_Optimization - INFO - 开始清理临时文件
2026-04-17 13:43:17,789 - AI_Optimization - INFO - 从 /tmp 清理了 0 个临时文件
2026-04-17 13:43:17,790 - AI_Optimization - INFO - 从 /var/tmp 清理了 0 个临时文件
2026-04-17 13:43:20,546 - werkzeug - INFO - 127.0.0.1 - - [17/Apr/2026 13:43:20] "GET / HTTP/1.1" 200 -
2026-04-17 13:43:24,376 - werkzeug - INFO - 127.0.0.1 - - [17/Apr/2026 13:43:24] "GET / HTTP/1.1" 200 -
2026-04-17 13:43:30,593 - werkzeug - INFO - 127.0.0.1 - - [17/Apr/2026 13:43:30] "GET / HTTP/1.1" 200 -
2026-04-17 13:43:31,780 - werkzeug - INFO - 127.0.0.1 - - [17/Apr/2026 13:43:31] "GET / HTTP/1.1" 200 -
2026-04-17 13:43:40,647 - werkzeug - INFO - 127.0.0.1 - - [17/Apr/2026 13:43:40] "GET / HTTP/1.1" 200 -
2026-04-17 13:43:48,507 - AI_Optimization - WARNING - 网络使用量过高: 10291103744 bytes
2026-04-17 13:43:48,596 - AI_Optimization - WARNING - 服务器资源使用率过高: CPU=46.2%, Memory=88.3%
2026-04-17 13:43:48,597 - AI_Optimization - WARNING - 触发紧急优化程序
2026-04-17 13:43:48,597 - AI_Optimization - INFO - 开始优化内存
2026-04-17 13:43:48,606 - AI_Optimization - INFO - 内存优化完成
2026-04-17 13:43:48,606 - AI_Optimization - INFO - 开始清理临时文件
2026-04-17 13:43:48,606 - AI_Optimization - INFO - 从 /tmp 清理了 0 个临时文件
2026-04-17 13:43:48,608 - AI_Optimization - INFO - 从 /var/tmp 清理了 0 个临时文件
2026-04-17 13:43:48,768 - AI_Optimization - WARNING - 网络使用量过高: 10291129344 bytes
2026-04-17 13:43:48,809 - AI_Optimization - WARNING - 服务器资源使用率过高: CPU=43.9%, Memory=88.3%
2026-04-17 13:43:48,809 - AI_Optimization - WARNING - 触发紧急优化程序
2026-04-17 13:43:48,809 - AI_Optimization - INFO - 开始优化内存
2026-04-17 13:43:48,827 - AI_Optimization - INFO - 内存优化完成
2026-04-17 13:43:48,827 - AI_Optimization - INFO - 开始清理临时文件
2026-04-17 13:43:48,828 - AI_Optimization - INFO - 从 /tmp 清理了 0 个临时文件
2026-04-17 13:43:48,829 - AI_Optimization - INFO - 从 /var/tmp 清理了 0 个临时文件
2026-04-17 13:43:50,715 - werkzeug - INFO - 127.0.0.1 - - [17/Apr/2026 13:43:50] "GET / HTTP/1.1" 200 -
2026-04-17 13:44:00,763 - werkzeug - INFO - 127.0.0.1 - - [17/Apr/2026 13:44:00] "GET / HTTP/1.1" 200 -
2026-04-17 13:44:09,294 - werkzeug - INFO - 127.0.0.1 - - [17/Apr/2026 13:44:09] "GET / HTTP/1.1" 200 -
2026-04-17 13:44:10,813 - werkzeug - INFO - 127.0.0.1 - - [17/Apr/2026 13:44:10] "GET / HTTP/1.1" 200 -
2026-04-17 13:44:16,734 - werkzeug - INFO - 127.0.0.1 - - [17/Apr/2026 13:44:16] "GET / HTTP/1.1" 200 -
2026-04-17 13:44:19,516 - AI_Optimization - WARNING - 网络使用量过高: 10301406208 bytes
2026-04-17 13:44:19,621 - AI_Optimization - WARNING - 服务器资源使用率过高: CPU=42.1%, Memory=88.3%
2026-04-17 13:44:19,622 - AI_Optimization - WARNING - 触发紧急优化程序
2026-04-17 13:44:19,622 - AI_Optimization - INFO - 开始优化内存
2026-04-17 13:44:19,633 - AI_Optimization - INFO - 内存优化完成
2026-04-17 13:44:19,633 - AI_Optimization - INFO - 开始清理临时文件
2026-04-17 13:44:19,634 - AI_Optimization - INFO - 从 /tmp 清理了 0 个临时文件
2026-04-17 13:44:19,635 - AI_Optimization - INFO - 从 /var/tmp 清理了 0 个临时文件
2026-04-17 13:44:19,782 - AI_Optimization - WARNING - 网络使用量过高: 10301406208 bytes
2026-04-17 13:44:19,843 - AI_Optimization - WARNING - 服务器资源使用率过高: CPU=42.5%, Memory=88.3%
2026-04-17 13:44:19,843 - AI_Optimization - WARNING - 触发紧急优化程序
2026-04-17 13:44:19,843 - AI_Optimization - INFO - 开始优化内存
2026-04-17 13:44:19,853 - AI_Optimization - INFO - 内存优化完成
2026-04-17 13:44:19,853 - AI_Optimization - INFO - 开始清理临时文件
2026-04-17 13:44:19,853 - AI_Optimization - INFO - 从 /tmp 清理了 0 个临时文件
2026-04-17 13:44:19,854 - AI_Optimization - INFO - 从 /var/tmp 清理了 0 个临时文件
2026-04-17 13:44:20,845 - werkzeug - INFO - 127.0.0.1 - - [17/Apr/2026 13:44:20] "GET / HTTP/1.1" 200 -
2026-04-17 13:44:24,191 - werkzeug - INFO - 127.0.0.1 - - [17/Apr/2026 13:44:24] "GET / HTTP/1.1" 200 -
2026-04-17 13:44:30,881 - werkzeug - INFO - 127.0.0.1 - - [17/Apr/2026 13:44:30] "GET / HTTP/1.1" 200 -
2026-04-17 13:44:31,663 - werkzeug - INFO - 127.0.0.1 - - [17/Apr/2026 13:44:31] "GET / HTTP/1.1" 200 -
2026-04-17 13:44:40,920 - werkzeug - INFO - 127.0.0.1 - - [17/Apr/2026 13:44:40] "GET / HTTP/1.1" 200 -
2026-04-17 13:44:50,534 - AI_Optimization - WARNING - 网络使用量过高: 10321573888 bytes
2026-04-17 13:44:50,649 - AI_Optimization - WARNING - 服务器资源使用率过高: CPU=46.1%, Memory=88.5%
2026-04-17 13:44:50,649 - AI_Optimization - WARNING - 触发紧急优化程序
2026-04-17 13:44:50,649 - AI_Optimization - INFO - 开始优化内存
2026-04-17 13:44:50,664 - AI_Optimization - INFO - 内存优化完成
2026-04-17 13:44:50,665 - AI_Optimization - INFO - 开始清理临时文件
2026-04-17 13:44:50,665 - AI_Optimization - INFO - 从 /tmp 清理了 0 个临时文件
2026-04-17 13:44:50,667 - AI_Optimization - INFO - 从 /var/tmp 清理了 0 个临时文件
2026-04-17 13:44:50,797 - AI_Optimization - WARNING - 网络使用量过高: 10321575936 bytes
2026-04-17 13:44:50,866 - AI_Optimization - WARNING - 服务器资源使用率过高: CPU=50.9%, Memory=88.5%
2026-04-17 13:44:50,866 - AI_Optimization - WARNING - 触发紧急优化程序
2026-04-17 13:44:50,866 - AI_Optimization - INFO - 开始优化内存
2026-04-17 13:44:50,874 - AI_Optimization - INFO - 内存优化完成
2026-04-17 13:44:50,874 - AI_Optimization - INFO - 开始清理临时文件
2026-04-17 13:44:50,875 - AI_Optimization - INFO - 从 /tmp 清理了 0 个临时文件
2026-04-17 13:44:50,875 - AI_Optimization - INFO - 从 /var/tmp 清理了 0 个临时文件
2026-04-17 13:44:50,949 - werkzeug - INFO - 127.0.0.1 - - [17/Apr/2026 13:44:50] "GET / HTTP/1.1" 200 -
2026-04-17 13:45:00,989 - werkzeug - INFO - 127.0.0.1 - - [17/Apr/2026 13:45:00] "GET / HTTP/1.1" 200 -
2026-04-17 13:45:09,130 - werkzeug - INFO - 127.0.0.1 - - [17/Apr/2026 13:45:09] "GET / HTTP/1.1" 200 -
2026-04-17 13:45:10,432 - AI_Optimization - INFO - 检测到内存使用率过高，开始自动优化
2026-04-17 13:45:10,433 - AI_Optimization - INFO - 开始优化内存
2026-04-17 13:45:10,446 - AI_Optimization - INFO - 内存优化完成
2026-04-17 13:45:10,446 - AI_Optimization - INFO - 开始清理临时文件
2026-04-17 13:45:10,447 - AI_Optimization - INFO - 从 /tmp 清理了 0 个临时文件
2026-04-17 13:45:10,449 - AI_Optimization - INFO - 从 /var/tmp 清理了 0 个临时文件
2026-04-17 13:45:10,662 - AI_Optimization - INFO - 检测到内存使用率过高，开始自动优化
2026-04-17 13:45:10,663 - AI_Optimization - INFO - 开始优化内存
2026-04-17 13:45:10,683 - AI_Optimization - INFO - 内存优化完成
2026-04-17 13:45:10,683 - AI_Optimization - INFO - 开始清理临时文件
2026-04-17 13:45:10,684 - AI_Optimization - INFO - 从 /tmp 清理了 0 个临时文件
2026-04-17 13:45:10,685 - AI_Optimization - INFO - 从 /var/tmp 清理了 0 个临时文件
2026-04-17 13:45:11,038 - werkzeug - INFO - 127.0.0.1 - - [17/Apr/2026 13:45:11] "GET / HTTP/1.1" 200 -
2026-04-17 13:45:11,419 - AI_Optimization - INFO - 开始执行健康检查
2026-04-17 13:45:11,654 - AI_Optimization - INFO - 开始执行健康检查
2026-04-17 13:45:16,587 - werkzeug - INFO - 127.0.0.1 - - [17/Apr/2026 13:45:16] "GET / HTTP/1.1" 200 -
2026-04-17 13:45:21,095 - werkzeug - INFO - 127.0.0.1 - - [17/Apr/2026 13:45:21] "GET / HTTP/1.1" 200 -
2026-04-17 13:45:21,544 - AI_Optimization - WARNING - 网络使用量过高: 10335981568 bytes
2026-04-17 13:45:21,668 - AI_Optimization - WARNING - 服务器资源使用率过高: CPU=46.6%, Memory=88.8%
2026-04-17 13:45:21,669 - AI_Optimization - WARNING - 触发紧急优化程序
2026-04-17 13:45:21,669 - AI_Optimization - INFO - 开始优化内存
2026-04-17 13:45:21,678 - AI_Optimization - INFO - 内存优化完成
2026-04-17 13:45:21,678 - AI_Optimization - INFO - 开始清理临时文件
2026-04-17 13:45:21,679 - AI_Optimization - INFO - 从 /tmp 清理了 0 个临时文件
2026-04-17 13:45:21,680 - AI_Optimization - INFO - 从 /var/tmp 清理了 0 个临时文件
2026-04-17 13:45:21,820 - AI_Optimization - WARNING - 网络使用量过高: 10335983616 bytes
2026-04-17 13:45:21,887 - AI_Optimization - WARNING - 服务器资源使用率过高: CPU=44.9%, Memory=88.7%
2026-04-17 13:45:21,887 - AI_Optimization - WARNING - 触发紧急优化程序
2026-04-17 13:45:21,887 - AI_Optimization - INFO - 开始优化内存
2026-04-17 13:45:21,899 - AI_Optimization - INFO - 内存优化完成
2026-04-17 13:45:21,900 - AI_Optimization - INFO - 开始清理临时文件
2026-04-17 13:45:21,900 - AI_Optimization - INFO - 从 /tmp 清理了 0 个临时文件
2026-04-17 13:45:21,901 - AI_Optimization - INFO - 从 /var/tmp 清理了 0 个临时文件
2026-04-17 13:45:24,233 - werkzeug - INFO - 127.0.0.1 - - [17/Apr/2026 13:45:24] "GET / HTTP/1.1" 200 -
2026-04-17 13:45:31,143 - werkzeug - INFO - 127.0.0.1 - - [17/Apr/2026 13:45:31] "GET / HTTP/1.1" 200 -
2026-04-17 13:45:31,693 - werkzeug - INFO - 127.0.0.1 - - [17/Apr/2026 13:45:31] "GET / HTTP/1.1" 200 -
2026-04-17 13:45:41,190 - werkzeug - INFO - 127.0.0.1 - - [17/Apr/2026 13:45:41] "GET / HTTP/1.1" 200 -
2026-04-17 13:45:51,234 - werkzeug - INFO - 127.0.0.1 - - [17/Apr/2026 13:45:51] "GET / HTTP/1.1" 200 -
2026-04-17 13:45:52,554 - AI_Optimization - WARNING - 网络使用量过高: 10345076736 bytes
2026-04-17 13:45:52,694 - AI_Optimization - WARNING - 服务器资源使用率过高: CPU=39.0%, Memory=89.3%
2026-04-17 13:45:52,694 - AI_Optimization - WARNING - 触发紧急优化程序
2026-04-17 13:45:52,694 - AI_Optimization - INFO - 开始优化内存
2026-04-17 13:45:52,730 - AI_Optimization - INFO - 内存优化完成
2026-04-17 13:45:52,730 - AI_Optimization - INFO - 开始清理临时文件
2026-04-17 13:45:52,731 - AI_Optimization - INFO - 从 /tmp 清理了 0 个临时文件
2026-04-17 13:45:52,733 - AI_Optimization - INFO - 从 /var/tmp 清理了 0 个临时文件
2026-04-17 13:45:52,842 - AI_Optimization - WARNING - 网络使用量过高: 10345077760 bytes
2026-04-17 13:45:52,914 - AI_Optimization - WARNING - 服务器资源使用率过高: CPU=42.4%, Memory=89.3%
2026-04-17 13:45:52,914 - AI_Optimization - WARNING - 触发紧急优化程序
2026-04-17 13:45:52,914 - AI_Optimization - INFO - 开始优化内存
2026-04-17 13:45:52,924 - AI_Optimization - INFO - 内存优化完成
2026-04-17 13:45:52,924 - AI_Optimization - INFO - 开始清理临时文件
2026-04-17 13:45:52,925 - AI_Optimization - INFO - 从 /tmp 清理了 0 个临时文件
2026-04-17 13:45:52,925 - AI_Optimization - INFO - 从 /var/tmp 清理了 0 个临时文件
2026-04-17 13:46:01,283 - werkzeug - INFO - 127.0.0.1 - - [17/Apr/2026 13:46:01] "GET / HTTP/1.1" 200 -
2026-04-17 13:46:09,202 - werkzeug - INFO - 127.0.0.1 - - [17/Apr/2026 13:46:09] "GET / HTTP/1.1" 200 -
2026-04-17 13:46:11,334 - werkzeug - INFO - 127.0.0.1 - - [17/Apr/2026 13:46:11] "GET / HTTP/1.1" 200 -
2026-04-17 13:46:16,646 - werkzeug - INFO - 127.0.0.1 - - [17/Apr/2026 13:46:16] "GET / HTTP/1.1" 200 -
2026-04-17 13:46:21,396 - werkzeug - INFO - 127.0.0.1 - - [17/Apr/2026 13:46:21] "GET / HTTP/1.1" 200 -
2026-04-17 13:46:23,575 - AI_Optimization - WARNING - 网络使用量过高: 10354390016 bytes
2026-04-17 13:46:23,749 - AI_Optimization - WARNING - 服务器资源使用率过高: CPU=49.5%, Memory=89.4%
2026-04-17 13:46:23,749 - AI_Optimization - WARNING - 触发紧急优化程序
2026-04-17 13:46:23,749 - AI_Optimization - INFO - 开始优化内存
2026-04-17 13:46:23,756 - AI_Optimization - INFO - 内存优化完成
2026-04-17 13:46:23,756 - AI_Optimization - INFO - 开始清理临时文件
2026-04-17 13:46:23,757 - AI_Optimization - INFO - 从 /tmp 清理了 0 个临时文件
2026-04-17 13:46:23,758 - AI_Optimization - INFO - 从 /var/tmp 清理了 0 个临时文件
2026-04-17 13:46:23,855 - AI_Optimization - WARNING - 网络使用量过高: 10354399232 bytes
2026-04-17 13:46:23,942 - AI_Optimization - WARNING - 服务器资源使用率过高: CPU=51.6%, Memory=89.4%
2026-04-17 13:46:23,942 - AI_Optimization - WARNING - 触发紧急优化程序
2026-04-17 13:46:23,942 - AI_Optimization - INFO - 开始优化内存
2026-04-17 13:46:23,957 - AI_Optimization - INFO - 内存优化完成
2026-04-17 13:46:23,958 - AI_Optimization - INFO - 开始清理临时文件
2026-04-17 13:46:23,958 - AI_Optimization - INFO - 从 /tmp 清理了 0 个临时文件
2026-04-17 13:46:23,959 - AI_Optimization - INFO - 从 /var/tmp 清理了 0 个临时文件
2026-04-17 13:46:24,061 - werkzeug - INFO - 127.0.0.1 - - [17/Apr/2026 13:46:24] "GET / HTTP/1.1" 200 -
2026-04-17 13:46:31,445 - werkzeug - INFO - 127.0.0.1 - - [17/Apr/2026 13:46:31] "GET / HTTP/1.1" 200 -
2026-04-17 13:46:31,486 - werkzeug - INFO - 127.0.0.1 - - [17/Apr/2026 13:46:31] "GET / HTTP/1.1" 200 -
2026-04-17 13:46:41,535 - werkzeug - INFO - 127.0.0.1 - - [17/Apr/2026 13:46:41] "GET / HTTP/1.1" 200 -
2026-04-17 13:46:51,584 - werkzeug - INFO - 127.0.0.1 - - [17/Apr/2026 13:46:51] "GET / HTTP/1.1" 200 -
2026-04-17 13:46:54,595 - AI_Optimization - WARNING - 网络使用量过高: 10372270080 bytes
2026-04-17 13:46:54,773 - AI_Optimization - WARNING - 服务器资源使用率过高: CPU=31.2%, Memory=89.9%
2026-04-17 13:46:54,773 - AI_Optimization - WARNING - 触发紧急优化程序
2026-04-17 13:46:54,773 - AI_Optimization - INFO - 开始优化内存
2026-04-17 13:46:54,784 - AI_Optimization - INFO - 内存优化完成
2026-04-17 13:46:54,784 - AI_Optimization - INFO - 开始清理临时文件
2026-04-17 13:46:54,785 - AI_Optimization - INFO - 从 /tmp 清理了 0 个临时文件
2026-04-17 13:46:54,786 - AI_Optimization - INFO - 从 /var/tmp 清理了 0 个临时文件
2026-04-17 13:46:54,873 - AI_Optimization - WARNING - 网络使用量过高: 10372276224 bytes
2026-04-17 13:46:54,979 - AI_Optimization - WARNING - 服务器资源使用率过高: CPU=30.2%, Memory=89.9%
2026-04-17 13:46:54,979 - AI_Optimization - WARNING - 触发紧急优化程序
2026-04-17 13:46:54,979 - AI_Optimization - INFO - 开始优化内存
2026-04-17 13:46:54,989 - AI_Optimization - INFO - 内存优化完成
2026-04-17 13:46:54,989 - AI_Optimization - INFO - 开始清理临时文件
2026-04-17 13:46:54,989 - AI_Optimization - INFO - 从 /tmp 清理了 0 个临时文件
2026-04-17 13:46:54,990 - AI_Optimization - INFO - 从 /var/tmp 清理了 0 个临时文件
2026-04-17 13:47:01,608 - werkzeug - INFO - 127.0.0.1 - - [17/Apr/2026 13:47:01] "GET / HTTP/1.1" 200 -
2026-04-17 13:47:08,940 - werkzeug - INFO - 127.0.0.1 - - [17/Apr/2026 13:47:08] "GET / HTTP/1.1" 200 -
2026-04-17 13:47:11,661 - werkzeug - INFO - 127.0.0.1 - - [17/Apr/2026 13:47:11] "GET / HTTP/1.1" 200 -
2026-04-17 13:47:16,395 - werkzeug - INFO - 127.0.0.1 - - [17/Apr/2026 13:47:16] "GET / HTTP/1.1" 200 -
2026-04-17 13:47:21,706 - werkzeug - INFO - 127.0.0.1 - - [17/Apr/2026 13:47:21] "GET / HTTP/1.1" 200 -
2026-04-17 13:47:23,864 - werkzeug - INFO - 127.0.0.1 - - [17/Apr/2026 13:47:23] "GET / HTTP/1.1" 200 -
2026-04-17 13:47:25,608 - AI_Optimization - WARNING - 网络使用量过高: 10390835200 bytes
2026-04-17 13:47:25,805 - AI_Optimization - WARNING - 服务器资源使用率过高: CPU=40.0%, Memory=90.0%
2026-04-17 13:47:25,805 - AI_Optimization - WARNING - 触发紧急优化程序
2026-04-17 13:47:25,805 - AI_Optimization - INFO - 开始优化内存
2026-04-17 13:47:25,812 - AI_Optimization - INFO - 内存优化完成
2026-04-17 13:47:25,812 - AI_Optimization - INFO - 开始清理临时文件
2026-04-17 13:47:25,813 - AI_Optimization - INFO - 从 /tmp 清理了 0 个临时文件
2026-04-17 13:47:25,814 - AI_Optimization - INFO - 从 /var/tmp 清理了 0 个临时文件
2026-04-17 13:47:25,887 - AI_Optimization - WARNING - 网络使用量过高: 10390836224 bytes
2026-04-17 13:47:26,010 - AI_Optimization - WARNING - 服务器资源使用率过高: CPU=45.8%, Memory=90.0%
2026-04-17 13:47:26,010 - AI_Optimization - WARNING - 触发紧急优化程序
2026-04-17 13:47:26,010 - AI_Optimization - INFO - 开始优化内存
2026-04-17 13:47:26,016 - AI_Optimization - INFO - 内存优化完成
2026-04-17 13:47:26,016 - AI_Optimization - INFO - 开始清理临时文件
2026-04-17 13:47:26,016 - AI_Optimization - INFO - 从 /tmp 清理了 0 个临时文件
2026-04-17 13:47:26,017 - AI_Optimization - INFO - 从 /var/tmp 清理了 0 个临时文件
2026-04-17 13:47:31,285 - werkzeug - INFO - 127.0.0.1 - - [17/Apr/2026 13:47:31] "GET / HTTP/1.1" 200 -
2026-04-17 13:47:31,757 - werkzeug - INFO - 127.0.0.1 - - [17/Apr/2026 13:47:31] "GET / HTTP/1.1" 200 -
2026-04-17 13:47:41,812 - werkzeug - INFO - 127.0.0.1 - - [17/Apr/2026 13:47:41] "GET / HTTP/1.1" 200 -
2026-04-17 13:47:51,866 - werkzeug - INFO - 127.0.0.1 - - [17/Apr/2026 13:47:51] "GET / HTTP/1.1" 200 -
2026-04-17 13:47:56,622 - AI_Optimization - WARNING - 内存使用率过高: 90.3%
2026-04-17 13:47:56,623 - AI_Optimization - WARNING - 网络使用量过高: 10433972224 bytes
2026-04-17 13:47:56,827 - AI_Optimization - WARNING - 服务器资源使用率过高: CPU=31.4%, Memory=90.3%
2026-04-17 13:47:56,828 - AI_Optimization - WARNING - 触发紧急优化程序
2026-04-17 13:47:56,828 - AI_Optimization - INFO - 开始优化内存
2026-04-17 13:47:56,841 - AI_Optimization - INFO - 内存优化完成
2026-04-17 13:47:56,841 - AI_Optimization - INFO - 开始清理临时文件
2026-04-17 13:47:56,842 - AI_Optimization - INFO - 从 /tmp 清理了 0 个临时文件
2026-04-17 13:47:56,843 - AI_Optimization - INFO - 从 /var/tmp 清理了 0 个临时文件
2026-04-17 13:47:56,906 - AI_Optimization - WARNING - 内存使用率过高: 90.3%
2026-04-17 13:47:56,906 - AI_Optimization - WARNING - 网络使用量过高: 10433972224 bytes
2026-04-17 13:47:57,034 - AI_Optimization - WARNING - 服务器资源使用率过高: CPU=31.8%, Memory=90.3%
2026-04-17 13:47:57,035 - AI_Optimization - WARNING - 触发紧急优化程序
2026-04-17 13:47:57,035 - AI_Optimization - INFO - 开始优化内存
2026-04-17 13:47:57,057 - AI_Optimization - INFO - 内存优化完成
2026-04-17 13:47:57,057 - AI_Optimization - INFO - 开始清理临时文件
2026-04-17 13:47:57,058 - AI_Optimization - INFO - 从 /tmp 清理了 0 个临时文件
2026-04-17 13:47:57,059 - AI_Optimization - INFO - 从 /var/tmp 清理了 0 个临时文件
2026-04-17 13:48:01,903 - werkzeug - INFO - 127.0.0.1 - - [17/Apr/2026 13:48:01] "GET / HTTP/1.1" 200 -
2026-04-17 13:48:08,813 - werkzeug - INFO - 127.0.0.1 - - [17/Apr/2026 13:48:08] "GET / HTTP/1.1" 200 -
2026-04-17 13:48:11,954 - werkzeug - INFO - 127.0.0.1 - - [17/Apr/2026 13:48:11] "GET / HTTP/1.1" 200 -
2026-04-17 13:48:16,400 - werkzeug - INFO - 127.0.0.1 - - [17/Apr/2026 13:48:16] "GET / HTTP/1.1" 200 -
2026-04-17 13:48:22,007 - werkzeug - INFO - 127.0.0.1 - - [17/Apr/2026 13:48:22] "GET / HTTP/1.1" 200 -
2026-04-17 13:48:23,880 - werkzeug - INFO - 127.0.0.1 - - [17/Apr/2026 13:48:23] "GET / HTTP/1.1" 200 -
2026-04-17 13:48:27,630 - AI_Optimization - WARNING - 内存使用率过高: 90.2%
2026-04-17 13:48:27,631 - AI_Optimization - WARNING - 网络使用量过高: 10436495360 bytes
2026-04-17 13:48:27,858 - AI_Optimization - WARNING - 服务器资源使用率过高: CPU=48.9%, Memory=90.2%
2026-04-17 13:48:27,858 - AI_Optimization - WARNING - 触发紧急优化程序
2026-04-17 13:48:27,858 - AI_Optimization - INFO - 开始优化内存
2026-04-17 13:48:27,870 - AI_Optimization - INFO - 内存优化完成
2026-04-17 13:48:27,870 - AI_Optimization - INFO - 开始清理临时文件
2026-04-17 13:48:27,871 - AI_Optimization - INFO - 从 /tmp 清理了 0 个临时文件
2026-04-17 13:48:27,872 - AI_Optimization - INFO - 从 /var/tmp 清理了 0 个临时文件
2026-04-17 13:48:27,927 - AI_Optimization - WARNING - 内存使用率过高: 90.2%
2026-04-17 13:48:27,927 - AI_Optimization - WARNING - 网络使用量过高: 10436523008 bytes
2026-04-17 13:48:28,075 - AI_Optimization - WARNING - 服务器资源使用率过高: CPU=47.6%, Memory=90.2%
2026-04-17 13:48:28,076 - AI_Optimization - WARNING - 触发紧急优化程序
2026-04-17 13:48:28,076 - AI_Optimization - INFO - 开始优化内存
2026-04-17 13:48:28,090 - AI_Optimization - INFO - 内存优化完成
2026-04-17 13:48:28,090 - AI_Optimization - INFO - 开始清理临时文件
2026-04-17 13:48:28,091 - AI_Optimization - INFO - 从 /tmp 清理了 0 个临时文件
2026-04-17 13:48:28,091 - AI_Optimization - INFO - 从 /var/tmp 清理了 0 个临时文件
2026-04-17 13:48:31,298 - werkzeug - INFO - 127.0.0.1 - - [17/Apr/2026 13:48:31] "GET / HTTP/1.1" 200 -
2026-04-17 13:48:32,050 - werkzeug - INFO - 127.0.0.1 - - [17/Apr/2026 13:48:32] "GET / HTTP/1.1" 200 -
2026-04-17 13:48:42,099 - werkzeug - INFO - 127.0.0.1 - - [17/Apr/2026 13:48:42] "GET / HTTP/1.1" 200 -
2026-04-17 13:48:52,123 - werkzeug - INFO - 127.0.0.1 - - [17/Apr/2026 13:48:52] "GET / HTTP/1.1" 200 -
2026-04-17 13:48:58,650 - AI_Optimization - WARNING - 内存使用率过高: 90.2%
2026-04-17 13:48:58,650 - AI_Optimization - WARNING - 网络使用量过高: 10438345728 bytes
2026-04-17 13:48:58,885 - AI_Optimization - WARNING - 服务器资源使用率过高: CPU=29.6%, Memory=90.2%
2026-04-17 13:48:58,886 - AI_Optimization - WARNING - 触发紧急优化程序
2026-04-17 13:48:58,886 - AI_Optimization - INFO - 开始优化内存
2026-04-17 13:48:58,896 - AI_Optimization - INFO - 内存优化完成
2026-04-17 13:48:58,896 - AI_Optimization - INFO - 开始清理临时文件
2026-04-17 13:48:58,897 - AI_Optimization - INFO - 从 /tmp 清理了 0 个临时文件
2026-04-17 13:48:58,898 - AI_Optimization - INFO - 从 /var/tmp 清理了 0 个临时文件
2026-04-17 13:48:58,948 - AI_Optimization - WARNING - 内存使用率过高: 90.2%
2026-04-17 13:48:58,948 - AI_Optimization - WARNING - 网络使用量过高: 10438348800 bytes
2026-04-17 13:48:59,112 - AI_Optimization - WARNING - 服务器资源使用率过高: CPU=29.6%, Memory=90.2%
2026-04-17 13:48:59,112 - AI_Optimization - WARNING - 触发紧急优化程序
2026-04-17 13:48:59,112 - AI_Optimization - INFO - 开始优化内存
2026-04-17 13:48:59,133 - AI_Optimization - INFO - 内存优化完成
2026-04-17 13:48:59,133 - AI_Optimization - INFO - 开始清理临时文件
2026-04-17 13:48:59,134 - AI_Optimization - INFO - 从 /tmp 清理了 0 个临时文件
2026-04-17 13:48:59,135 - AI_Optimization - INFO - 从 /var/tmp 清理了 0 个临时文件
2026-04-17 13:49:02,172 - werkzeug - INFO - 127.0.0.1 - - [17/Apr/2026 13:49:02] "GET / HTTP/1.1" 200 -
2026-04-17 13:49:08,790 - werkzeug - INFO - 127.0.0.1 - - [17/Apr/2026 13:49:08] "GET / HTTP/1.1" 200 -
2026-04-17 13:49:12,214 - werkzeug - INFO - 127.0.0.1 - - [17/Apr/2026 13:49:12] "GET / HTTP/1.1" 200 -
2026-04-17 13:49:16,266 - werkzeug - INFO - 127.0.0.1 - - [17/Apr/2026 13:49:16] "GET / HTTP/1.1" 200 -
2026-04-17 13:49:22,251 - werkzeug - INFO - 127.0.0.1 - - [17/Apr/2026 13:49:22] "GET / HTTP/1.1" 200 -
2026-04-17 13:49:23,829 - werkzeug - INFO - 127.0.0.1 - - [17/Apr/2026 13:49:23] "GET / HTTP/1.1" 200 -
2026-04-17 13:49:29,664 - AI_Optimization - WARNING - 内存使用率过高: 90.3%
2026-04-17 13:49:29,664 - AI_Optimization - WARNING - 网络使用量过高: 10439806976 bytes
2026-04-17 13:49:29,910 - AI_Optimization - WARNING - 服务器资源使用率过高: CPU=37.9%, Memory=90.3%
2026-04-17 13:49:29,911 - AI_Optimization - WARNING - 触发紧急优化程序
2026-04-17 13:49:29,911 - AI_Optimization - INFO - 开始优化内存
2026-04-17 13:49:29,918 - AI_Optimization - INFO - 内存优化完成
2026-04-17 13:49:29,918 - AI_Optimization - INFO - 开始清理临时文件
2026-04-17 13:49:29,918 - AI_Optimization - INFO - 从 /tmp 清理了 0 个临时文件
2026-04-17 13:49:29,919 - AI_Optimization - INFO - 从 /var/tmp 清理了 0 个临时文件
2026-04-17 13:49:29,962 - AI_Optimization - WARNING - 内存使用率过高: 90.3%
2026-04-17 13:49:29,962 - AI_Optimization - WARNING - 网络使用量过高: 10439806976 bytes
2026-04-17 13:49:30,149 - AI_Optimization - WARNING - 服务器资源使用率过高: CPU=37.2%, Memory=90.3%
2026-04-17 13:49:30,149 - AI_Optimization - WARNING - 触发紧急优化程序
2026-04-17 13:49:30,149 - AI_Optimization - INFO - 开始优化内存
2026-04-17 13:49:30,158 - AI_Optimization - INFO - 内存优化完成
2026-04-17 13:49:30,158 - AI_Optimization - INFO - 开始清理临时文件
2026-04-17 13:49:30,158 - AI_Optimization - INFO - 从 /tmp 清理了 0 个临时文件
2026-04-17 13:49:30,159 - AI_Optimization - INFO - 从 /var/tmp 清理了 0 个临时文件
2026-04-17 13:49:31,584 - werkzeug - INFO - 127.0.0.1 - - [17/Apr/2026 13:49:31] "GET / HTTP/1.1" 200 -
2026-04-17 13:49:32,291 - werkzeug - INFO - 127.0.0.1 - - [17/Apr/2026 13:49:32] "GET / HTTP/1.1" 200 -
2026-04-17 13:49:42,327 - werkzeug - INFO - 127.0.0.1 - - [17/Apr/2026 13:49:42] "GET / HTTP/1.1" 200 -
2026-04-17 13:49:52,378 - werkzeug - INFO - 127.0.0.1 - - [17/Apr/2026 13:49:52] "GET / HTTP/1.1" 200 -
2026-04-17 13:50:00,679 - AI_Optimization - WARNING - 内存使用率过高: 90.3%
2026-04-17 13:50:00,679 - AI_Optimization - WARNING - 网络使用量过高: 10440141824 bytes
2026-04-17 13:50:00,936 - AI_Optimization - WARNING - 服务器资源使用率过高: CPU=35.9%, Memory=90.3%
2026-04-17 13:50:00,936 - AI_Optimization - WARNING - 触发紧急优化程序
2026-04-17 13:50:00,936 - AI_Optimization - INFO - 开始优化内存
2026-04-17 13:50:00,943 - AI_Optimization - INFO - 内存优化完成
2026-04-17 13:50:00,943 - AI_Optimization - INFO - 开始清理临时文件
2026-04-17 13:50:00,943 - AI_Optimization - INFO - 从 /tmp 清理了 0 个临时文件
2026-04-17 13:50:00,945 - AI_Optimization - INFO - 从 /var/tmp 清理了 0 个临时文件
2026-04-17 13:50:00,975 - AI_Optimization - WARNING - 内存使用率过高: 90.3%
2026-04-17 13:50:00,975 - AI_Optimization - WARNING - 网络使用量过高: 10440144896 bytes
2026-04-17 13:50:01,174 - AI_Optimization - WARNING - 服务器资源使用率过高: CPU=37.2%, Memory=90.3%
2026-04-17 13:50:01,174 - AI_Optimization - WARNING - 触发紧急优化程序
2026-04-17 13:50:01,174 - AI_Optimization - INFO - 开始优化内存
2026-04-17 13:50:01,182 - AI_Optimization - INFO - 内存优化完成
2026-04-17 13:50:01,182 - AI_Optimization - INFO - 开始清理临时文件
2026-04-17 13:50:01,183 - AI_Optimization - INFO - 从 /tmp 清理了 0 个临时文件
2026-04-17 13:50:01,183 - AI_Optimization - INFO - 从 /var/tmp 清理了 0 个临时文件
2026-04-17 13:50:02,417 - werkzeug - INFO - 127.0.0.1 - - [17/Apr/2026 13:50:02] "GET / HTTP/1.1" 200 -
2026-04-17 13:50:09,079 - werkzeug - INFO - 127.0.0.1 - - [17/Apr/2026 13:50:09] "GET / HTTP/1.1" 200 -
2026-04-17 13:50:10,459 - AI_Optimization - INFO - 检测到内存使用率过高，开始自动优化
2026-04-17 13:50:10,460 - AI_Optimization - INFO - 开始优化内存
2026-04-17 13:50:10,482 - AI_Optimization - INFO - 内存优化完成
2026-04-17 13:50:10,482 - AI_Optimization - INFO - 开始清理临时文件
2026-04-17 13:50:10,483 - AI_Optimization - INFO - 从 /tmp 清理了 0 个临时文件
2026-04-17 13:50:10,483 - AI_Optimization - INFO - 从 /var/tmp 清理了 0 个临时文件
2026-04-17 13:50:10,693 - AI_Optimization - INFO - 检测到内存使用率过高，开始自动优化
2026-04-17 13:50:10,693 - AI_Optimization - INFO - 开始优化内存
2026-04-17 13:50:10,701 - AI_Optimization - INFO - 内存优化完成
2026-04-17 13:50:10,702 - AI_Optimization - INFO - 开始清理临时文件
2026-04-17 13:50:10,702 - AI_Optimization - INFO - 从 /tmp 清理了 0 个临时文件
2026-04-17 13:50:10,703 - AI_Optimization - INFO - 从 /var/tmp 清理了 0 个临时文件
2026-04-17 13:50:12,430 - AI_Optimization - INFO - 开始执行健康检查
2026-04-17 13:50:12,453 - werkzeug - INFO - 127.0.0.1 - - [17/Apr/2026 13:50:12] "GET / HTTP/1.1" 200 -
2026-04-17 13:50:12,675 - AI_Optimization - INFO - 开始执行健康检查
2026-04-17 13:50:13,440 - AI_Optimization - WARNING - 系统健康检查发现问题: ['memory: warning']
2026-04-17 13:50:13,685 - AI_Optimization - WARNING - 系统健康检查发现问题: ['memory: warning']
2026-04-17 13:50:16,561 - werkzeug - INFO - 127.0.0.1 - - [17/Apr/2026 13:50:16] "GET / HTTP/1.1" 200 -
2026-04-17 13:50:22,486 - werkzeug - INFO - 127.0.0.1 - - [17/Apr/2026 13:50:22] "GET / HTTP/1.1" 200 -
2026-04-17 13:50:23,987 - werkzeug - INFO - 127.0.0.1 - - [17/Apr/2026 13:50:23] "GET / HTTP/1.1" 200 -
2026-04-17 13:50:31,475 - werkzeug - INFO - 127.0.0.1 - - [17/Apr/2026 13:50:31] "GET / HTTP/1.1" 200 -
2026-04-17 13:50:31,691 - AI_Optimization - WARNING - 内存使用率过高: 90.4%
2026-04-17 13:50:31,691 - AI_Optimization - WARNING - 网络使用量过高: 10440662016 bytes
2026-04-17 13:50:31,957 - AI_Optimization - WARNING - 服务器资源使用率过高: CPU=41.4%, Memory=90.4%
2026-04-17 13:50:31,957 - AI_Optimization - WARNING - 触发紧急优化程序
2026-04-17 13:50:31,957 - AI_Optimization - INFO - 开始优化内存
2026-04-17 13:50:31,963 - AI_Optimization - INFO - 内存优化完成
2026-04-17 13:50:31,963 - AI_Optimization - INFO - 开始清理临时文件
2026-04-17 13:50:31,964 - AI_Optimization - INFO - 从 /tmp 清理了 0 个临时文件
2026-04-17 13:50:31,965 - AI_Optimization - INFO - 从 /var/tmp 清理了 0 个临时文件
2026-04-17 13:50:31,987 - AI_Optimization - WARNING - 内存使用率过高: 90.4%
2026-04-17 13:50:31,987 - AI_Optimization - WARNING - 网络使用量过高: 10440662016 bytes
2026-04-17 13:50:32,193 - AI_Optimization - WARNING - 服务器资源使用率过高: CPU=44.1%, Memory=90.4%
2026-04-17 13:50:32,193 - AI_Optimization - WARNING - 触发紧急优化程序
2026-04-17 13:50:32,193 - AI_Optimization - INFO - 开始优化内存
2026-04-17 13:50:32,200 - AI_Optimization - INFO - 内存优化完成
2026-04-17 13:50:32,200 - AI_Optimization - INFO - 开始清理临时文件
2026-04-17 13:50:32,200 - AI_Optimization - INFO - 从 /tmp 清理了 0 个临时文件
2026-04-17 13:50:32,201 - AI_Optimization - INFO - 从 /var/tmp 清理了 0 个临时文件
2026-04-17 13:50:32,529 - werkzeug - INFO - 127.0.0.1 - - [17/Apr/2026 13:50:32] "GET / HTTP/1.1" 200 -
2026-04-17 13:50:42,578 - werkzeug - INFO - 127.0.0.1 - - [17/Apr/2026 13:50:42] "GET / HTTP/1.1" 200 -
2026-04-17 13:50:52,612 - werkzeug - INFO - 127.0.0.1 - - [17/Apr/2026 13:50:52] "GET / HTTP/1.1" 200 -
2026-04-17 13:51:02,653 - werkzeug - INFO - 127.0.0.1 - - [17/Apr/2026 13:51:02] "GET / HTTP/1.1" 200 -
2026-04-17 13:51:02,696 - AI_Optimization - WARNING - 内存使用率过高: 90.5%
2026-04-17 13:51:02,697 - AI_Optimization - WARNING - 网络使用量过高: 10440956928 bytes
2026-04-17 13:51:02,976 - AI_Optimization - WARNING - 服务器资源使用率过高: CPU=33.7%, Memory=90.4%
2026-04-17 13:51:02,976 - AI_Optimization - WARNING - 触发紧急优化程序
2026-04-17 13:51:02,976 - AI_Optimization - INFO - 开始优化内存
2026-04-17 13:51:02,986 - AI_Optimization - INFO - 内存优化完成
2026-04-17 13:51:02,986 - AI_Optimization - INFO - 开始清理临时文件
2026-04-17 13:51:02,986 - AI_Optimization - INFO - 从 /tmp 清理了 0 个临时文件
2026-04-17 13:51:02,987 - AI_Optimization - INFO - 从 /var/tmp 清理了 0 个临时文件
2026-04-17 13:51:02,996 - AI_Optimization - WARNING - 内存使用率过高: 90.4%
2026-04-17 13:51:02,996 - AI_Optimization - WARNING - 网络使用量过高: 10440956928 bytes
2026-04-17 13:51:03,216 - AI_Optimization - WARNING - 服务器资源使用率过高: CPU=33.1%, Memory=90.4%
2026-04-17 13:51:03,216 - AI_Optimization - WARNING - 触发紧急优化程序
2026-04-17 13:51:03,216 - AI_Optimization - INFO - 开始优化内存
2026-04-17 13:51:03,227 - AI_Optimization - INFO - 内存优化完成
2026-04-17 13:51:03,228 - AI_Optimization - INFO - 开始清理临时文件
2026-04-17 13:51:03,228 - AI_Optimization - INFO - 从 /tmp 清理了 0 个临时文件
2026-04-17 13:51:03,229 - AI_Optimization - INFO - 从 /var/tmp 清理了 0 个临时文件
2026-04-17 13:51:08,944 - werkzeug - INFO - 127.0.0.1 - - [17/Apr/2026 13:51:08] "GET / HTTP/1.1" 200 -
2026-04-17 13:51:12,700 - werkzeug - INFO - 127.0.0.1 - - [17/Apr/2026 13:51:12] "GET / HTTP/1.1" 200 -
2026-04-17 13:51:16,352 - werkzeug - INFO - 127.0.0.1 - - [17/Apr/2026 13:51:16] "GET / HTTP/1.1" 200 -
2026-04-17 13:51:22,729 - werkzeug - INFO - 127.0.0.1 - - [17/Apr/2026 13:51:22] "GET / HTTP/1.1" 200 -
2026-04-17 13:51:23,798 - werkzeug - INFO - 127.0.0.1 - - [17/Apr/2026 13:51:23] "GET / HTTP/1.1" 200 -
2026-04-17 13:51:32,784 - werkzeug - INFO - 127.0.0.1 - - [17/Apr/2026 13:51:32] "GET / HTTP/1.1" 200 -
2026-04-17 13:51:33,717 - AI_Optimization - WARNING - 内存使用率过高: 90.4%
2026-04-17 13:51:33,717 - AI_Optimization - WARNING - 网络使用量过高: 10441633792 bytes
2026-04-17 13:51:34,003 - AI_Optimization - WARNING - 服务器资源使用率过高: CPU=46.5%, Memory=90.4%
2026-04-17 13:51:34,003 - AI_Optimization - WARNING - 触发紧急优化程序
2026-04-17 13:51:34,003 - AI_Optimization - INFO - 开始优化内存
2026-04-17 13:51:34,012 - AI_Optimization - WARNING - 内存使用率过高: 90.4%
2026-04-17 13:51:34,013 - AI_Optimization - WARNING - 网络使用量过高: 10441634816 bytes
2026-04-17 13:51:34,015 - AI_Optimization - INFO - 内存优化完成
2026-04-17 13:51:34,015 - AI_Optimization - INFO - 开始清理临时文件
2026-04-17 13:51:34,016 - AI_Optimization - INFO - 从 /tmp 清理了 0 个临时文件
2026-04-17 13:51:34,017 - AI_Optimization - INFO - 从 /var/tmp 清理了 0 个临时文件
2026-04-17 13:51:34,243 - AI_Optimization - WARNING - 服务器资源使用率过高: CPU=43.9%, Memory=90.3%
2026-04-17 13:51:34,243 - AI_Optimization - WARNING - 触发紧急优化程序
2026-04-17 13:51:34,243 - AI_Optimization - INFO - 开始优化内存
2026-04-17 13:51:34,254 - AI_Optimization - INFO - 内存优化完成
2026-04-17 13:51:34,255 - AI_Optimization - INFO - 开始清理临时文件
2026-04-17 13:51:34,255 - AI_Optimization - INFO - 从 /tmp 清理了 0 个临时文件
2026-04-17 13:51:34,256 - AI_Optimization - INFO - 从 /var/tmp 清理了 0 个临时文件
2026-04-17 13:51:42,822 - werkzeug - INFO - 127.0.0.1 - - [17/Apr/2026 13:51:42] "GET / HTTP/1.1" 200 -
2026-04-17 13:51:52,855 - werkzeug - INFO - 127.0.0.1 - - [17/Apr/2026 13:51:52] "GET / HTTP/1.1" 200 -
2026-04-17 13:52:01,271 - werkzeug - INFO - 127.0.0.1 - - [17/Apr/2026 13:52:01] "GET / HTTP/1.1" 200 -
2026-04-17 13:52:02,887 - werkzeug - INFO - 127.0.0.1 - - [17/Apr/2026 13:52:02] "GET / HTTP/1.1" 200 -
2026-04-17 13:52:04,735 - AI_Optimization - WARNING - 内存使用率过高: 90.3%
2026-04-17 13:52:04,735 - AI_Optimization - WARNING - 网络使用量过高: 10453596160 bytes
2026-04-17 13:52:05,025 - AI_Optimization - WARNING - 内存使用率过高: 90.3%
2026-04-17 13:52:05,025 - AI_Optimization - WARNING - 网络使用量过高: 10453604352 bytes
2026-04-17 13:52:05,029 - AI_Optimization - WARNING - 服务器资源使用率过高: CPU=33.6%, Memory=90.3%
2026-04-17 13:52:05,029 - AI_Optimization - WARNING - 触发紧急优化程序
2026-04-17 13:52:05,030 - AI_Optimization - INFO - 开始优化内存
2026-04-17 13:52:05,040 - AI_Optimization - INFO - 内存优化完成
2026-04-17 13:52:05,041 - AI_Optimization - INFO - 开始清理临时文件
2026-04-17 13:52:05,041 - AI_Optimization - INFO - 从 /tmp 清理了 0 个临时文件
2026-04-17 13:52:05,043 - AI_Optimization - INFO - 从 /var/tmp 清理了 0 个临时文件
2026-04-17 13:52:05,269 - AI_Optimization - WARNING - 服务器资源使用率过高: CPU=37.9%, Memory=90.3%
2026-04-17 13:52:05,269 - AI_Optimization - WARNING - 触发紧急优化程序
2026-04-17 13:52:05,269 - AI_Optimization - INFO - 开始优化内存
2026-04-17 13:52:05,275 - AI_Optimization - INFO - 内存优化完成
2026-04-17 13:52:05,275 - AI_Optimization - INFO - 开始清理临时文件
2026-04-17 13:52:05,275 - AI_Optimization - INFO - 从 /tmp 清理了 0 个临时文件
2026-04-17 13:52:05,276 - AI_Optimization - INFO - 从 /var/tmp 清理了 0 个临时文件
2026-04-17 13:52:08,738 - werkzeug - INFO - 127.0.0.1 - - [17/Apr/2026 13:52:08] "GET / HTTP/1.1" 200 -
2026-04-17 13:52:12,929 - werkzeug - INFO - 127.0.0.1 - - [17/Apr/2026 13:52:12] "GET / HTTP/1.1" 200 -
2026-04-17 13:52:16,220 - werkzeug - INFO - 127.0.0.1 - - [17/Apr/2026 13:52:16] "GET / HTTP/1.1" 200 -
2026-04-17 13:52:22,971 - werkzeug - INFO - 127.0.0.1 - - [17/Apr/2026 13:52:22] "GET / HTTP/1.1" 200 -
2026-04-17 13:52:23,804 - werkzeug - INFO - 127.0.0.1 - - [17/Apr/2026 13:52:23] "GET / HTTP/1.1" 200 -
2026-04-17 13:52:33,005 - werkzeug - INFO - 127.0.0.1 - - [17/Apr/2026 13:52:33] "GET / HTTP/1.1" 200 -
2026-04-17 13:52:35,743 - AI_Optimization - WARNING - 内存使用率过高: 90.4%
2026-04-17 13:52:35,743 - AI_Optimization - WARNING - 网络使用量过高: 10467460096 bytes
2026-04-17 13:52:36,043 - AI_Optimization - WARNING - 内存使用率过高: 90.4%
2026-04-17 13:52:36,043 - AI_Optimization - WARNING - 网络使用量过高: 10467461120 bytes
2026-04-17 13:52:36,055 - AI_Optimization - WARNING - 服务器资源使用率过高: CPU=34.6%, Memory=90.4%
2026-04-17 13:52:36,055 - AI_Optimization - WARNING - 触发紧急优化程序
2026-04-17 13:52:36,055 - AI_Optimization - INFO - 开始优化内存
2026-04-17 13:52:36,066 - AI_Optimization - INFO - 内存优化完成
2026-04-17 13:52:36,066 - AI_Optimization - INFO - 开始清理临时文件
2026-04-17 13:52:36,067 - AI_Optimization - INFO - 从 /tmp 清理了 0 个临时文件
2026-04-17 13:52:36,068 - AI_Optimization - INFO - 从 /var/tmp 清理了 0 个临时文件
2026-04-17 13:52:36,282 - AI_Optimization - WARNING - 服务器资源使用率过高: CPU=34.4%, Memory=90.4%
2026-04-17 13:52:36,282 - AI_Optimization - WARNING - 触发紧急优化程序
2026-04-17 13:52:36,282 - AI_Optimization - INFO - 开始优化内存
2026-04-17 13:52:36,291 - AI_Optimization - INFO - 内存优化完成
2026-04-17 13:52:36,291 - AI_Optimization - INFO - 开始清理临时文件
2026-04-17 13:52:36,292 - AI_Optimization - INFO - 从 /tmp 清理了 0 个临时文件
2026-04-17 13:52:36,292 - AI_Optimization - INFO - 从 /var/tmp 清理了 0 个临时文件
2026-04-17 13:52:43,055 - werkzeug - INFO - 127.0.0.1 - - [17/Apr/2026 13:52:43] "GET / HTTP/1.1" 200 -
2026-04-17 13:52:53,106 - werkzeug - INFO - 127.0.0.1 - - [17/Apr/2026 13:52:53] "GET / HTTP/1.1" 200 -
2026-04-17 13:53:01,330 - werkzeug - INFO - 127.0.0.1 - - [17/Apr/2026 13:53:01] "GET / HTTP/1.1" 200 -
2026-04-17 13:53:03,155 - werkzeug - INFO - 127.0.0.1 - - [17/Apr/2026 13:53:03] "GET / HTTP/1.1" 200 -
2026-04-17 13:53:06,762 - AI_Optimization - WARNING - 内存使用率过高: 90.4%
2026-04-17 13:53:06,762 - AI_Optimization - WARNING - 网络使用量过高: 10482504704 bytes
2026-04-17 13:53:07,059 - AI_Optimization - WARNING - 内存使用率过高: 90.4%
2026-04-17 13:53:07,059 - AI_Optimization - WARNING - 网络使用量过高: 10482505728 bytes
2026-04-17 13:53:07,080 - AI_Optimization - WARNING - 服务器资源使用率过高: CPU=34.3%, Memory=90.4%
2026-04-17 13:53:07,080 - AI_Optimization - WARNING - 触发紧急优化程序
2026-04-17 13:53:07,080 - AI_Optimization - INFO - 开始优化内存
2026-04-17 13:53:07,089 - AI_Optimization - INFO - 内存优化完成
2026-04-17 13:53:07,089 - AI_Optimization - INFO - 开始清理临时文件
2026-04-17 13:53:07,089 - AI_Optimization - INFO - 从 /tmp 清理了 0 个临时文件
2026-04-17 13:53:07,090 - AI_Optimization - INFO - 从 /var/tmp 清理了 0 个临时文件
2026-04-17 13:53:07,296 - AI_Optimization - WARNING - 服务器资源使用率过高: CPU=34.7%, Memory=90.4%
2026-04-17 13:53:07,296 - AI_Optimization - WARNING - 触发紧急优化程序
2026-04-17 13:53:07,296 - AI_Optimization - INFO - 开始优化内存
2026-04-17 13:53:07,306 - AI_Optimization - INFO - 内存优化完成
2026-04-17 13:53:07,306 - AI_Optimization - INFO - 开始清理临时文件
2026-04-17 13:53:07,307 - AI_Optimization - INFO - 从 /tmp 清理了 0 个临时文件
2026-04-17 13:53:07,307 - AI_Optimization - INFO - 从 /var/tmp 清理了 0 个临时文件
2026-04-17 13:53:08,835 - werkzeug - INFO - 127.0.0.1 - - [17/Apr/2026 13:53:08] "GET / HTTP/1.1" 200 -
2026-04-17 13:53:13,198 - werkzeug - INFO - 127.0.0.1 - - [17/Apr/2026 13:53:13] "GET / HTTP/1.1" 200 -
2026-04-17 13:53:16,287 - werkzeug - INFO - 127.0.0.1 - - [17/Apr/2026 13:53:16] "GET / HTTP/1.1" 200 -
2026-04-17 13:53:23,227 - werkzeug - INFO - 127.0.0.1 - - [17/Apr/2026 13:53:23] "GET / HTTP/1.1" 200 -
2026-04-17 13:53:23,748 - werkzeug - INFO - 127.0.0.1 - - [17/Apr/2026 13:53:23] "GET / HTTP/1.1" 200 -
2026-04-17 13:53:33,279 - werkzeug - INFO - 127.0.0.1 - - [17/Apr/2026 13:53:33] "GET / HTTP/1.1" 200 -
2026-04-17 13:53:37,777 - AI_Optimization - WARNING - 内存使用率过高: 90.4%
2026-04-17 13:53:37,777 - AI_Optimization - WARNING - 网络使用量过高: 10493316096 bytes
2026-04-17 13:53:38,080 - AI_Optimization - WARNING - 内存使用率过高: 90.4%
2026-04-17 13:53:38,080 - AI_Optimization - WARNING - 网络使用量过高: 10493316096 bytes
2026-04-17 13:53:38,109 - AI_Optimization - WARNING - 服务器资源使用率过高: CPU=35.1%, Memory=90.4%
2026-04-17 13:53:38,109 - AI_Optimization - WARNING - 触发紧急优化程序
2026-04-17 13:53:38,109 - AI_Optimization - INFO - 开始优化内存
2026-04-17 13:53:38,122 - AI_Optimization - INFO - 内存优化完成
2026-04-17 13:53:38,122 - AI_Optimization - INFO - 开始清理临时文件
2026-04-17 13:53:38,123 - AI_Optimization - INFO - 从 /tmp 清理了 0 个临时文件
2026-04-17 13:53:38,124 - AI_Optimization - INFO - 从 /var/tmp 清理了 0 个临时文件
2026-04-17 13:53:38,318 - AI_Optimization - WARNING - 服务器资源使用率过高: CPU=36.4%, Memory=90.4%
2026-04-17 13:53:38,318 - AI_Optimization - WARNING - 触发紧急优化程序
2026-04-17 13:53:38,318 - AI_Optimization - INFO - 开始优化内存
2026-04-17 13:53:38,328 - AI_Optimization - INFO - 内存优化完成
2026-04-17 13:53:38,328 - AI_Optimization - INFO - 开始清理临时文件
2026-04-17 13:53:38,329 - AI_Optimization - INFO - 从 /tmp 清理了 0 个临时文件
2026-04-17 13:53:38,329 - AI_Optimization - INFO - 从 /var/tmp 清理了 0 个临时文件
2026-04-17 13:53:43,323 - werkzeug - INFO - 127.0.0.1 - - [17/Apr/2026 13:53:43] "GET / HTTP/1.1" 200 -
2026-04-17 13:53:53,355 - werkzeug - INFO - 127.0.0.1 - - [17/Apr/2026 13:53:53] "GET / HTTP/1.1" 200 -
2026-04-17 13:54:01,253 - werkzeug - INFO - 127.0.0.1 - - [17/Apr/2026 13:54:01] "GET / HTTP/1.1" 200 -
2026-04-17 13:54:03,384 - werkzeug - INFO - 127.0.0.1 - - [17/Apr/2026 13:54:03] "GET / HTTP/1.1" 200 -
2026-04-17 13:54:08,718 - werkzeug - INFO - 127.0.0.1 - - [17/Apr/2026 13:54:08] "GET / HTTP/1.1" 200 -
2026-04-17 13:54:08,782 - AI_Optimization - WARNING - 内存使用率过高: 90.4%
2026-04-17 13:54:08,782 - AI_Optimization - WARNING - 网络使用量过高: 10512462848 bytes
2026-04-17 13:54:09,090 - AI_Optimization - WARNING - 内存使用率过高: 90.2%
2026-04-17 13:54:09,091 - AI_Optimization - WARNING - 网络使用量过高: 10512463872 bytes
2026-04-17 13:54:09,144 - AI_Optimization - WARNING - 服务器资源使用率过高: CPU=45.0%, Memory=90.2%
2026-04-17 13:54:09,144 - AI_Optimization - WARNING - 触发紧急优化程序
2026-04-17 13:54:09,144 - AI_Optimization - INFO - 开始优化内存
2026-04-17 13:54:09,151 - AI_Optimization - INFO - 内存优化完成
2026-04-17 13:54:09,152 - AI_Optimization - INFO - 开始清理临时文件
2026-04-17 13:54:09,152 - AI_Optimization - INFO - 从 /tmp 清理了 0 个临时文件
2026-04-17 13:54:09,153 - AI_Optimization - INFO - 从 /var/tmp 清理了 0 个临时文件
2026-04-17 13:54:09,350 - AI_Optimization - WARNING - 服务器资源使用率过高: CPU=42.3%, Memory=90.2%
2026-04-17 13:54:09,350 - AI_Optimization - WARNING - 触发紧急优化程序
2026-04-17 13:54:09,350 - AI_Optimization - INFO - 开始优化内存
2026-04-17 13:54:09,360 - AI_Optimization - INFO - 内存优化完成
2026-04-17 13:54:09,361 - AI_Optimization - INFO - 开始清理临时文件
2026-04-17 13:54:09,361 - AI_Optimization - INFO - 从 /tmp 清理了 0 个临时文件
2026-04-17 13:54:09,362 - AI_Optimization - INFO - 从 /var/tmp 清理了 0 个临时文件
2026-04-17 13:54:13,436 - werkzeug - INFO - 127.0.0.1 - - [17/Apr/2026 13:54:13] "GET / HTTP/1.1" 200 -
2026-04-17 13:54:16,176 - werkzeug - INFO - 127.0.0.1 - - [17/Apr/2026 13:54:16] "GET / HTTP/1.1" 200 -
2026-04-17 13:54:23,462 - werkzeug - INFO - 127.0.0.1 - - [17/Apr/2026 13:54:23] "GET / HTTP/1.1" 200 -
2026-04-17 13:54:23,658 - werkzeug - INFO - 127.0.0.1 - - [17/Apr/2026 13:54:23] "GET / HTTP/1.1" 200 -
2026-04-17 13:54:33,509 - werkzeug - INFO - 127.0.0.1 - - [17/Apr/2026 13:54:33] "GET / HTTP/1.1" 200 -
2026-04-17 13:54:39,794 - AI_Optimization - WARNING - 内存使用率过高: 90.1%
2026-04-17 13:54:39,794 - AI_Optimization - WARNING - 网络使用量过高: 10522903552 bytes
2026-04-17 13:54:40,102 - AI_Optimization - WARNING - 内存使用率过高: 90.1%
2026-04-17 13:54:40,102 - AI_Optimization - WARNING - 网络使用量过高: 10522903552 bytes
2026-04-17 13:54:40,170 - AI_Optimization - WARNING - 服务器资源使用率过高: CPU=32.0%, Memory=90.1%
2026-04-17 13:54:40,170 - AI_Optimization - WARNING - 触发紧急优化程序
2026-04-17 13:54:40,170 - AI_Optimization - INFO - 开始优化内存
2026-04-17 13:54:40,189 - AI_Optimization - INFO - 内存优化完成
2026-04-17 13:54:40,189 - AI_Optimization - INFO - 开始清理临时文件
2026-04-17 13:54:40,190 - AI_Optimization - INFO - 从 /tmp 清理了 0 个临时文件
2026-04-17 13:54:40,192 - AI_Optimization - INFO - 从 /var/tmp 清理了 0 个临时文件
2026-04-17 13:54:40,375 - AI_Optimization - WARNING - 服务器资源使用率过高: CPU=32.6%, Memory=90.1%
2026-04-17 13:54:40,375 - AI_Optimization - WARNING - 触发紧急优化程序
2026-04-17 13:54:40,375 - AI_Optimization - INFO - 开始优化内存
2026-04-17 13:54:40,387 - AI_Optimization - INFO - 内存优化完成
2026-04-17 13:54:40,388 - AI_Optimization - INFO - 开始清理临时文件
2026-04-17 13:54:40,388 - AI_Optimization - INFO - 从 /tmp 清理了 0 个临时文件
2026-04-17 13:54:40,389 - AI_Optimization - INFO - 从 /var/tmp 清理了 0 个临时文件
2026-04-17 13:54:43,541 - werkzeug - INFO - 127.0.0.1 - - [17/Apr/2026 13:54:43] "GET / HTTP/1.1" 200 -
2026-04-17 13:54:53,571 - werkzeug - INFO - 127.0.0.1 - - [17/Apr/2026 13:54:53] "GET / HTTP/1.1" 200 -
2026-04-17 13:55:01,165 - werkzeug - INFO - 127.0.0.1 - - [17/Apr/2026 13:55:01] "GET / HTTP/1.1" 200 -
2026-04-17 13:55:03,605 - werkzeug - INFO - 127.0.0.1 - - [17/Apr/2026 13:55:03] "GET / HTTP/1.1" 200 -
2026-04-17 13:55:08,623 - werkzeug - INFO - 127.0.0.1 - - [17/Apr/2026 13:55:08] "GET / HTTP/1.1" 200 -
2026-04-17 13:55:10,486 - AI_Optimization - INFO - 检测到内存使用率过高，开始自动优化
2026-04-17 13:55:10,487 - AI_Optimization - INFO - 开始优化内存
2026-04-17 13:55:10,510 - AI_Optimization - INFO - 内存优化完成
2026-04-17 13:55:10,510 - AI_Optimization - INFO - 开始清理临时文件
2026-04-17 13:55:10,511 - AI_Optimization - INFO - 从 /tmp 清理了 0 个临时文件
2026-04-17 13:55:10,513 - AI_Optimization - INFO - 从 /var/tmp 清理了 0 个临时文件
2026-04-17 13:55:10,706 - AI_Optimization - INFO - 检测到内存使用率过高，开始自动优化
2026-04-17 13:55:10,706 - AI_Optimization - INFO - 开始优化内存
2026-04-17 13:55:10,717 - AI_Optimization - INFO - 内存优化完成
2026-04-17 13:55:10,717 - AI_Optimization - INFO - 开始清理临时文件
2026-04-17 13:55:10,718 - AI_Optimization - INFO - 从 /tmp 清理了 0 个临时文件
2026-04-17 13:55:10,718 - AI_Optimization - INFO - 从 /var/tmp 清理了 0 个临时文件
2026-04-17 13:55:10,809 - AI_Optimization - WARNING - 内存使用率过高: 90.3%
2026-04-17 13:55:10,809 - AI_Optimization - WARNING - 网络使用量过高: 10535419904 bytes
2026-04-17 13:55:11,109 - AI_Optimization - WARNING - 内存使用率过高: 90.3%
2026-04-17 13:55:11,109 - AI_Optimization - WARNING - 网络使用量过高: 10535419904 bytes
2026-04-17 13:55:11,200 - AI_Optimization - WARNING - 服务器资源使用率过高: CPU=39.5%, Memory=90.3%
2026-04-17 13:55:11,200 - AI_Optimization - WARNING - 触发紧急优化程序
2026-04-17 13:55:11,200 - AI_Optimization - INFO - 开始优化内存
2026-04-17 13:55:11,210 - AI_Optimization - INFO - 内存优化完成
2026-04-17 13:55:11,210 - AI_Optimization - INFO - 开始清理临时文件
2026-04-17 13:55:11,211 - AI_Optimization - INFO - 从 /tmp 清理了 0 个临时文件
2026-04-17 13:55:11,211 - AI_Optimization - INFO - 从 /var/tmp 清理了 0 个临时文件
2026-04-17 13:55:11,404 - AI_Optimization - WARNING - 服务器资源使用率过高: CPU=40.7%, Memory=90.3%
2026-04-17 13:55:11,404 - AI_Optimization - WARNING - 触发紧急优化程序
2026-04-17 13:55:11,404 - AI_Optimization - INFO - 开始优化内存
2026-04-17 13:55:11,416 - AI_Optimization - INFO - 内存优化完成
2026-04-17 13:55:11,416 - AI_Optimization - INFO - 开始清理临时文件
2026-04-17 13:55:11,417 - AI_Optimization - INFO - 从 /tmp 清理了 0 个临时文件
2026-04-17 13:55:11,418 - AI_Optimization - INFO - 从 /var/tmp 清理了 0 个临时文件
2026-04-17 13:55:13,450 - AI_Optimization - INFO - 开始执行健康检查
2026-04-17 13:55:13,655 - werkzeug - INFO - 127.0.0.1 - - [17/Apr/2026 13:55:13] "GET / HTTP/1.1" 200 -
2026-04-17 13:55:13,688 - AI_Optimization - INFO - 开始执行健康检查
2026-04-17 13:55:14,456 - AI_Optimization - WARNING - 系统健康检查发现问题: ['memory: warning']
2026-04-17 13:55:14,690 - AI_Optimization - WARNING - 系统健康检查发现问题: ['memory: warning']
2026-04-17 13:55:16,051 - werkzeug - INFO - 127.0.0.1 - - [17/Apr/2026 13:55:16] "GET / HTTP/1.1" 200 -
2026-04-17 13:55:23,482 - werkzeug - INFO - 127.0.0.1 - - [17/Apr/2026 13:55:23] "GET / HTTP/1.1" 200 -
2026-04-17 13:55:23,689 - werkzeug - INFO - 127.0.0.1 - - [17/Apr/2026 13:55:23] "GET / HTTP/1.1" 200 -
2026-04-17 13:55:33,731 - werkzeug - INFO - 127.0.0.1 - - [17/Apr/2026 13:55:33] "GET / HTTP/1.1" 200 -
2026-04-17 13:55:41,834 - AI_Optimization - WARNING - 内存使用率过高: 90.2%
2026-04-17 13:55:41,834 - AI_Optimization - WARNING - 网络使用量过高: 10550307840 bytes
2026-04-17 13:55:42,130 - AI_Optimization - WARNING - 内存使用率过高: 90.2%
2026-04-17 13:55:42,130 - AI_Optimization - WARNING - 网络使用量过高: 10550308864 bytes
2026-04-17 13:55:42,232 - AI_Optimization - WARNING - 服务器资源使用率过高: CPU=31.8%, Memory=90.2%
2026-04-17 13:55:42,233 - AI_Optimization - WARNING - 触发紧急优化程序
2026-04-17 13:55:42,233 - AI_Optimization - INFO - 开始优化内存
2026-04-17 13:55:42,244 - AI_Optimization - INFO - 内存优化完成
2026-04-17 13:55:42,244 - AI_Optimization - INFO - 开始清理临时文件
2026-04-17 13:55:42,245 - AI_Optimization - INFO - 从 /tmp 清理了 0 个临时文件
2026-04-17 13:55:42,247 - AI_Optimization - INFO - 从 /var/tmp 清理了 0 个临时文件
2026-04-17 13:55:42,437 - AI_Optimization - WARNING - 服务器资源使用率过高: CPU=30.5%, Memory=90.2%
2026-04-17 13:55:42,437 - AI_Optimization - WARNING - 触发紧急优化程序
2026-04-17 13:55:42,437 - AI_Optimization - INFO - 开始优化内存
2026-04-17 13:55:42,450 - AI_Optimization - INFO - 内存优化完成
2026-04-17 13:55:42,451 - AI_Optimization - INFO - 开始清理临时文件
2026-04-17 13:55:42,451 - AI_Optimization - INFO - 从 /tmp 清理了 0 个临时文件
2026-04-17 13:55:42,452 - AI_Optimization - INFO - 从 /var/tmp 清理了 0 个临时文件
2026-04-17 13:55:43,779 - werkzeug - INFO - 127.0.0.1 - - [17/Apr/2026 13:55:43] "GET / HTTP/1.1" 200 -
2026-04-17 13:55:53,821 - werkzeug - INFO - 127.0.0.1 - - [17/Apr/2026 13:55:53] "GET / HTTP/1.1" 200 -
2026-04-17 13:56:01,025 - werkzeug - INFO - 127.0.0.1 - - [17/Apr/2026 13:56:01] "GET / HTTP/1.1" 200 -
2026-04-17 13:56:03,871 - werkzeug - INFO - 127.0.0.1 - - [17/Apr/2026 13:56:03] "GET / HTTP/1.1" 200 -
2026-04-17 13:56:08,459 - werkzeug - INFO - 127.0.0.1 - - [17/Apr/2026 13:56:08] "GET / HTTP/1.1" 200 -
2026-04-17 13:56:12,851 - AI_Optimization - WARNING - 内存使用率过高: 90.3%
2026-04-17 13:56:12,851 - AI_Optimization - WARNING - 网络使用量过高: 10571107328 bytes
2026-04-17 13:56:13,152 - AI_Optimization - WARNING - 内存使用率过高: 90.3%
2026-04-17 13:56:13,152 - AI_Optimization - WARNING - 网络使用量过高: 10571108352 bytes
2026-04-17 13:56:13,266 - AI_Optimization - WARNING - 服务器资源使用率过高: CPU=43.9%, Memory=90.3%
2026-04-17 13:56:13,266 - AI_Optimization - WARNING - 触发紧急优化程序
2026-04-17 13:56:13,266 - AI_Optimization - INFO - 开始优化内存
2026-04-17 13:56:13,274 - AI_Optimization - INFO - 内存优化完成
2026-04-17 13:56:13,274 - AI_Optimization - INFO - 开始清理临时文件
2026-04-17 13:56:13,274 - AI_Optimization - INFO - 从 /tmp 清理了 0 个临时文件
2026-04-17 13:56:13,276 - AI_Optimization - INFO - 从 /var/tmp 清理了 0 个临时文件
2026-04-17 13:56:13,464 - AI_Optimization - WARNING - 服务器资源使用率过高: CPU=40.2%, Memory=90.3%
2026-04-17 13:56:13,464 - AI_Optimization - WARNING - 触发紧急优化程序
2026-04-17 13:56:13,464 - AI_Optimization - INFO - 开始优化内存
2026-04-17 13:56:13,477 - AI_Optimization - INFO - 内存优化完成
2026-04-17 13:56:13,477 - AI_Optimization - INFO - 开始清理临时文件
2026-04-17 13:56:13,478 - AI_Optimization - INFO - 从 /tmp 清理了 0 个临时文件
2026-04-17 13:56:13,479 - AI_Optimization - INFO - 从 /var/tmp 清理了 0 个临时文件
2026-04-17 13:56:13,916 - werkzeug - INFO - 127.0.0.1 - - [17/Apr/2026 13:56:13] "GET / HTTP/1.1" 200 -
2026-04-17 13:56:15,900 - werkzeug - INFO - 127.0.0.1 - - [17/Apr/2026 13:56:15] "GET / HTTP/1.1" 200 -
2026-04-17 13:56:23,384 - werkzeug - INFO - 127.0.0.1 - - [17/Apr/2026 13:56:23] "GET / HTTP/1.1" 200 -
2026-04-17 13:56:23,945 - werkzeug - INFO - 127.0.0.1 - - [17/Apr/2026 13:56:23] "GET / HTTP/1.1" 200 -
2026-04-17 13:56:33,978 - werkzeug - INFO - 127.0.0.1 - - [17/Apr/2026 13:56:33] "GET / HTTP/1.1" 200 -
2026-04-17 13:56:43,874 - AI_Optimization - WARNING - 内存使用率过高: 90.3%
2026-04-17 13:56:43,874 - AI_Optimization - WARNING - 网络使用量过高: 10580233216 bytes
2026-04-17 13:56:44,020 - werkzeug - INFO - 127.0.0.1 - - [17/Apr/2026 13:56:44] "GET / HTTP/1.1" 200 -
2026-04-17 13:56:44,166 - AI_Optimization - WARNING - 内存使用率过高: 90.3%
2026-04-17 13:56:44,166 - AI_Optimization - WARNING - 网络使用量过高: 10580263936 bytes
2026-04-17 13:56:44,288 - AI_Optimization - WARNING - 服务器资源使用率过高: CPU=33.1%, Memory=90.3%
2026-04-17 13:56:44,288 - AI_Optimization - WARNING - 触发紧急优化程序
2026-04-17 13:56:44,288 - AI_Optimization - INFO - 开始优化内存
2026-04-17 13:56:44,297 - AI_Optimization - INFO - 内存优化完成
2026-04-17 13:56:44,297 - AI_Optimization - INFO - 开始清理临时文件
2026-04-17 13:56:44,298 - AI_Optimization - INFO - 从 /tmp 清理了 0 个临时文件
2026-04-17 13:56:44,299 - AI_Optimization - INFO - 从 /var/tmp 清理了 0 个临时文件
2026-04-17 13:56:44,499 - AI_Optimization - WARNING - 服务器资源使用率过高: CPU=33.2%, Memory=90.3%
2026-04-17 13:56:44,499 - AI_Optimization - WARNING - 触发紧急优化程序
2026-04-17 13:56:44,499 - AI_Optimization - INFO - 开始优化内存
2026-04-17 13:56:44,512 - AI_Optimization - INFO - 内存优化完成
2026-04-17 13:56:44,513 - AI_Optimization - INFO - 开始清理临时文件
2026-04-17 13:56:44,513 - AI_Optimization - INFO - 从 /tmp 清理了 0 个临时文件
2026-04-17 13:56:44,514 - AI_Optimization - INFO - 从 /var/tmp 清理了 0 个临时文件
2026-04-17 13:56:54,069 - werkzeug - INFO - 127.0.0.1 - - [17/Apr/2026 13:56:54] "GET / HTTP/1.1" 200 -
2026-04-17 13:57:00,803 - werkzeug - INFO - 127.0.0.1 - - [17/Apr/2026 13:57:00] "GET / HTTP/1.1" 200 -
2026-04-17 13:57:04,110 - werkzeug - INFO - 127.0.0.1 - - [17/Apr/2026 13:57:04] "GET / HTTP/1.1" 200 -
2026-04-17 13:57:08,274 - werkzeug - INFO - 127.0.0.1 - - [17/Apr/2026 13:57:08] "GET / HTTP/1.1" 200 -
2026-04-17 13:57:14,154 - werkzeug - INFO - 127.0.0.1 - - [17/Apr/2026 13:57:14] "GET / HTTP/1.1" 200 -
2026-04-17 13:57:14,892 - AI_Optimization - WARNING - 内存使用率过高: 90.4%
2026-04-17 13:57:14,892 - AI_Optimization - WARNING - 网络使用量过高: 10593507328 bytes
2026-04-17 13:57:15,181 - AI_Optimization - WARNING - 内存使用率过高: 90.4%
2026-04-17 13:57:15,181 - AI_Optimization - WARNING - 网络使用量过高: 10593507328 bytes
2026-04-17 13:57:15,318 - AI_Optimization - WARNING - 服务器资源使用率过高: CPU=30.6%, Memory=90.4%
2026-04-17 13:57:15,318 - AI_Optimization - WARNING - 触发紧急优化程序
2026-04-17 13:57:15,318 - AI_Optimization - INFO - 开始优化内存
2026-04-17 13:57:15,332 - AI_Optimization - INFO - 内存优化完成
2026-04-17 13:57:15,332 - AI_Optimization - INFO - 开始清理临时文件
2026-04-17 13:57:15,333 - AI_Optimization - INFO - 从 /tmp 清理了 0 个临时文件
2026-04-17 13:57:15,334 - AI_Optimization - INFO - 从 /var/tmp 清理了 0 个临时文件
2026-04-17 13:57:15,527 - AI_Optimization - WARNING - 服务器资源使用率过高: CPU=32.0%, Memory=90.4%
2026-04-17 13:57:15,527 - AI_Optimization - WARNING - 触发紧急优化程序
2026-04-17 13:57:15,528 - AI_Optimization - INFO - 开始优化内存
2026-04-17 13:57:15,539 - AI_Optimization - INFO - 内存优化完成
2026-04-17 13:57:15,539 - AI_Optimization - INFO - 开始清理临时文件
2026-04-17 13:57:15,540 - AI_Optimization - INFO - 从 /tmp 清理了 0 个临时文件
2026-04-17 13:57:15,541 - AI_Optimization - INFO - 从 /var/tmp 清理了 0 个临时文件
2026-04-17 13:57:15,780 - werkzeug - INFO - 127.0.0.1 - - [17/Apr/2026 13:57:15] "GET / HTTP/1.1" 200 -
2026-04-17 13:57:23,277 - werkzeug - INFO - 127.0.0.1 - - [17/Apr/2026 13:57:23] "GET / HTTP/1.1" 200 -
2026-04-17 13:57:24,203 - werkzeug - INFO - 127.0.0.1 - - [17/Apr/2026 13:57:24] "GET / HTTP/1.1" 200 -
2026-04-17 13:57:34,253 - werkzeug - INFO - 127.0.0.1 - - [17/Apr/2026 13:57:34] "GET / HTTP/1.1" 200 -
2026-04-17 13:57:44,307 - werkzeug - INFO - 127.0.0.1 - - [17/Apr/2026 13:57:44] "GET / HTTP/1.1" 200 -
2026-04-17 13:57:45,904 - AI_Optimization - WARNING - 内存使用率过高: 90.9%
2026-04-17 13:57:45,904 - AI_Optimization - WARNING - 网络使用量过高: 10603501568 bytes
2026-04-17 13:57:46,197 - AI_Optimization - WARNING - 内存使用率过高: 90.9%
2026-04-17 13:57:46,197 - AI_Optimization - WARNING - 网络使用量过高: 10603513856 bytes
2026-04-17 13:57:46,348 - AI_Optimization - WARNING - 服务器资源使用率过高: CPU=26.1%, Memory=90.9%
2026-04-17 13:57:46,348 - AI_Optimization - WARNING - 触发紧急优化程序
2026-04-17 13:57:46,348 - AI_Optimization - INFO - 开始优化内存
2026-04-17 13:57:46,363 - AI_Optimization - INFO - 内存优化完成
2026-04-17 13:57:46,363 - AI_Optimization - INFO - 开始清理临时文件
2026-04-17 13:57:46,364 - AI_Optimization - INFO - 从 /tmp 清理了 0 个临时文件
2026-04-17 13:57:46,367 - AI_Optimization - INFO - 从 /var/tmp 清理了 0 个临时文件
2026-04-17 13:57:46,551 - AI_Optimization - WARNING - 服务器资源使用率过高: CPU=26.3%, Memory=90.9%
2026-04-17 13:57:46,556 - AI_Optimization - WARNING - 触发紧急优化程序
2026-04-17 13:57:46,556 - AI_Optimization - INFO - 开始优化内存
2026-04-17 13:57:46,567 - AI_Optimization - INFO - 内存优化完成
2026-04-17 13:57:46,567 - AI_Optimization - INFO - 开始清理临时文件
2026-04-17 13:57:46,568 - AI_Optimization - INFO - 从 /tmp 清理了 0 个临时文件
2026-04-17 13:57:46,568 - AI_Optimization - INFO - 从 /var/tmp 清理了 0 个临时文件
2026-04-17 13:57:54,356 - werkzeug - INFO - 127.0.0.1 - - [17/Apr/2026 13:57:54] "GET / HTTP/1.1" 200 -
2026-04-17 13:58:00,919 - werkzeug - INFO - 127.0.0.1 - - [17/Apr/2026 13:58:00] "GET / HTTP/1.1" 200 -
2026-04-17 13:58:04,392 - werkzeug - INFO - 127.0.0.1 - - [17/Apr/2026 13:58:04] "GET / HTTP/1.1" 200 -
2026-04-17 13:58:08,382 - werkzeug - INFO - 127.0.0.1 - - [17/Apr/2026 13:58:08] "GET / HTTP/1.1" 200 -
2026-04-17 13:58:14,421 - werkzeug - INFO - 127.0.0.1 - - [17/Apr/2026 13:58:14] "GET / HTTP/1.1" 200 -
2026-04-17 13:58:15,800 - werkzeug - INFO - 127.0.0.1 - - [17/Apr/2026 13:58:15] "GET / HTTP/1.1" 200 -
2026-04-17 13:58:16,925 - AI_Optimization - WARNING - 网络使用量过高: 10604190720 bytes
2026-04-17 13:58:17,208 - AI_Optimization - WARNING - 网络使用量过高: 10604190720 bytes
2026-04-17 13:58:17,377 - AI_Optimization - WARNING - 服务器资源使用率过高: CPU=15.9%, Memory=90.0%
2026-04-17 13:58:17,377 - AI_Optimization - WARNING - 触发紧急优化程序
2026-04-17 13:58:17,377 - AI_Optimization - INFO - 开始优化内存
2026-04-17 13:58:17,389 - AI_Optimization - INFO - 内存优化完成
2026-04-17 13:58:17,389 - AI_Optimization - INFO - 开始清理临时文件
2026-04-17 13:58:17,389 - AI_Optimization - INFO - 从 /tmp 清理了 0 个临时文件
2026-04-17 13:58:17,391 - AI_Optimization - INFO - 从 /var/tmp 清理了 0 个临时文件
2026-04-17 13:58:17,580 - AI_Optimization - WARNING - 服务器资源使用率过高: CPU=17.4%, Memory=90.0%
2026-04-17 13:58:17,580 - AI_Optimization - WARNING - 触发紧急优化程序
2026-04-17 13:58:17,580 - AI_Optimization - INFO - 开始优化内存
2026-04-17 13:58:17,601 - AI_Optimization - INFO - 内存优化完成
2026-04-17 13:58:17,601 - AI_Optimization - INFO - 开始清理临时文件
2026-04-17 13:58:17,602 - AI_Optimization - INFO - 从 /tmp 清理了 0 个临时文件
2026-04-17 13:58:17,603 - AI_Optimization - INFO - 从 /var/tmp 清理了 0 个临时文件
2026-04-17 13:58:23,254 - werkzeug - INFO - 127.0.0.1 - - [17/Apr/2026 13:58:23] "GET / HTTP/1.1" 200 -
2026-04-17 13:58:24,453 - werkzeug - INFO - 127.0.0.1 - - [17/Apr/2026 13:58:24] "GET / HTTP/1.1" 200 -
/usr/local/Cellar/python@3.14/3.14.2/Frameworks/Python.framework/Versions/3.14/lib/python3.14/multiprocessing/resource_tracker.py:396: UserWarning: resource_tracker: There appear to be 1 leaked semaphore objects to clean up at shutdown: {'/mp-4_svsbi6'}
  warnings.warn(
/usr/local/Cellar/python@3.14/3.14.2/Frameworks/Python.framework/Versions/3.14/lib/python3.14/multiprocessing/resource_tracker.py:396: UserWarning: resource_tracker: There appear to be 1 leaked semaphore objects to clean up at shutdown: {'/mp-47m5dxyy'}
  warnings.warn(
2026-04-20 09:27:17,651 - AI_Optimization - INFO - 日志系统初始化成功
2026-04-20 09:27:17,672 - AI_Optimization - INFO - 成功连接到 sqlite 数据库
2026-04-20 09:27:17,673 - AI_Optimization - INFO - 数据库表结构初始化成功
2026-04-20 09:27:17,673 - AI_Optimization - INFO - 数据库管理器初始化成功
2026-04-20 09:27:17,673 - AI_Optimization - INFO - 系统监控线程启动成功
2026-04-20 09:27:17,673 - AI_Optimization - INFO - 模型优化线程启动成功
2026-04-20 09:27:17,673 - AI_Optimization - INFO - AI优化器初始化成功
2026-04-20 09:27:17,674 - AI_Optimization - INFO - 检测到内存使用率过高，开始自动优化
2026-04-20 09:27:17,674 - AI_Optimization - INFO - 开始优化内存
2026-04-20 09:27:17,674 - AI_Optimization - INFO - 系统自动优化线程启动成功
2026-04-20 09:27:17,679 - AI_Optimization - INFO - 内存优化完成
2026-04-20 09:27:17,679 - AI_Optimization - INFO - 开始清理临时文件
2026-04-20 09:27:17,679 - AI_Optimization - INFO - 服务器监控线程启动成功
2026-04-20 09:27:17,679 - AI_Optimization - INFO - 系统自动优化器初始化成功
2026-04-20 09:27:17,679 - AI_Optimization - INFO - 从 /tmp 清理了 0 个临时文件
2026-04-20 09:27:17,680 - AI_Optimization - INFO - 开始执行自动备份
2026-04-20 09:27:17,680 - AI_Optimization - INFO - 开始执行备份
2026-04-20 09:27:17,680 - AI_Optimization - INFO - 开始执行日志轮转
2026-04-20 09:27:17,680 - AI_Optimization - INFO - 开始执行健康检查
2026-04-20 09:27:17,680 - AI_Optimization - INFO - 开始执行依赖检查
2026-04-20 09:27:17,680 - AI_Optimization - INFO - 维护线程启动成功
2026-04-20 09:27:17,680 - AI_Optimization - INFO - 系统维护服务初始化成功
2026-04-20 09:27:17,683 - AI_Optimization - INFO - 依赖检查完成: 7 个依赖
2026-04-20 09:27:17,685 - AI_Optimization - INFO - HTML模板创建成功
2026-04-20 09:27:17,685 - AI_Optimization - INFO - Web服务器启动在 http://0.0.0.0:8888
2026-04-20 09:27:17,685 - AI_Optimization - INFO - 访问地址: http://localhost:8888
配置保存到文件 backups/config_20260420_092717.json 成功
 * Serving Flask app 'app'
 * Debug mode: on
2026-04-20 09:27:17,691 - AI_Optimization - INFO - 从 /var/tmp 清理了 0 个临时文件
2026-04-20 09:27:17,709 - AI_Optimization - INFO - 备份完成: 3 个项目备份成功
2026-04-20 09:27:17,736 - werkzeug - INFO - [31m[1mWARNING: This is a development server. Do not use it in a production deployment. Use a production WSGI server instead.[0m
 * Running on all addresses (0.0.0.0)
 * Running on http://127.0.0.1:8888
 * Running on http://192.168.11.148:8888
2026-04-20 09:27:17,736 - werkzeug - INFO - [33mPress CTRL+C to quit[0m
2026-04-20 09:27:17,737 - werkzeug - INFO -  * Restarting with stat
2026-04-20 09:27:17,868 - AI_Optimization - INFO - 日志系统初始化成功
2026-04-20 09:27:17,877 - AI_Optimization - INFO - 成功连接到 sqlite 数据库
2026-04-20 09:27:17,878 - AI_Optimization - INFO - 数据库表结构初始化成功
2026-04-20 09:27:17,878 - AI_Optimization - INFO - 数据库管理器初始化成功
2026-04-20 09:27:17,878 - AI_Optimization - INFO - 系统监控线程启动成功
2026-04-20 09:27:17,878 - AI_Optimization - INFO - 模型优化线程启动成功
2026-04-20 09:27:17,878 - AI_Optimization - INFO - AI优化器初始化成功
2026-04-20 09:27:17,879 - AI_Optimization - INFO - 检测到内存使用率过高，开始自动优化
2026-04-20 09:27:17,879 - AI_Optimization - INFO - 开始优化内存
2026-04-20 09:27:17,883 - AI_Optimization - INFO - 内存优化完成
2026-04-20 09:27:17,883 - AI_Optimization - INFO - 开始清理临时文件
2026-04-20 09:27:17,879 - AI_Optimization - INFO - 系统自动优化线程启动成功
2026-04-20 09:27:17,883 - AI_Optimization - INFO - 服务器监控线程启动成功
2026-04-20 09:27:17,883 - AI_Optimization - INFO - 系统自动优化器初始化成功
2026-04-20 09:27:17,883 - AI_Optimization - INFO - 开始执行自动备份
2026-04-20 09:27:17,883 - AI_Optimization - INFO - 开始执行备份
2026-04-20 09:27:17,883 - AI_Optimization - INFO - 开始执行日志轮转
2026-04-20 09:27:17,884 - AI_Optimization - INFO - 开始执行健康检查
2026-04-20 09:27:17,884 - AI_Optimization - INFO - 从 /tmp 清理了 0 个临时文件
2026-04-20 09:27:17,884 - AI_Optimization - INFO - 开始执行依赖检查
2026-04-20 09:27:17,884 - AI_Optimization - INFO - 维护线程启动成功
2026-04-20 09:27:17,884 - AI_Optimization - INFO - 系统维护服务初始化成功
2026-04-20 09:27:17,884 - AI_Optimization - INFO - 依赖检查完成: 7 个依赖
2026-04-20 09:27:17,887 - AI_Optimization - INFO - HTML模板创建成功
2026-04-20 09:27:17,887 - AI_Optimization - INFO - Web服务器启动在 http://0.0.0.0:8888
2026-04-20 09:27:17,887 - AI_Optimization - INFO - 访问地址: http://localhost:8888
2026-04-20 09:27:17,891 - AI_Optimization - INFO - 从 /var/tmp 清理了 0 个临时文件
2026-04-20 09:27:17,913 - werkzeug - WARNING -  * Debugger is active!
2026-04-20 09:27:17,918 - AI_Optimization - INFO - 备份完成: 3 个项目备份成功
2026-04-20 09:27:17,944 - werkzeug - INFO -  * Debugger PIN: 159-683-998
2026-04-20 09:27:18,679 - AI_Optimization - WARNING - 服务器资源使用率过高: CPU=53.2%, Memory=91.1%
2026-04-20 09:27:18,679 - AI_Optimization - WARNING - 触发紧急优化程序
2026-04-20 09:27:18,680 - AI_Optimization - INFO - 开始优化内存
2026-04-20 09:27:18,679 - AI_Optimization - WARNING - 内存使用率过高: 91.1%
2026-04-20 09:27:18,688 - AI_Optimization - INFO - 内存优化完成
2026-04-20 09:27:18,688 - AI_Optimization - INFO - 开始清理临时文件
2026-04-20 09:27:18,688 - AI_Optimization - WARNING - 网络使用量过高: 3908316160 bytes
2026-04-20 09:27:18,688 - AI_Optimization - WARNING - 系统健康检查发现问题: ['memory: warning']
2026-04-20 09:27:18,688 - AI_Optimization - INFO - 从 /tmp 清理了 0 个临时文件
2026-04-20 09:27:18,689 - AI_Optimization - INFO - 从 /var/tmp 清理了 0 个临时文件
2026-04-20 09:27:18,886 - AI_Optimization - WARNING - 内存使用率过高: 91.1%
2026-04-20 09:27:18,886 - AI_Optimization - WARNING - 网络使用量过高: 3911639040 bytes
2026-04-20 09:27:18,886 - AI_Optimization - WARNING - 系统健康检查发现问题: ['memory: warning']
2026-04-20 09:27:18,887 - AI_Optimization - WARNING - 服务器资源使用率过高: CPU=53.2%, Memory=91.1%
2026-04-20 09:27:18,887 - AI_Optimization - WARNING - 触发紧急优化程序
2026-04-20 09:27:18,887 - AI_Optimization - INFO - 开始优化内存
2026-04-20 09:27:18,897 - AI_Optimization - INFO - 内存优化完成
2026-04-20 09:27:18,898 - AI_Optimization - INFO - 开始清理临时文件
2026-04-20 09:27:18,898 - AI_Optimization - INFO - 从 /tmp 清理了 0 个临时文件
2026-04-20 09:27:18,898 - AI_Optimization - INFO - 从 /var/tmp 清理了 0 个临时文件
2026-04-20 09:27:24,515 - werkzeug - INFO - 127.0.0.1 - - [20/Apr/2026 09:27:24] "GET / HTTP/1.1" 200 -
2026-04-20 09:27:26,479 - werkzeug - INFO - 127.0.0.1 - - [20/Apr/2026 09:27:26] "GET / HTTP/1.1" 200 -
配置保存到文件 backups/config_20260420_092717.json 成功
